Archive member included to satisfy reference by file (symbol)

C:/ST/STM32CubeIDE_1.14.1/STM32CubeIDE/plugins/com.st.stm32cube.ide.mcu.externaltools.gnu-tools-for-stm32.11.3.rel1.win32_1.1.100.202309141235/tools/bin/../lib/gcc/arm-none-eabi/11.3.1/../../../../arm-none-eabi/lib/thumb/v7e-m+fp/hard\libc_nano.a(libc_a-assert.o)
                              ./Core/Src/mongoose.o (__assert_func)
C:/ST/STM32CubeIDE_1.14.1/STM32CubeIDE/plugins/com.st.stm32cube.ide.mcu.externaltools.gnu-tools-for-stm32.11.3.rel1.win32_1.1.100.202309141235/tools/bin/../lib/gcc/arm-none-eabi/11.3.1/../../../../arm-none-eabi/lib/thumb/v7e-m+fp/hard\libc_nano.a(libc_a-atoi.o)
                              ./Core/Src/mongoose.o (atoi)
C:/ST/STM32CubeIDE_1.14.1/STM32CubeIDE/plugins/com.st.stm32cube.ide.mcu.externaltools.gnu-tools-for-stm32.11.3.rel1.win32_1.1.100.202309141235/tools/bin/../lib/gcc/arm-none-eabi/11.3.1/../../../../arm-none-eabi/lib/thumb/v7e-m+fp/hard\libc_nano.a(libc_a-calloc.o)
                              ./Core/Src/mongoose.o (calloc)
C:/ST/STM32CubeIDE_1.14.1/STM32CubeIDE/plugins/com.st.stm32cube.ide.mcu.externaltools.gnu-tools-for-stm32.11.3.rel1.win32_1.1.100.202309141235/tools/bin/../lib/gcc/arm-none-eabi/11.3.1/../../../../arm-none-eabi/lib/thumb/v7e-m+fp/hard\libc_nano.a(libc_a-callocr.o)
                              C:/ST/STM32CubeIDE_1.14.1/STM32CubeIDE/plugins/com.st.stm32cube.ide.mcu.externaltools.gnu-tools-for-stm32.11.3.rel1.win32_1.1.100.202309141235/tools/bin/../lib/gcc/arm-none-eabi/11.3.1/../../../../arm-none-eabi/lib/thumb/v7e-m+fp/hard\libc_nano.a(libc_a-calloc.o) (_calloc_r)
C:/ST/STM32CubeIDE_1.14.1/STM32CubeIDE/plugins/com.st.stm32cube.ide.mcu.externaltools.gnu-tools-for-stm32.11.3.rel1.win32_1.1.100.202309141235/tools/bin/../lib/gcc/arm-none-eabi/11.3.1/../../../../arm-none-eabi/lib/thumb/v7e-m+fp/hard\libc_nano.a(libc_a-exit.o)
                              C:/ST/STM32CubeIDE_1.14.1/STM32CubeIDE/plugins/com.st.stm32cube.ide.mcu.externaltools.gnu-tools-for-stm32.11.3.rel1.win32_1.1.100.202309141235/tools/bin/../lib/gcc/arm-none-eabi/11.3.1/../../../../arm-none-eabi/lib/thumb/v7e-m+fp/hard/crt0.o (exit)
C:/ST/STM32CubeIDE_1.14.1/STM32CubeIDE/plugins/com.st.stm32cube.ide.mcu.externaltools.gnu-tools-for-stm32.11.3.rel1.win32_1.1.100.202309141235/tools/bin/../lib/gcc/arm-none-eabi/11.3.1/../../../../arm-none-eabi/lib/thumb/v7e-m+fp/hard\libc_nano.a(libc_a-malloc.o)
                              ./Core/Src/mongoose.o (free)
C:/ST/STM32CubeIDE_1.14.1/STM32CubeIDE/plugins/com.st.stm32cube.ide.mcu.externaltools.gnu-tools-for-stm32.11.3.rel1.win32_1.1.100.202309141235/tools/bin/../lib/gcc/arm-none-eabi/11.3.1/../../../../arm-none-eabi/lib/thumb/v7e-m+fp/hard\libc_nano.a(libc_a-mallocr.o)
                              C:/ST/STM32CubeIDE_1.14.1/STM32CubeIDE/plugins/com.st.stm32cube.ide.mcu.externaltools.gnu-tools-for-stm32.11.3.rel1.win32_1.1.100.202309141235/tools/bin/../lib/gcc/arm-none-eabi/11.3.1/../../../../arm-none-eabi/lib/thumb/v7e-m+fp/hard\libc_nano.a(libc_a-callocr.o) (_malloc_r)
C:/ST/STM32CubeIDE_1.14.1/STM32CubeIDE/plugins/com.st.stm32cube.ide.mcu.externaltools.gnu-tools-for-stm32.11.3.rel1.win32_1.1.100.202309141235/tools/bin/../lib/gcc/arm-none-eabi/11.3.1/../../../../arm-none-eabi/lib/thumb/v7e-m+fp/hard\libc_nano.a(libc_a-mlock.o)
                              C:/ST/STM32CubeIDE_1.14.1/STM32CubeIDE/plugins/com.st.stm32cube.ide.mcu.externaltools.gnu-tools-for-stm32.11.3.rel1.win32_1.1.100.202309141235/tools/bin/../lib/gcc/arm-none-eabi/11.3.1/../../../../arm-none-eabi/lib/thumb/v7e-m+fp/hard\libc_nano.a(libc_a-mallocr.o) (__malloc_lock)
C:/ST/STM32CubeIDE_1.14.1/STM32CubeIDE/plugins/com.st.stm32cube.ide.mcu.externaltools.gnu-tools-for-stm32.11.3.rel1.win32_1.1.100.202309141235/tools/bin/../lib/gcc/arm-none-eabi/11.3.1/../../../../arm-none-eabi/lib/thumb/v7e-m+fp/hard\libc_nano.a(libc_a-rand.o)
                              ./Core/Src/mongoose.o (srand)
C:/ST/STM32CubeIDE_1.14.1/STM32CubeIDE/plugins/com.st.stm32cube.ide.mcu.externaltools.gnu-tools-for-stm32.11.3.rel1.win32_1.1.100.202309141235/tools/bin/../lib/gcc/arm-none-eabi/11.3.1/../../../../arm-none-eabi/lib/thumb/v7e-m+fp/hard\libc_nano.a(libc_a-strtol.o)
                              C:/ST/STM32CubeIDE_1.14.1/STM32CubeIDE/plugins/com.st.stm32cube.ide.mcu.externaltools.gnu-tools-for-stm32.11.3.rel1.win32_1.1.100.202309141235/tools/bin/../lib/gcc/arm-none-eabi/11.3.1/../../../../arm-none-eabi/lib/thumb/v7e-m+fp/hard\libc_nano.a(libc_a-atoi.o) (_strtol_r)
C:/ST/STM32CubeIDE_1.14.1/STM32CubeIDE/plugins/com.st.stm32cube.ide.mcu.externaltools.gnu-tools-for-stm32.11.3.rel1.win32_1.1.100.202309141235/tools/bin/../lib/gcc/arm-none-eabi/11.3.1/../../../../arm-none-eabi/lib/thumb/v7e-m+fp/hard\libc_nano.a(libc_a-ctype_.o)
[...]
Memory Configuration

Name             Origin             Length             Attributes
RAM              0x0000000020000000 0x0000000000050000 xrw
FLASH            0x0000000008000000 0x0000000000100000 xr
*default*        0x0000000000000000 0xffffffffffffffff

Linker script and memory map

LOAD C:/ST/STM32CubeIDE_1.14.1/STM32CubeIDE/plugins/com.st.stm32cube.ide.mcu.externaltools.gnu-tools-for-stm32.11.3.rel1.win32_1.1.100.202309141235/tools/bin/../lib/gcc/arm-none-eabi/11.3.1/thumb/v7e-m+fp/hard/crti.o
LOAD C:/ST/STM32CubeIDE_1.14.1/STM32CubeIDE/plugins/com.st.stm32cube.ide.mcu.externaltools.gnu-tools-for-stm32.11.3.rel1.win32_1.1.100.202309141235/tools/bin/../lib/gcc/arm-none-eabi/11.3.1/thumb/v7e-m+fp/hard/crtbegin.o
LOAD C:/ST/STM32CubeIDE_1.14.1/STM32CubeIDE/plugins/com.st.stm32cube.ide.mcu.externaltools.gnu-tools-for-stm32.11.3.rel1.win32_1.1.100.202309141235/tools/bin/../lib/gcc/arm-none-eabi/11.3.1/../../../../arm-none-eabi/lib/thumb/v7e-m+fp/hard/crt0.o
LOAD ./Core/Src/freertos.o
LOAD ./Core/Src/main.o
LOAD ./Core/Src/mongoose.o
LOAD ./Core/Src/packed_fs.o
LOAD ./Core/Src/stm32f7xx_hal_msp.o
LOAD ./Core/Src/stm32f7xx_hal_timebase_tim.o
LOAD ./Core/Src/stm32f7xx_it.o
LOAD ./Core/Src/syscalls.o
LOAD ./Core/Src/sysmem.o
LOAD ./Core/Src/system_stm32f7xx.o
LOAD ./Core/Startup/startup_stm32f746zgtx.o
LOAD ./Drivers/STM32F7xx_HAL_Driver/Src/stm32f7xx_hal.o
LOAD ./Drivers/STM32F7xx_HAL_Driver/Src/stm32f7xx_hal_cortex.o
LOAD ./Drivers/STM32F7xx_HAL_Driver/Src/stm32f7xx_hal_dma.o
LOAD ./Drivers/STM32F7xx_HAL_Driver/Src/stm32f7xx_hal_dma_ex.o
LOAD ./Drivers/STM32F7xx_HAL_Driver/Src/stm32f7xx_hal_eth.o
LOAD ./Drivers/STM32F7xx_HAL_Driver/Src/stm32f7xx_hal_exti.o
LOAD ./Drivers/STM32F7xx_HAL_Driver/Src/stm32f7xx_hal_flash.o
LOAD ./Drivers/STM32F7xx_HAL_Driver/Src/stm32f7xx_hal_flash_ex.o
LOAD ./Drivers/STM32F7xx_HAL_Driver/Src/stm32f7xx_hal_gpio.o
LOAD ./Drivers/STM32F7xx_HAL_Driver/Src/stm32f7xx_hal_i2c.o
LOAD ./Drivers/STM32F7xx_HAL_Driver/Src/stm32f7xx_hal_i2c_ex.o
LOAD ./Drivers/STM32F7xx_HAL_Driver/Src/stm32f7xx_hal_pwr.o
LOAD ./Drivers/STM32F7xx_HAL_Driver/Src/stm32f7xx_hal_pwr_ex.o
LOAD ./Drivers/STM32F7xx_HAL_Driver/Src/stm32f7xx_hal_rcc.o
LOAD ./Drivers/STM32F7xx_HAL_Driver/Src/stm32f7xx_hal_rcc_ex.o
LOAD ./Drivers/STM32F7xx_HAL_Driver/Src/stm32f7xx_hal_rng.o
LOAD ./Drivers/STM32F7xx_HAL_Driver/Src/stm32f7xx_hal_tim.o
LOAD ./Drivers/STM32F7xx_HAL_Driver/Src/stm32f7xx_hal_tim_ex.o
LOAD ./Drivers/STM32F7xx_HAL_Driver/Src/stm32f7xx_hal_uart.o
LOAD ./Drivers/STM32F7xx_HAL_Driver/Src/stm32f7xx_hal_uart_ex.o
LOAD ./Middlewares/Third_Party/FreeRTOS/Source/CMSIS_RTOS_V2/cmsis_os2.o
LOAD ./Middlewares/Third_Party/FreeRTOS/Source/croutine.o
LOAD ./Middlewares/Third_Party/FreeRTOS/Source/event_groups.o
LOAD ./Middlewares/Third_Party/FreeRTOS/Source/list.o
LOAD ./Middlewares/Third_Party/FreeRTOS/Source/queue.o
LOAD ./Middlewares/Third_Party/FreeRTOS/Source/stream_buffer.o
LOAD ./Middlewares/Third_Party/FreeRTOS/Source/tasks.o
LOAD ./Middlewares/Third_Party/FreeRTOS/Source/timers.o
LOAD ./Middlewares/Third_Party/FreeRTOS/Source/portable/GCC/ARM_CM7/r0p1/port.o
LOAD ./Middlewares/Third_Party/FreeRTOS/Source/portable/MemMang/heap_4.o
START GROUP
LOAD C:/ST/STM32CubeIDE_1.14.1/STM32CubeIDE/plugins/com.st.stm32cube.ide.mcu.externaltools.gnu-tools-for-stm32.11.3.rel1.win32_1.1.100.202309141235/tools/bin/../lib/gcc/arm-none-eabi/11.3.1/../../../../arm-none-eabi/lib/thumb/v7e-m+fp/hard\libc_nano.a
LOAD C:/ST/STM32CubeIDE_1.14.1/STM32CubeIDE/plugins/com.st.stm32cube.ide.mcu.externaltools.gnu-tools-for-stm32.11.3.rel1.win32_1.1.100.202309141235/tools/bin/../lib/gcc/arm-none-eabi/11.3.1/../../../../arm-none-eabi/lib/thumb/v7e-m+fp/hard\libm.a
END GROUP
START GROUP
LOAD C:/ST/STM32CubeIDE_1.14.1/STM32CubeIDE/plugins/com.st.stm32cube.ide.mcu.externaltools.gnu-tools-for-stm32.11.3.rel1.win32_1.1.100.202309141235/tools/bin/../lib/gcc/arm-none-eabi/11.3.1/thumb/v7e-m+fp/hard\libgcc.a
LOAD C:/ST/STM32CubeIDE_1.14.1/STM32CubeIDE/plugins/com.st.stm32cube.ide.mcu.externaltools.gnu-tools-for-stm32.11.3.rel1.win32_1.1.100.202309141235/tools/bin/../lib/gcc/arm-none-eabi/11.3.1/../../../../arm-none-eabi/lib/thumb/v7e-m+fp/hard\libc_nano.a
END GROUP
START GROUP
LOAD C:/ST/STM32CubeIDE_1.14.1/STM32CubeIDE/plugins/com.st.stm32cube.ide.mcu.externaltools.gnu-tools-for-stm32.11.3.rel1.win32_1.1.100.202309141235/tools/bin/../lib/gcc/arm-none-eabi/11.3.1/thumb/v7e-m+fp/hard\libgcc.a
LOAD C:/ST/STM32CubeIDE_1.14.1/STM32CubeIDE/plugins/com.st.stm32cube.ide.mcu.externaltools.gnu-tools-for-stm32.11.3.rel1.win32_1.1.100.202309141235/tools/bin/../lib/gcc/arm-none-eabi/11.3.1/../../../../arm-none-eabi/lib/thumb/v7e-m+fp/hard\libc_nano.a
LOAD C:/ST/STM32CubeIDE_1.14.1/STM32CubeIDE/plugins/com.st.stm32cube.ide.mcu.externaltools.gnu-tools-for-stm32.11.3.rel1.win32_1.1.100.202309141235/tools/bin/../lib/gcc/arm-none-eabi/11.3.1/../../../../arm-none-eabi/lib/thumb/v7e-m+fp/hard\libnosys.a
END GROUP
START GROUP
LOAD C:/ST/STM32CubeIDE_1.14.1/STM32CubeIDE/plugins/com.st.stm32cube.ide.mcu.externaltools.gnu-tools-for-stm32.11.3.rel1.win32_1.1.100.202309141235/tools/bin/../lib/gcc/arm-none-eabi/11.3.1/thumb/v7e-m+fp/hard\libgcc.a
LOAD C:/ST/STM32CubeIDE_1.14.1/STM32CubeIDE/plugins/com.st.stm32cube.ide.mcu.externaltools.gnu-tools-for-stm32.11.3.rel1.win32_1.1.100.202309141235/tools/bin/../lib/gcc/arm-none-eabi/11.3.1/../../../../arm-none-eabi/lib/thumb/v7e-m+fp/hard\libc_nano.a
LOAD C:/ST/STM32CubeIDE_1.14.1/STM32CubeIDE/plugins/com.st.stm32cube.ide.mcu.externaltools.gnu-tools-for-stm32.11.3.rel1.win32_1.1.100.202309141235/tools/bin/../lib/gcc/arm-none-eabi/11.3.1/../../../../arm-none-eabi/lib/thumb/v7e-m+fp/hard\libnosys.a
END GROUP
LOAD C:/ST/STM32CubeIDE_1.14.1/STM32CubeIDE/plugins/com.st.stm32cube.ide.mcu.externaltools.gnu-tools-for-stm32.11.3.rel1.win32_1.1.100.202309141235/tools/bin/../lib/gcc/arm-none-eabi/11.3.1/thumb/v7e-m+fp/hard/crtend.o
LOAD C:/ST/STM32CubeIDE_1.14.1/STM32CubeIDE/plugins/com.st.stm32cube.ide.mcu.externaltools.gnu-tools-for-stm32.11.3.rel1.win32_1.1.100.202309141235/tools/bin/../lib/gcc/arm-none-eabi/11.3.1/thumb/v7e-m+fp/hard/crtn.o
                0x0000000020050000                _estack = (ORIGIN (RAM) + LENGTH (RAM))
                0x0000000000000200                _Min_Heap_Size = 0x200
                0x0000000000000400                _Min_Stack_Size = 0x400

.isr_vector     0x0000000008000000      0x1c8
                0x0000000008000000                . = ALIGN (0x4)
 *(.isr_vector)
 .isr_vector    0x0000000008000000      0x1c8 ./Core/Startup/startup_stm32f746zgtx.o
                0x0000000008000000                g_pfnVectors
                0x00000000080001c8                . = ALIGN (0x4)

.text           0x00000000080001d0    0x12fd0
                0x00000000080001d0                . = ALIGN (0x4)
 *(.text)
 .text          0x00000000080001d0       0x40 C:/ST/STM32CubeIDE_1.14.1/STM32CubeIDE/plugins/com.st.stm32cube.ide.mcu.externaltools.gnu-tools-for-stm32.11.3.rel1.win32_1.1.100.202309141235/tools/bin/../lib/gcc/arm-none-eabi/11.3.1/thumb/v7e-m+fp/hard/crtbegin.o
 .text          0x0000000008000210       0x14 C:/ST/STM32CubeIDE_1.14.1/STM32CubeIDE/plugins/com.st.stm32cube.ide.mcu.externaltools.gnu-tools-for-stm32.11.3.rel1.win32_1.1.100.202309141235/tools/bin/../lib/gcc/arm-none-eabi/11.3.1/../../../../arm-none-eabi/lib/thumb/v7e-m+fp/hard\libc_nano.a(libc_a-strcmp.o)
                0x0000000008000210                strcmp
 *fill*         0x0000000008000224        0xc 
 .text          0x0000000008000230       0xa0 C:/ST/STM32CubeIDE_1.14.1/STM32CubeIDE/plugins/com.st.stm32cube.ide.mcu.externaltools.gnu-tools-for-stm32.11.3.rel1.win32_1.1.100.202309141235/tools/bin/../lib/gcc/arm-none-eabi/11.3.1/../../../../arm-none-eabi/lib/thumb/v7e-m+fp/hard\libc_nano.a(libc_a-memchr.o)
                0x0000000008000230                memchr
 .text          0x00000000080002d0       0x10 C:/ST/STM32CubeIDE_1.14.1/STM32CubeIDE/plugins/com.st.stm32cube.ide.mcu.externaltools.gnu-tools-for-stm32.11.3.rel1.win32_1.1.100.202309141235/tools/bin/../lib/gcc/arm-none-eabi/11.3.1/../../../../arm-none-eabi/lib/thumb/v7e-m+fp/hard\libc_nano.a(libc_a-strlen.o)
                0x00000000080002d0                strlen
 .text          0x00000000080002e0      0x378 C:/ST/STM32CubeIDE_1.14.1/STM32CubeIDE/plugins/com.st.stm32cube.ide.mcu.externaltools.gnu-tools-for-stm32.11.3.rel1.win32_1.1.100.202309141235/tools/bin/../lib/gcc/arm-none-eabi/11.3.1/thumb/v7e-m+fp/hard\libgcc.a(_arm_addsubdf3.o)
                0x00000000080002e0                __aeabi_drsub
                0x00000000080002e8                __aeabi_dsub
                0x00000000080002e8                __subdf3
                0x00000000080002ec                __aeabi_dadd
                0x00000000080002ec                __adddf3
                0x0000000008000564                __floatunsidf
                0x0000000008000564                __aeabi_ui2d
                0x0000000008000584                __floatsidf
                0x0000000008000584                __aeabi_i2d
                0x00000000080005a8                __aeabi_f2d
                0x00000000080005a8                __extendsfdf2
                0x00000000080005ec                __floatundidf
                0x00000000080005ec                __aeabi_ul2d
                0x00000000080005fc                __floatdidf
                0x00000000080005fc                __aeabi_l2d
 .text          0x0000000008000658      0x424 C:/ST/STM32CubeIDE_1.14.1/STM32CubeIDE/plugins/com.st.stm32cube.ide.mcu.externaltools.gnu-tools-for-stm32.11.3.rel1.win32_1.1.100.202309141235/tools/bin/../lib/gcc/arm-none-eabi/11.3.1/thumb/v7e-m+fp/hard\libgcc.a(_arm_muldivdf3.o)
                0x0000000008000658                __aeabi_dmul
                0x0000000008000658                __muldf3
                0x00000000080008ac                __divdf3
                0x00000000080008ac                __aeabi_ddiv
 .text          0x0000000008000a7c      0x110 C:/ST/STM32CubeIDE_1.14.1/STM32CubeIDE/plugins/com.st.stm32cube.ide.mcu.externaltools.gnu-tools-for-stm32.11.3.rel1.win32_1.1.100.202309141235/tools/bin/../lib/gcc/arm-none-eabi/11.3.1/thumb/v7e-m+fp/hard\libgcc.a(_arm_cmpdf2.o)
                0x0000000008000a7c                __gtdf2
                0x0000000008000a7c                __gedf2
                0x0000000008000a84                __ltdf2
                0x0000000008000a84                __ledf2
                0x0000000008000a8c                __nedf2
                0x0000000008000a8c                __eqdf2
                0x0000000008000a8c                __cmpdf2
                0x0000000008000b08                __aeabi_cdrcmple
                0x0000000008000b18                __aeabi_cdcmpeq
                0x0000000008000b18                __aeabi_cdcmple
                0x0000000008000b28                __aeabi_dcmpeq
                0x0000000008000b3c                __aeabi_dcmplt
                0x0000000008000b50                __aeabi_dcmple
                0x0000000008000b64                __aeabi_dcmpge
                0x0000000008000b78                __aeabi_dcmpgt
 .text          0x0000000008000b8c       0x50 C:/ST/STM32CubeIDE_1.14.1/STM32CubeIDE/plugins/com.st.stm32cube.ide.mcu.externaltools.gnu-tools-for-stm32.11.3.rel1.win32_1.1.100.202309141235/tools/bin/../lib/gcc/arm-none-eabi/11.3.1/thumb/v7e-m+fp/hard\libgcc.a(_arm_fixdfsi.o)
                0x0000000008000b8c                __aeabi_d2iz
                0x0000000008000b8c                __fixdfsi
 .text          0x0000000008000bdc       0x30 C:/ST/STM32CubeIDE_1.14.1/STM32CubeIDE/plugins/com.st.stm32cube.ide.mcu.externaltools.gnu-tools-for-stm32.11.3.rel1.win32_1.1.100.202309141235/tools/bin/../lib/gcc/arm-none-eabi/11.3.1/thumb/v7e-m+fp/hard\libgcc.a(_aeabi_uldivmod.o)
                0x0000000008000bdc                __aeabi_uldivmod
 .text          0x0000000008000c0c      0x2c8 C:/ST/STM32CubeIDE_1.14.1/STM32CubeIDE/plugins/com.st.stm32cube.ide.mcu.externaltools.gnu-tools-for-stm32.11.3.rel1.win32_1.1.100.202309141235/tools/bin/../lib/gcc/arm-none-eabi/11.3.1/thumb/v7e-m+fp/hard\libgcc.a(_udivmoddi4.o)
                0x0000000008000c0c                __udivmoddi4
 .text          0x0000000008000ed4        0x4 C:/ST/STM32CubeIDE_1.14.1/STM32CubeIDE/plugins/com.st.stm32cube.ide.mcu.externaltools.gnu-tools-for-stm32.11.3.rel1.win32_1.1.100.202309141235/tools/bin/../lib/gcc/arm-none-eabi/11.3.1/thumb/v7e-m+fp/hard\libgcc.a(_dvmd_tls.o)
                0x0000000008000ed4                __aeabi_idiv0
                0x0000000008000ed4                __aeabi_ldiv0
 *(.text*)
 .text.main     0x0000000008000ed8       0x80 ./Core/Src/main.o
                0x0000000008000ed8                main
 .text.SystemClock_Config
                0x0000000008000f58       0xd8 ./Core/Src/main.o
                0x0000000008000f58                SystemClock_Config
 .text.MX_I2C1_Init
                0x0000000008001030       0x80 ./Core/Src/main.o
 .text.MX_ETH_Init
                0x00000000080010b0       0x98 ./Core/Src/main.o
 .text.MX_RNG_Init
                0x0000000008001148       0x28 ./Core/Src/main.o
 .text.MX_USART3_UART_Init
                0x0000000008001170       0x60 ./Core/Src/main.o
 .text.MX_GPIO_Init
                0x00000000080011d0      0x184 ./Core/Src/main.o
 .text.HAL_TIM_PeriodElapsedCallback
                0x0000000008001354       0x24 ./Core/Src/main.o
                0x0000000008001354                HAL_TIM_PeriodElapsedCallback
 .text.mg_random
                0x0000000008001378       0x5c ./Core/Src/main.o
                0x0000000008001378                mg_random
 .text.timer_fn
                0x00000000080013d4       0x84 ./Core/Src/main.o
 .text.sensor1  0x0000000008001458       0xac ./Core/Src/main.o
                0x0000000008001458                sensor1
 .text.blinker  0x0000000008001504       0x38 ./Core/Src/main.o
                0x0000000008001504                blinker
 .text.fn       0x000000000800153c      0x18c ./Core/Src/main.o
 .text.server   0x00000000080016c8      0x1c4 ./Core/Src/main.o
                0x00000000080016c8                server
 .text.Error_Handler
                0x000000000800188c        0xa ./Core/Src/main.o
                0x000000000800188c                Error_Handler
 .text.mg_dns_free
                0x0000000008001896       0x3a ./Core/Src/mongoose.o
 .text.mg_resolve_cancel
                0x00000000080018d0       0x3e ./Core/Src/mongoose.o
                0x00000000080018d0                mg_resolve_cancel
 .text.mg_call  0x000000000800190e       0x44 ./Core/Src/mongoose.o
                0x000000000800190e                mg_call
 *fill*         0x0000000008001952        0x2 
 .text.mg_error
                0x0000000008001954       0x7c ./Core/Src/mongoose.o
                0x0000000008001954                mg_error
 .text.is_digit
                0x00000000080019d0       0x2c ./Core/Src/mongoose.o
 .text.addexp   0x00000000080019fc      0x104 ./Core/Src/mongoose.o
 .text.xisinf   0x0000000008001b00       0x50 ./Core/Src/mongoose.o
 .text.xisnan   0x0000000008001b50       0x58 ./Core/Src/mongoose.o
 .text.mg_dtoa  0x0000000008001ba8      0x5e8 ./Core/Src/mongoose.o
 .text.mg_lld   0x0000000008002190      0x160 ./Core/Src/mongoose.o
 .text.scpy     0x00000000080022f0       0x46 ./Core/Src/mongoose.o
 .text.mg_xprintf
                0x0000000008002336       0x36 ./Core/Src/mongoose.o
                0x0000000008002336                mg_xprintf
 .text.mg_vxprintf
                0x000000000800236c      0x748 ./Core/Src/mongoose.o
                0x000000000800236c                mg_vxprintf
 .text.mg_fs_open
                0x0000000008002ab4       0x50 ./Core/Src/mongoose.o
                0x0000000008002ab4                mg_fs_open
 .text.mg_fs_close
                0x0000000008002b04       0x2a ./Core/Src/mongoose.o
                0x0000000008002b04                mg_fs_close
 .text.is_dir_prefix
                0x0000000008002b2e       0x58 ./Core/Src/mongoose.o
 .text.packed_stat
                0x0000000008002b86       0x60 ./Core/Src/mongoose.o
 *fill*         0x0000000008002be6        0x2 
 .text.packed_list
                0x0000000008002be8      0x13c ./Core/Src/mongoose.o
 .text.packed_open
                0x0000000008002d24       0x62 ./Core/Src/mongoose.o
 .text.packed_close
                0x0000000008002d86       0x1c ./Core/Src/mongoose.o
 .text.packed_read
                0x0000000008002da2       0x56 ./Core/Src/mongoose.o
 .text.packed_write
                0x0000000008002df8       0x1a ./Core/Src/mongoose.o
 .text.packed_seek
                0x0000000008002e12       0x38 ./Core/Src/mongoose.o
 .text.packed_rename
                0x0000000008002e4a       0x18 ./Core/Src/mongoose.o
 .text.packed_remove
                0x0000000008002e62       0x16 ./Core/Src/mongoose.o
 .text.packed_mkdir
                0x0000000008002e78       0x16 ./Core/Src/mongoose.o
 .text.p_stat   0x0000000008002e8e       0x1a ./Core/Src/mongoose.o
 .text.p_list   0x0000000008002ea8       0x18 ./Core/Src/mongoose.o
 .text.p_open   0x0000000008002ec0       0x18 ./Core/Src/mongoose.o
 .text.p_close  0x0000000008002ed8       0x14 ./Core/Src/mongoose.o
 .text.p_read   0x0000000008002eec       0x1a ./Core/Src/mongoose.o
 .text.p_write  0x0000000008002f06       0x1a ./Core/Src/mongoose.o
 .text.p_seek   0x0000000008002f20       0x1a ./Core/Src/mongoose.o
 .text.p_rename
                0x0000000008002f3a       0x18 ./Core/Src/mongoose.o
 .text.p_remove
                0x0000000008002f52       0x16 ./Core/Src/mongoose.o
 .text.p_mkdir  0x0000000008002f68       0x16 ./Core/Src/mongoose.o
 *fill*         0x0000000008002f7e        0x2 
 .text.mg_to_size_t
                0x0000000008002f80      0x128 ./Core/Src/mongoose.o
                0x0000000008002f80                mg_to_size_t
 .text.isx      0x00000000080030a8       0x44 ./Core/Src/mongoose.o
 .text.mg_url_decode
                0x00000000080030ec       0xfc ./Core/Src/mongoose.o
                0x00000000080030ec                mg_url_decode
 .text.isok     0x00000000080031e8       0x34 ./Core/Src/mongoose.o
 .text.mg_http_get_request_len
                0x000000000800321c       0x9c ./Core/Src/mongoose.o
                0x000000000800321c                mg_http_get_request_len
 .text.mg_http_get_header
                0x00000000080032b8       0x80 ./Core/Src/mongoose.o
                0x00000000080032b8                mg_http_get_header
 .text.clen     0x0000000008003338       0x56 ./Core/Src/mongoose.o
 .text.skiptorn
                0x000000000800338e       0x96 ./Core/Src/mongoose.o
 .text.mg_http_parse_headers
                0x0000000008003424      0x130 ./Core/Src/mongoose.o
 .text.mg_http_parse
                0x0000000008003554      0x29c ./Core/Src/mongoose.o
                0x0000000008003554                mg_http_parse
 .text.mg_http_status_code_str
                0x00000000080037f0      0x9f8 ./Core/Src/mongoose.o
 .text.mg_http_reply
                0x00000000080041e8       0xb0 ./Core/Src/mongoose.o
                0x00000000080041e8                mg_http_reply
 .text.restore_http_cb
                0x0000000008004298       0x38 ./Core/Src/mongoose.o
 .text.mg_http_etag
                0x00000000080042d0       0x38 ./Core/Src/mongoose.o
                0x00000000080042d0                mg_http_etag
 .text.static_cb
                0x0000000008004308       0xc2 ./Core/Src/mongoose.o
 *fill*         0x00000000080043ca        0x2 
 .text.guess_content_type
                0x00000000080043cc       0xf4 ./Core/Src/mongoose.o
 .text.getrange
                0x00000000080044c0      0x124 ./Core/Src/mongoose.o
 .text.mg_http_serve_file
                0x00000000080045e4      0x59c ./Core/Src/mongoose.o
                0x00000000080045e4                mg_http_serve_file
 .text.uri_to_path2
                0x0000000008004b80      0x2a8 ./Core/Src/mongoose.o
 .text.uri_to_path
                0x0000000008004e28      0x114 ./Core/Src/mongoose.o
 .text.mg_http_serve_dir
                0x0000000008004f3c       0xb8 ./Core/Src/mongoose.o
                0x0000000008004f3c                mg_http_serve_dir
 .text.mg_http_match_uri
                0x0000000008004ff4       0x34 ./Core/Src/mongoose.o
                0x0000000008004ff4                mg_http_match_uri
 .text.getchunk
                0x0000000008005028       0xba ./Core/Src/mongoose.o
 *fill*         0x00000000080050e2        0x2 
 .text.mg_is_chunked
                0x00000000080050e4       0x48 ./Core/Src/mongoose.o
 .text.deliver_chunked_chunks
                0x000000000800512c      0x194 ./Core/Src/mongoose.o
 .text.deliver_normal_chunks
                0x00000000080052c0      0x130 ./Core/Src/mongoose.o
 .text.http_cb  0x00000000080053f0      0x244 ./Core/Src/mongoose.o
 .text.mg_http_listen
                0x0000000008005634       0x38 ./Core/Src/mongoose.o
                0x0000000008005634                mg_http_listen
 .text.zeromem  0x000000000800566c       0x32 ./Core/Src/mongoose.o
 .text.roundup  0x000000000800569e       0x34 ./Core/Src/mongoose.o
 *fill*         0x00000000080056d2        0x2 
 .text.mg_iobuf_resize
                0x00000000080056d4      0x114 ./Core/Src/mongoose.o
                0x00000000080056d4                mg_iobuf_resize
 .text.mg_iobuf_del
                0x00000000080057e8       0x96 ./Core/Src/mongoose.o
                0x00000000080057e8                mg_iobuf_del
 .text.mg_iobuf_free
                0x000000000800587e       0x18 ./Core/Src/mongoose.o
                0x000000000800587e                mg_iobuf_free
 *fill*         0x0000000008005896        0x2 
 .text.escapeseq
                0x0000000008005898       0x28 ./Core/Src/mongoose.o
 .text.json_esc
                0x00000000080058c0       0x60 ./Core/Src/mongoose.o
 .text.mg_pass_string
                0x0000000008005920       0x82 ./Core/Src/mongoose.o
 *fill*         0x00000000080059a2        0x6 
 .text.mg_atod  0x00000000080059a8      0x2d4 ./Core/Src/mongoose.o
 .text.mg_json_get
                0x0000000008005c7c      0x628 ./Core/Src/mongoose.o
                0x0000000008005c7c                mg_json_get
 .text.mg_json_get_num
                0x00000000080062a4       0x8e ./Core/Src/mongoose.o
                0x00000000080062a4                mg_json_get_num
 *fill*         0x0000000008006332        0x2 
 .text.logc     0x0000000008006334       0x28 ./Core/Src/mongoose.o
 .text.logs     0x000000000800635c       0x36 ./Core/Src/mongoose.o
 *fill*         0x0000000008006392        0x2 
 .text.mg_log_set
                0x0000000008006394       0x44 ./Core/Src/mongoose.o
                0x0000000008006394                mg_log_set
 .text.mg_log_prefix
                0x00000000080063d8       0xb4 ./Core/Src/mongoose.o
                0x00000000080063d8                mg_log_prefix
 .text.mg_log   0x000000000800648c       0x40 ./Core/Src/mongoose.o
                0x000000000800648c                mg_log
 .text.nibble   0x00000000080064cc       0x2c ./Core/Src/mongoose.o
 .text.mg_hexdump
                0x00000000080064f8      0x168 ./Core/Src/mongoose.o
                0x00000000080064f8                mg_hexdump
 .text.mg_vprintf
                0x0000000008006660       0x38 ./Core/Src/mongoose.o
                0x0000000008006660                mg_vprintf
 .text.mg_printf
                0x0000000008006698       0x34 ./Core/Src/mongoose.o
                0x0000000008006698                mg_printf
 .text.mg_alloc_conn
                0x00000000080066cc       0x52 ./Core/Src/mongoose.o
                0x00000000080066cc                mg_alloc_conn
 *fill*         0x000000000800671e        0x2 
 .text.mg_close_conn
                0x0000000008006720       0xc4 ./Core/Src/mongoose.o
                0x0000000008006720                mg_close_conn
 .text.mg_listen
                0x00000000080067e4      0x13c ./Core/Src/mongoose.o
                0x00000000080067e4                mg_listen
 .text.mg_timer_add
                0x0000000008006920       0x52 ./Core/Src/mongoose.o
                0x0000000008006920                mg_timer_add
 *fill*         0x0000000008006972        0x2 
 .text.mg_mgr_init
                0x0000000008006974       0x40 ./Core/Src/mongoose.o
                0x0000000008006974                mg_mgr_init
 .text.mg_pfn_iobuf_private
                0x00000000080069b4       0x90 ./Core/Src/mongoose.o
 .text.mg_putchar_iobuf_static
                0x0000000008006a44       0x20 ./Core/Src/mongoose.o
 .text.mg_pfn_iobuf
                0x0000000008006a64       0x20 ./Core/Src/mongoose.o
                0x0000000008006a64                mg_pfn_iobuf
 .text.mg_vsnprintf
                0x0000000008006a84       0x50 ./Core/Src/mongoose.o
                0x0000000008006a84                mg_vsnprintf
 .text.mg_snprintf
                0x0000000008006ad4       0x32 ./Core/Src/mongoose.o
                0x0000000008006ad4                mg_snprintf
 .text.mg_pfn_stdout
                0x0000000008006b06       0x1c ./Core/Src/mongoose.o
                0x0000000008006b06                mg_pfn_stdout
 *fill*         0x0000000008006b22        0x2 
 .text.print_ip4
                0x0000000008006b24       0x48 ./Core/Src/mongoose.o
 .text.print_ip6
                0x0000000008006b6c       0xbc ./Core/Src/mongoose.o
 .text.mg_print_ip4
                0x0000000008006c28       0x2e ./Core/Src/mongoose.o
                0x0000000008006c28                mg_print_ip4
 .text.mg_print_ip
                0x0000000008006c56       0x48 ./Core/Src/mongoose.o
                0x0000000008006c56                mg_print_ip
 *fill*         0x0000000008006c9e        0x2 
 .text.mg_print_ip_port
                0x0000000008006ca0       0x4c ./Core/Src/mongoose.o
                0x0000000008006ca0                mg_print_ip_port
 .text.mg_print_mac
                0x0000000008006cec       0x6c ./Core/Src/mongoose.o
                0x0000000008006cec                mg_print_mac
 .text.mg_esc   0x0000000008006d58       0x7c ./Core/Src/mongoose.o
 .text.mg_escape
                0x0000000008006dd4       0x1a ./Core/Src/mongoose.o
 .text.qcpy     0x0000000008006dee       0x86 ./Core/Src/mongoose.o
 .text.mg_print_esc
                0x0000000008006e74       0x58 ./Core/Src/mongoose.o
                0x0000000008006e74                mg_print_esc
 .text.mg_queue_read_len
                0x0000000008006ecc       0x54 ./Core/Src/mongoose.o
 .text.mg_queue_write_len
                0x0000000008006f20       0x2c ./Core/Src/mongoose.o
 .text.mg_queue_book
                0x0000000008006f4c       0xae ./Core/Src/mongoose.o
                0x0000000008006f4c                mg_queue_book
 *fill*         0x0000000008006ffa        0x2 
 .text.mg_queue_next
                0x0000000008006ffc       0x8c ./Core/Src/mongoose.o
                0x0000000008006ffc                mg_queue_next
 .text.mg_queue_add
                0x0000000008007088       0x70 ./Core/Src/mongoose.o
                0x0000000008007088                mg_queue_add
 .text.mg_queue_del
                0x00000000080070f8       0x48 ./Core/Src/mongoose.o
                0x00000000080070f8                mg_queue_del
 .text.mg_http_serve_ssi
                0x0000000008007140       0x28 ./Core/Src/mongoose.o
                0x0000000008007140                mg_http_serve_ssi
 .text.mg_str_s
                0x0000000008007168       0x3a ./Core/Src/mongoose.o
                0x0000000008007168                mg_str_s
 .text.mg_str_n
                0x00000000080071a2       0x30 ./Core/Src/mongoose.o
                0x00000000080071a2                mg_str_n
 .text.mg_lower
                0x00000000080071d2       0x2e ./Core/Src/mongoose.o
                0x00000000080071d2                mg_lower
 .text.mg_ncasecmp
                0x0000000008007200       0x5c ./Core/Src/mongoose.o
                0x0000000008007200                mg_ncasecmp
 .text.mg_vcmp  0x000000000800725c       0x48 ./Core/Src/mongoose.o
                0x000000000800725c                mg_vcmp
 .text.mg_vcasecmp
                0x00000000080072a4       0x48 ./Core/Src/mongoose.o
                0x00000000080072a4                mg_vcasecmp
 .text.mg_strcmp
                0x00000000080072ec       0x84 ./Core/Src/mongoose.o
                0x00000000080072ec                mg_strcmp
 .text.mg_strstr
                0x0000000008007370       0x6a ./Core/Src/mongoose.o
                0x0000000008007370                mg_strstr
 .text.mg_match
                0x00000000080073da      0x1ce ./Core/Src/mongoose.o
                0x00000000080073da                mg_match
 .text.mg_globmatch
                0x00000000080075a8       0x48 ./Core/Src/mongoose.o
                0x00000000080075a8                mg_globmatch
 .text.mg_nce   0x00000000080075f0       0xd2 ./Core/Src/mongoose.o
 .text.mg_split
                0x00000000080076c2       0xe8 ./Core/Src/mongoose.o
                0x00000000080076c2                mg_split
 .text.mg_commalist
                0x00000000080077aa       0x22 ./Core/Src/mongoose.o
                0x00000000080077aa                mg_commalist
 .text.mg_unhex_nimble
                0x00000000080077cc       0x44 ./Core/Src/mongoose.o
 .text.mg_unhexn
                0x0000000008007810       0x4e ./Core/Src/mongoose.o
                0x0000000008007810                mg_unhexn
 .text.mg_unhex
                0x000000000800785e       0x46 ./Core/Src/mongoose.o
                0x000000000800785e                mg_unhex
 .text.mg_path_is_sane
                0x00000000080078a4       0x5a ./Core/Src/mongoose.o
                0x00000000080078a4                mg_path_is_sane
 .text.mg_timer_init
                0x00000000080078fe       0x58 ./Core/Src/mongoose.o
                0x00000000080078fe                mg_timer_init
 .text.mg_timer_expired
                0x0000000008007956       0xc8 ./Core/Src/mongoose.o
                0x0000000008007956                mg_timer_expired
 .text.mg_timer_poll
                0x0000000008007a1e       0xce ./Core/Src/mongoose.o
                0x0000000008007a1e                mg_timer_poll
 .text.mg_tls_init
                0x0000000008007aec       0x24 ./Core/Src/mongoose.o
                0x0000000008007aec                mg_tls_init
 .text.mg_tls_handshake
                0x0000000008007b10       0x14 ./Core/Src/mongoose.o
                0x0000000008007b10                mg_tls_handshake
 .text.mg_tls_free
                0x0000000008007b24       0x14 ./Core/Src/mongoose.o
                0x0000000008007b24                mg_tls_free
 .text.mg_tls_recv
                0x0000000008007b38       0x32 ./Core/Src/mongoose.o
                0x0000000008007b38                mg_tls_recv
 .text.mg_tls_send
                0x0000000008007b6a       0x32 ./Core/Src/mongoose.o
                0x0000000008007b6a                mg_tls_send
 .text.mg_url_is_ssl
                0x0000000008007b9c       0x7c ./Core/Src/mongoose.o
                0x0000000008007b9c                mg_url_is_ssl
 .text.urlparse
                0x0000000008007c18      0x102 ./Core/Src/mongoose.o
 *fill*         0x0000000008007d1a        0x2 
 .text.mg_url_port
                0x0000000008007d1c       0xc8 ./Core/Src/mongoose.o
                0x0000000008007d1c                mg_url_port
 .text.mg_ntohl
                0x0000000008007de4       0x32 ./Core/Src/mongoose.o
                0x0000000008007de4                mg_ntohl
 .text.mg_ntohs
                0x0000000008007e16       0x2e ./Core/Src/mongoose.o
                0x0000000008007e16                mg_ntohs
 .text.mg_crc32
                0x0000000008007e44       0x74 ./Core/Src/mongoose.o
                0x0000000008007e44                mg_crc32
 .text.mg_millis
                0x0000000008007eb8       0x30 ./Core/Src/mongoose.o
                0x0000000008007eb8                mg_millis
 .text.eth_read_phy
                0x0000000008007ee8       0x60 ./Core/Src/mongoose.o
 .text.eth_write_phy
                0x0000000008007f48       0x68 ./Core/Src/mongoose.o
 .text.get_hclk
                0x0000000008007fb0      0x10c ./Core/Src/mongoose.o
 .text.guess_mdc_cr
                0x00000000080080bc       0xf8 ./Core/Src/mongoose.o
 .text.mg_tcpip_driver_stm32_init
                0x00000000080081b4      0x1e4 ./Core/Src/mongoose.o
 .text.mg_tcpip_driver_stm32_tx
                0x0000000008008398      0x130 ./Core/Src/mongoose.o
 .text.mg_tcpip_driver_stm32_up
                0x00000000080084c8       0xd0 ./Core/Src/mongoose.o
 .text.ETH_IRQHandler
                0x0000000008008598      0x114 ./Core/Src/mongoose.o
                0x0000000008008598                ETH_IRQHandler
 .text.mkpay    0x00000000080086ac       0x3c ./Core/Src/mongoose.o
 .text.csumup   0x00000000080086e8       0x5a ./Core/Src/mongoose.o
 .text.csumfin  0x0000000008008742       0x36 ./Core/Src/mongoose.o
 .text.ipcsum   0x0000000008008778       0x26 ./Core/Src/mongoose.o
 .text.ether_output
                0x000000000800879e       0x38 ./Core/Src/mongoose.o
 .text.arp_ask  0x00000000080087d6       0xba ./Core/Src/mongoose.o
 .text.onstatechange
                0x0000000008008890      0x10c ./Core/Src/mongoose.o
 .text.tx_ip    0x000000000800899c       0xac ./Core/Src/mongoose.o
 .text.tx_udp   0x0000000008008a48       0xd2 ./Core/Src/mongoose.o
 *fill*         0x0000000008008b1a        0x2 
 .text.tx_dhcp  0x0000000008008b1c      0x120 ./Core/Src/mongoose.o
 .text.tx_dhcp_request_sel
                0x0000000008008c3c       0x88 ./Core/Src/mongoose.o
 .text.tx_dhcp_request_re
                0x0000000008008cc4       0x60 ./Core/Src/mongoose.o
 .text.tx_dhcp_discover
                0x0000000008008d24       0x74 ./Core/Src/mongoose.o
 .text.getpeer  0x0000000008008d98       0xb0 ./Core/Src/mongoose.o
 .text.rx_arp   0x0000000008008e48      0x200 ./Core/Src/mongoose.o
 .text.rx_icmp  0x0000000008009048       0xb8 ./Core/Src/mongoose.o
 .text.rx_dhcp_client
                0x0000000008009100      0x30c ./Core/Src/mongoose.o
 .text.rx_dhcp_server
                0x000000000800940c      0x394 ./Core/Src/mongoose.o
 .text.rx_udp   0x00000000080097a0       0xe4 ./Core/Src/mongoose.o
 .text.tx_tcp   0x0000000008009884      0x194 ./Core/Src/mongoose.o
 .text.tx_tcp_pkt
                0x0000000008009a18       0x8c ./Core/Src/mongoose.o
 .text.settmout
                0x0000000008009aa4       0x90 ./Core/Src/mongoose.o
 .text.accept_conn
                0x0000000008009b34      0x18c ./Core/Src/mongoose.o
 .text.mg_io_send
                0x0000000008009cc0      0x114 ./Core/Src/mongoose.o
                0x0000000008009cc0                mg_io_send
 .text.read_conn
                0x0000000008009dd4      0x2e0 ./Core/Src/mongoose.o
 .text.rx_tcp   0x000000000800a0b4      0x244 ./Core/Src/mongoose.o
 .text.rx_ip    0x000000000800a2f8      0x258 ./Core/Src/mongoose.o
 .text.rx_ip6   0x000000000800a550       0x84 ./Core/Src/mongoose.o
 .text.mg_tcpip_rx
                0x000000000800a5d4      0x208 ./Core/Src/mongoose.o
 .text.mg_tcpip_poll
                0x000000000800a7dc      0x3b4 ./Core/Src/mongoose.o
 .text.mg_tcpip_qwrite
                0x000000000800ab90       0x5a ./Core/Src/mongoose.o
                0x000000000800ab90                mg_tcpip_qwrite
 *fill*         0x000000000800abea        0x2 
 .text.mg_tcpip_init
                0x000000000800abec      0x1a0 ./Core/Src/mongoose.o
                0x000000000800abec                mg_tcpip_init
 .text.mg_open_listener
                0x000000000800ad8c       0x2a ./Core/Src/mongoose.o
                0x000000000800ad8c                mg_open_listener
 .text.write_conn
                0x000000000800adb6       0x6a ./Core/Src/mongoose.o
 .text.close_conn
                0x000000000800ae20       0x9e ./Core/Src/mongoose.o
 .text.can_write
                0x000000000800aebe       0x68 ./Core/Src/mongoose.o
 *fill*         0x000000000800af26        0x2 
 .text.mg_mgr_poll
                0x000000000800af28      0x170 ./Core/Src/mongoose.o
                0x000000000800af28                mg_mgr_poll
 .text.scmp     0x000000000800b098       0x44 ./Core/Src/packed_fs.o
 .text.mg_unlist
                0x000000000800b0dc       0x28 ./Core/Src/packed_fs.o
                0x000000000800b0dc                mg_unlist
 .text.mg_unpack
                0x000000000800b104       0x6c ./Core/Src/packed_fs.o
                0x000000000800b104                mg_unpack
 .text.HAL_MspInit
                0x000000000800b170       0x50 ./Core/Src/stm32f7xx_hal_msp.o
                0x000000000800b170                HAL_MspInit
 .text.HAL_ETH_MspInit
                0x000000000800b1c0      0x180 ./Core/Src/stm32f7xx_hal_msp.o
                0x000000000800b1c0                HAL_ETH_MspInit
 .text.HAL_RNG_MspInit
                0x000000000800b340       0x68 ./Core/Src/stm32f7xx_hal_msp.o
                0x000000000800b340                HAL_RNG_MspInit
 .text.HAL_UART_MspInit
                0x000000000800b3a8       0xc0 ./Core/Src/stm32f7xx_hal_msp.o
                0x000000000800b3a8                HAL_UART_MspInit
 .text.HAL_InitTick
                0x000000000800b468       0xf4 ./Core/Src/stm32f7xx_hal_timebase_tim.o
                0x000000000800b468                HAL_InitTick
 .text.NMI_Handler
                0x000000000800b55c        0x6 ./Core/Src/stm32f7xx_it.o
                0x000000000800b55c                NMI_Handler
 .text.HardFault_Handler
                0x000000000800b562        0x6 ./Core/Src/stm32f7xx_it.o
                0x000000000800b562                HardFault_Handler
 .text.MemManage_Handler
                0x000000000800b568        0x6 ./Core/Src/stm32f7xx_it.o
                0x000000000800b568                MemManage_Handler
 .text.BusFault_Handler
                0x000000000800b56e        0x6 ./Core/Src/stm32f7xx_it.o
                0x000000000800b56e                BusFault_Handler
 .text.UsageFault_Handler
                0x000000000800b574        0x6 ./Core/Src/stm32f7xx_it.o
                0x000000000800b574                UsageFault_Handler
 .text.DebugMon_Handler
                0x000000000800b57a        0xe ./Core/Src/stm32f7xx_it.o
                0x000000000800b57a                DebugMon_Handler
 .text.TIM6_DAC_IRQHandler
                0x000000000800b588       0x14 ./Core/Src/stm32f7xx_it.o
                0x000000000800b588                TIM6_DAC_IRQHandler
 .text._getpid  0x000000000800b59c       0x10 ./Core/Src/syscalls.o
                0x000000000800b59c                _getpid
 .text._kill    0x000000000800b5ac       0x20 ./Core/Src/syscalls.o
                0x000000000800b5ac                _kill
 .text._exit    0x000000000800b5cc       0x14 ./Core/Src/syscalls.o
                0x000000000800b5cc                _exit
 .text._read    0x000000000800b5e0       0x3a ./Core/Src/syscalls.o
                0x000000000800b5e0                _read
 *fill*         0x000000000800b61a        0x2 
 .text._write   0x000000000800b61c       0x30 ./Core/Src/syscalls.o
                0x000000000800b61c                _write
 .text._close   0x000000000800b64c       0x18 ./Core/Src/syscalls.o
                0x000000000800b64c                _close
 .text._fstat   0x000000000800b664       0x20 ./Core/Src/syscalls.o
                0x000000000800b664                _fstat
 .text._isatty  0x000000000800b684       0x16 ./Core/Src/syscalls.o
                0x000000000800b684                _isatty
 .text._lseek   0x000000000800b69a       0x1a ./Core/Src/syscalls.o
                0x000000000800b69a                _lseek
 .text._sbrk    0x000000000800b6b4       0x6c ./Core/Src/sysmem.o
                0x000000000800b6b4                _sbrk
 .text.SystemInit
                0x000000000800b720       0x24 ./Core/Src/system_stm32f7xx.o
                0x000000000800b720                SystemInit
 .text.Reset_Handler
                0x000000000800b744       0x50 ./Core/Startup/startup_stm32f746zgtx.o
                0x000000000800b744                Reset_Handler
 .text.Default_Handler
                0x000000000800b794        0x2 ./Core/Startup/startup_stm32f746zgtx.o
                0x000000000800b794                RTC_Alarm_IRQHandler
                0x000000000800b794                EXTI2_IRQHandler
                0x000000000800b794                TIM8_CC_IRQHandler
                0x000000000800b794                UART8_IRQHandler
                0x000000000800b794                SPI4_IRQHandler
                0x000000000800b794                TIM1_CC_IRQHandler
                0x000000000800b794                DMA2_Stream5_IRQHandler
                0x000000000800b794                DMA1_Stream5_IRQHandler
                0x000000000800b794                PVD_IRQHandler
                0x000000000800b794                TAMP_STAMP_IRQHandler
                0x000000000800b794                CAN2_RX1_IRQHandler
                0x000000000800b794                EXTI3_IRQHandler
                0x000000000800b794                TIM8_TRG_COM_TIM14_IRQHandler
                0x000000000800b794                TIM1_UP_TIM10_IRQHandler
                0x000000000800b794                TIM8_UP_TIM13_IRQHandler
                0x000000000800b794                I2C3_ER_IRQHandler
                0x000000000800b794                EXTI0_IRQHandler
                0x000000000800b794                I2C2_EV_IRQHandler
                0x000000000800b794                DMA1_Stream2_IRQHandler
                0x000000000800b794                CAN1_RX0_IRQHandler
                0x000000000800b794                FPU_IRQHandler
                0x000000000800b794                OTG_HS_WKUP_IRQHandler
                0x000000000800b794                LTDC_ER_IRQHandler
                0x000000000800b794                CAN2_SCE_IRQHandler
                0x000000000800b794                DMA2_Stream2_IRQHandler
                0x000000000800b794                SPI1_IRQHandler
                0x000000000800b794                TIM1_BRK_TIM9_IRQHandler
                0x000000000800b794                DCMI_IRQHandler
                0x000000000800b794                CAN2_RX0_IRQHandler
                0x000000000800b794                DMA2_Stream3_IRQHandler
                0x000000000800b794                SAI2_IRQHandler
                0x000000000800b794                USART6_IRQHandler
                0x000000000800b794                USART3_IRQHandler
                0x000000000800b794                CAN1_RX1_IRQHandler
                0x000000000800b794                UART5_IRQHandler
                0x000000000800b794                DMA2_Stream0_IRQHandler
                0x000000000800b794                TIM4_IRQHandler
                0x000000000800b794                QUADSPI_IRQHandler
                0x000000000800b794                I2C1_EV_IRQHandler
                0x000000000800b794                DMA1_Stream6_IRQHandler
                0x000000000800b794                DMA1_Stream1_IRQHandler
                0x000000000800b794                UART4_IRQHandler
                0x000000000800b794                TIM3_IRQHandler
                0x000000000800b794                RCC_IRQHandler
                0x000000000800b794                TIM8_BRK_TIM12_IRQHandler
                0x000000000800b794                Default_Handler
                0x000000000800b794                CEC_IRQHandler
                0x000000000800b794                EXTI15_10_IRQHandler
                0x000000000800b794                ADC_IRQHandler
                0x000000000800b794                DMA1_Stream7_IRQHandler
                0x000000000800b794                SPI5_IRQHandler
                0x000000000800b794                TIM7_IRQHandler
                0x000000000800b794                SDMMC1_IRQHandler
                0x000000000800b794                CAN2_TX_IRQHandler
                0x000000000800b794                TIM5_IRQHandler
                0x000000000800b794                DMA2_Stream7_IRQHandler
                0x000000000800b794                I2C3_EV_IRQHandler
                0x000000000800b794                EXTI9_5_IRQHandler
                0x000000000800b794                RTC_WKUP_IRQHandler
                0x000000000800b794                LTDC_IRQHandler
                0x000000000800b794                ETH_WKUP_IRQHandler
                0x000000000800b794                SPDIF_RX_IRQHandler
                0x000000000800b794                SPI2_IRQHandler
                0x000000000800b794                OTG_HS_EP1_IN_IRQHandler
                0x000000000800b794                DMA1_Stream0_IRQHandler
                0x000000000800b794                CAN1_TX_IRQHandler
                0x000000000800b794                EXTI4_IRQHandler
                0x000000000800b794                RNG_IRQHandler
                0x000000000800b794                OTG_HS_EP1_OUT_IRQHandler
                0x000000000800b794                WWDG_IRQHandler
                0x000000000800b794                SPI6_IRQHandler
                0x000000000800b794                I2C4_EV_IRQHandler
                0x000000000800b794                TIM2_IRQHandler
                0x000000000800b794                OTG_FS_WKUP_IRQHandler
                0x000000000800b794                TIM1_TRG_COM_TIM11_IRQHandler
                0x000000000800b794                OTG_HS_IRQHandler
                0x000000000800b794                DMA2D_IRQHandler
                0x000000000800b794                EXTI1_IRQHandler
                0x000000000800b794                UART7_IRQHandler
                0x000000000800b794                USART2_IRQHandler
                0x000000000800b794                I2C2_ER_IRQHandler
                0x000000000800b794                DMA2_Stream1_IRQHandler
                0x000000000800b794                CAN1_SCE_IRQHandler
                0x000000000800b794                FLASH_IRQHandler
                0x000000000800b794                DMA2_Stream4_IRQHandler
                0x000000000800b794                USART1_IRQHandler
                0x000000000800b794                OTG_FS_IRQHandler
                0x000000000800b794                SPI3_IRQHandler
                0x000000000800b794                DMA1_Stream4_IRQHandler
                0x000000000800b794                I2C1_ER_IRQHandler
                0x000000000800b794                FMC_IRQHandler
                0x000000000800b794                LPTIM1_IRQHandler
                0x000000000800b794                I2C4_ER_IRQHandler
                0x000000000800b794                DMA2_Stream6_IRQHandler
                0x000000000800b794                SAI1_IRQHandler
                0x000000000800b794                DMA1_Stream3_IRQHandler
 .text.HAL_Init
                0x000000000800b796       0x1a ./Drivers/STM32F7xx_HAL_Driver/Src/stm32f7xx_hal.o
                0x000000000800b796                HAL_Init
 .text.HAL_IncTick
                0x000000000800b7b0       0x28 ./Drivers/STM32F7xx_HAL_Driver/Src/stm32f7xx_hal.o
                0x000000000800b7b0                HAL_IncTick
 .text.HAL_GetTick
                0x000000000800b7d8       0x18 ./Drivers/STM32F7xx_HAL_Driver/Src/stm32f7xx_hal.o
                0x000000000800b7d8                HAL_GetTick
 .text.HAL_Delay
                0x000000000800b7f0       0x48 ./Drivers/STM32F7xx_HAL_Driver/Src/stm32f7xx_hal.o
                0x000000000800b7f0                HAL_Delay
 .text.__NVIC_SetPriorityGrouping
                0x000000000800b838       0x48 ./Drivers/STM32F7xx_HAL_Driver/Src/stm32f7xx_hal_cortex.o
 .text.__NVIC_GetPriorityGrouping
                0x000000000800b880       0x1c ./Drivers/STM32F7xx_HAL_Driver/Src/stm32f7xx_hal_cortex.o
 .text.__NVIC_EnableIRQ
                0x000000000800b89c       0x3c ./Drivers/STM32F7xx_HAL_Driver/Src/stm32f7xx_hal_cortex.o
 .text.__NVIC_SetPriority
                0x000000000800b8d8       0x54 ./Drivers/STM32F7xx_HAL_Driver/Src/stm32f7xx_hal_cortex.o
 .text.NVIC_EncodePriority
                0x000000000800b92c       0x66 ./Drivers/STM32F7xx_HAL_Driver/Src/stm32f7xx_hal_cortex.o
 .text.HAL_NVIC_SetPriorityGrouping
                0x000000000800b992       0x16 ./Drivers/STM32F7xx_HAL_Driver/Src/stm32f7xx_hal_cortex.o
                0x000000000800b992                HAL_NVIC_SetPriorityGrouping
 .text.HAL_NVIC_SetPriority
                0x000000000800b9a8       0x38 ./Drivers/STM32F7xx_HAL_Driver/Src/stm32f7xx_hal_cortex.o
                0x000000000800b9a8                HAL_NVIC_SetPriority
 .text.HAL_NVIC_EnableIRQ
                0x000000000800b9e0       0x1c ./Drivers/STM32F7xx_HAL_Driver/Src/stm32f7xx_hal_cortex.o
                0x000000000800b9e0                HAL_NVIC_EnableIRQ
 .text.HAL_ETH_Init
                0x000000000800b9fc       0xf8 ./Drivers/STM32F7xx_HAL_Driver/Src/stm32f7xx_hal_eth.o
                0x000000000800b9fc                HAL_ETH_Init
 .text.ETH_SetMACConfig
                0x000000000800baf4      0x160 ./Drivers/STM32F7xx_HAL_Driver/Src/stm32f7xx_hal_eth.o
 .text.ETH_SetDMAConfig
                0x000000000800bc54      0x114 ./Drivers/STM32F7xx_HAL_Driver/Src/stm32f7xx_hal_eth.o
 .text.ETH_MACDMAConfig
                0x000000000800bd68       0xe4 ./Drivers/STM32F7xx_HAL_Driver/Src/stm32f7xx_hal_eth.o
 .text.ETH_MACAddressConfig
                0x000000000800be4c       0x70 ./Drivers/STM32F7xx_HAL_Driver/Src/stm32f7xx_hal_eth.o
 .text.ETH_DMATxDescListInit
                0x000000000800bebc       0xb2 ./Drivers/STM32F7xx_HAL_Driver/Src/stm32f7xx_hal_eth.o
 .text.ETH_DMARxDescListInit
                0x000000000800bf6e       0xda ./Drivers/STM32F7xx_HAL_Driver/Src/stm32f7xx_hal_eth.o
 .text.HAL_GPIO_Init
                0x000000000800c048      0x358 ./Drivers/STM32F7xx_HAL_Driver/Src/stm32f7xx_hal_gpio.o
                0x000000000800c048                HAL_GPIO_Init
 .text.HAL_GPIO_WritePin
                0x000000000800c3a0       0x32 ./Drivers/STM32F7xx_HAL_Driver/Src/stm32f7xx_hal_gpio.o
                0x000000000800c3a0                HAL_GPIO_WritePin
 .text.HAL_GPIO_TogglePin
                0x000000000800c3d2       0x34 ./Drivers/STM32F7xx_HAL_Driver/Src/stm32f7xx_hal_gpio.o
                0x000000000800c3d2                HAL_GPIO_TogglePin
 *fill*         0x000000000800c406        0x2 
 .text.HAL_I2C_Init
                0x000000000800c408      0x120 ./Drivers/STM32F7xx_HAL_Driver/Src/stm32f7xx_hal_i2c.o
                0x000000000800c408                HAL_I2C_Init
 .text.HAL_I2C_MspInit
                0x000000000800c528       0x14 ./Drivers/STM32F7xx_HAL_Driver/Src/stm32f7xx_hal_i2c.o
                0x000000000800c528                HAL_I2C_MspInit
 .text.HAL_I2C_Mem_Write
                0x000000000800c53c      0x228 ./Drivers/STM32F7xx_HAL_Driver/Src/stm32f7xx_hal_i2c.o
                0x000000000800c53c                HAL_I2C_Mem_Write
 .text.HAL_I2C_Mem_Read
                0x000000000800c764      0x234 ./Drivers/STM32F7xx_HAL_Driver/Src/stm32f7xx_hal_i2c.o
                0x000000000800c764                HAL_I2C_Mem_Read
 .text.I2C_RequestMemoryWrite
                0x000000000800c998       0xa8 ./Drivers/STM32F7xx_HAL_Driver/Src/stm32f7xx_hal_i2c.o
 .text.I2C_RequestMemoryRead
                0x000000000800ca40       0xa8 ./Drivers/STM32F7xx_HAL_Driver/Src/stm32f7xx_hal_i2c.o
 .text.I2C_Flush_TXDR
                0x000000000800cae8       0x48 ./Drivers/STM32F7xx_HAL_Driver/Src/stm32f7xx_hal_i2c.o
 .text.I2C_WaitOnFlagUntilTimeout
                0x000000000800cb30       0x80 ./Drivers/STM32F7xx_HAL_Driver/Src/stm32f7xx_hal_i2c.o
 .text.I2C_WaitOnTXISFlagUntilTimeout
                0x000000000800cbb0       0x80 ./Drivers/STM32F7xx_HAL_Driver/Src/stm32f7xx_hal_i2c.o
 .text.I2C_WaitOnSTOPFlagUntilTimeout
                0x000000000800cc30       0x78 ./Drivers/STM32F7xx_HAL_Driver/Src/stm32f7xx_hal_i2c.o
 .text.I2C_IsErrorOccurred
                0x000000000800cca8      0x1c0 ./Drivers/STM32F7xx_HAL_Driver/Src/stm32f7xx_hal_i2c.o
 .text.I2C_TransferConfig
                0x000000000800ce68       0x64 ./Drivers/STM32F7xx_HAL_Driver/Src/stm32f7xx_hal_i2c.o
 .text.HAL_I2CEx_ConfigAnalogFilter
                0x000000000800cecc       0x96 ./Drivers/STM32F7xx_HAL_Driver/Src/stm32f7xx_hal_i2c_ex.o
                0x000000000800cecc                HAL_I2CEx_ConfigAnalogFilter
 .text.HAL_I2CEx_ConfigDigitalFilter
                0x000000000800cf62       0x98 ./Drivers/STM32F7xx_HAL_Driver/Src/stm32f7xx_hal_i2c_ex.o
                0x000000000800cf62                HAL_I2CEx_ConfigDigitalFilter
 *fill*         0x000000000800cffa        0x2 
 .text.HAL_PWREx_EnableOverDrive
                0x000000000800cffc       0xa0 ./Drivers/STM32F7xx_HAL_Driver/Src/stm32f7xx_hal_pwr_ex.o
                0x000000000800cffc                HAL_PWREx_EnableOverDrive
 .text.HAL_RCC_OscConfig
                0x000000000800d09c      0x548 ./Drivers/STM32F7xx_HAL_Driver/Src/stm32f7xx_hal_rcc.o
                0x000000000800d09c                HAL_RCC_OscConfig
 .text.HAL_RCC_ClockConfig
                0x000000000800d5e4      0x1d8 ./Drivers/STM32F7xx_HAL_Driver/Src/stm32f7xx_hal_rcc.o
                0x000000000800d5e4                HAL_RCC_ClockConfig
 .text.HAL_RCC_GetSysClockFreq
                0x000000000800d7bc      0x20c ./Drivers/STM32F7xx_HAL_Driver/Src/stm32f7xx_hal_rcc.o
                0x000000000800d7bc                HAL_RCC_GetSysClockFreq
 .text.HAL_RCC_GetHCLKFreq
                0x000000000800d9c8       0x18 ./Drivers/STM32F7xx_HAL_Driver/Src/stm32f7xx_hal_rcc.o
                0x000000000800d9c8                HAL_RCC_GetHCLKFreq
 .text.HAL_RCC_GetPCLK1Freq
                0x000000000800d9e0       0x28 ./Drivers/STM32F7xx_HAL_Driver/Src/stm32f7xx_hal_rcc.o
                0x000000000800d9e0                HAL_RCC_GetPCLK1Freq
 .text.HAL_RCC_GetPCLK2Freq
                0x000000000800da08       0x28 ./Drivers/STM32F7xx_HAL_Driver/Src/stm32f7xx_hal_rcc.o
                0x000000000800da08                HAL_RCC_GetPCLK2Freq
 .text.HAL_RCC_GetClockConfig
                0x000000000800da30       0x64 ./Drivers/STM32F7xx_HAL_Driver/Src/stm32f7xx_hal_rcc.o
                0x000000000800da30                HAL_RCC_GetClockConfig
 .text.HAL_RCCEx_PeriphCLKConfig
                0x000000000800da94      0x7e0 ./Drivers/STM32F7xx_HAL_Driver/Src/stm32f7xx_hal_rcc_ex.o
                0x000000000800da94                HAL_RCCEx_PeriphCLKConfig
 .text.HAL_RNG_Init
                0x000000000800e274       0x54 ./Drivers/STM32F7xx_HAL_Driver/Src/stm32f7xx_hal_rng.o
                0x000000000800e274                HAL_RNG_Init
 .text.HAL_RNG_GenerateRandomNumber
                0x000000000800e2c8       0xac ./Drivers/STM32F7xx_HAL_Driver/Src/stm32f7xx_hal_rng.o
                0x000000000800e2c8                HAL_RNG_GenerateRandomNumber
 .text.HAL_TIM_Base_Init
                0x000000000800e374       0xae ./Drivers/STM32F7xx_HAL_Driver/Src/stm32f7xx_hal_tim.o
                0x000000000800e374                HAL_TIM_Base_Init
 .text.HAL_TIM_Base_MspInit
                0x000000000800e422       0x14 ./Drivers/STM32F7xx_HAL_Driver/Src/stm32f7xx_hal_tim.o
                0x000000000800e422                HAL_TIM_Base_MspInit
 *fill*         0x000000000800e436        0x2 
 .text.HAL_TIM_Base_Start_IT
                0x000000000800e438       0xf0 ./Drivers/STM32F7xx_HAL_Driver/Src/stm32f7xx_hal_tim.o
                0x000000000800e438                HAL_TIM_Base_Start_IT
 .text.HAL_TIM_IRQHandler
                0x000000000800e528      0x23e ./Drivers/STM32F7xx_HAL_Driver/Src/stm32f7xx_hal_tim.o
                0x000000000800e528                HAL_TIM_IRQHandler
 .text.HAL_TIM_OC_DelayElapsedCallback
                0x000000000800e766       0x14 ./Drivers/STM32F7xx_HAL_Driver/Src/stm32f7xx_hal_tim.o
                0x000000000800e766                HAL_TIM_OC_DelayElapsedCallback
 .text.HAL_TIM_IC_CaptureCallback
                0x000000000800e77a       0x14 ./Drivers/STM32F7xx_HAL_Driver/Src/stm32f7xx_hal_tim.o
                0x000000000800e77a                HAL_TIM_IC_CaptureCallback
 .text.HAL_TIM_PWM_PulseFinishedCallback
                0x000000000800e78e       0x14 ./Drivers/STM32F7xx_HAL_Driver/Src/stm32f7xx_hal_tim.o
                0x000000000800e78e                HAL_TIM_PWM_PulseFinishedCallback
 .text.HAL_TIM_TriggerCallback
                0x000000000800e7a2       0x14 ./Drivers/STM32F7xx_HAL_Driver/Src/stm32f7xx_hal_tim.o
                0x000000000800e7a2                HAL_TIM_TriggerCallback
 *fill*         0x000000000800e7b6        0x2 
 .text.TIM_Base_SetConfig
                0x000000000800e7b8      0x140 ./Drivers/STM32F7xx_HAL_Driver/Src/stm32f7xx_hal_tim.o
                0x000000000800e7b8                TIM_Base_SetConfig
 .text.HAL_TIMEx_CommutCallback
                0x000000000800e8f8       0x14 ./Drivers/STM32F7xx_HAL_Driver/Src/stm32f7xx_hal_tim_ex.o
                0x000000000800e8f8                HAL_TIMEx_CommutCallback
 .text.HAL_TIMEx_BreakCallback
                0x000000000800e90c       0x14 ./Drivers/STM32F7xx_HAL_Driver/Src/stm32f7xx_hal_tim_ex.o
                0x000000000800e90c                HAL_TIMEx_BreakCallback
 .text.HAL_TIMEx_Break2Callback
                0x000000000800e920       0x14 ./Drivers/STM32F7xx_HAL_Driver/Src/stm32f7xx_hal_tim_ex.o
                0x000000000800e920                HAL_TIMEx_Break2Callback
 .text.HAL_UART_Init
                0x000000000800e934       0x9c ./Drivers/STM32F7xx_HAL_Driver/Src/stm32f7xx_hal_uart.o
                0x000000000800e934                HAL_UART_Init
 .text.HAL_UART_Transmit
                0x000000000800e9d0      0x106 ./Drivers/STM32F7xx_HAL_Driver/Src/stm32f7xx_hal_uart.o
                0x000000000800e9d0                HAL_UART_Transmit
 *fill*         0x000000000800ead6        0x2 
 .text.UART_SetConfig
                0x000000000800ead8      0x4c8 ./Drivers/STM32F7xx_HAL_Driver/Src/stm32f7xx_hal_uart.o
                0x000000000800ead8                UART_SetConfig
 .text.UART_AdvFeatureConfig
                0x000000000800efa0      0x144 ./Drivers/STM32F7xx_HAL_Driver/Src/stm32f7xx_hal_uart.o
                0x000000000800efa0                UART_AdvFeatureConfig
 .text.UART_CheckIdleState
                0x000000000800f0e4       0x6e ./Drivers/STM32F7xx_HAL_Driver/Src/stm32f7xx_hal_uart.o
                0x000000000800f0e4                UART_CheckIdleState
 .text.UART_WaitOnFlagUntilTimeout
                0x000000000800f152      0x18c ./Drivers/STM32F7xx_HAL_Driver/Src/stm32f7xx_hal_uart.o
                0x000000000800f152                UART_WaitOnFlagUntilTimeout
 .text.SVC_Setup
                0x000000000800f2de        0xe ./Middlewares/Third_Party/FreeRTOS/Source/CMSIS_RTOS_V2/cmsis_os2.o
 .text.osKernelInitialize
                0x000000000800f2ec       0x68 ./Middlewares/Third_Party/FreeRTOS/Source/CMSIS_RTOS_V2/cmsis_os2.o
                0x000000000800f2ec                osKernelInitialize
 .text.osKernelStart
                0x000000000800f354       0x6c ./Middlewares/Third_Party/FreeRTOS/Source/CMSIS_RTOS_V2/cmsis_os2.o
                0x000000000800f354                osKernelStart
 .text.osKernelGetTickCount
                0x000000000800f3c0       0x50 ./Middlewares/Third_Party/FreeRTOS/Source/CMSIS_RTOS_V2/cmsis_os2.o
                0x000000000800f3c0                osKernelGetTickCount
 .text.osKernelGetTickFreq
                0x000000000800f410       0x12 ./Middlewares/Third_Party/FreeRTOS/Source/CMSIS_RTOS_V2/cmsis_os2.o
                0x000000000800f410                osKernelGetTickFreq
 *fill*         0x000000000800f422        0x2 
 .text.osThreadNew
                0x000000000800f424      0x14c ./Middlewares/Third_Party/FreeRTOS/Source/CMSIS_RTOS_V2/cmsis_os2.o
                0x000000000800f424                osThreadNew
 .text.osDelay  0x000000000800f570       0x5c ./Middlewares/Third_Party/FreeRTOS/Source/CMSIS_RTOS_V2/cmsis_os2.o
                0x000000000800f570                osDelay
 .text.vApplicationGetIdleTaskMemory
                0x000000000800f5cc       0x34 ./Middlewares/Third_Party/FreeRTOS/Source/CMSIS_RTOS_V2/cmsis_os2.o
                0x000000000800f5cc                vApplicationGetIdleTaskMemory
 .text.vApplicationGetTimerTaskMemory
                0x000000000800f600       0x34 ./Middlewares/Third_Party/FreeRTOS/Source/CMSIS_RTOS_V2/cmsis_os2.o
                0x000000000800f600                vApplicationGetTimerTaskMemory
 .text.vListInitialise
                0x000000000800f634       0x40 ./Middlewares/Third_Party/FreeRTOS/Source/list.o
                0x000000000800f634                vListInitialise
 .text.vListInitialiseItem
                0x000000000800f674       0x1a ./Middlewares/Third_Party/FreeRTOS/Source/list.o
                0x000000000800f674                vListInitialiseItem
 .text.vListInsertEnd
                0x000000000800f68e       0x48 ./Middlewares/Third_Party/FreeRTOS/Source/list.o
                0x000000000800f68e                vListInsertEnd
 .text.vListInsert
                0x000000000800f6d6       0x72 ./Middlewares/Third_Party/FreeRTOS/Source/list.o
                0x000000000800f6d6                vListInsert
 .text.uxListRemove
                0x000000000800f748       0x54 ./Middlewares/Third_Party/FreeRTOS/Source/list.o
                0x000000000800f748                uxListRemove
 .text.xQueueGenericReset
                0x000000000800f79c       0xd4 ./Middlewares/Third_Party/FreeRTOS/Source/queue.o
                0x000000000800f79c                xQueueGenericReset
 .text.xQueueGenericCreateStatic
                0x000000000800f870      0x104 ./Middlewares/Third_Party/FreeRTOS/Source/queue.o
                0x000000000800f870                xQueueGenericCreateStatic
 .text.prvInitialiseNewQueue
                0x000000000800f974       0x46 ./Middlewares/Third_Party/FreeRTOS/Source/queue.o
 *fill*         0x000000000800f9ba        0x2 
 .text.xQueueGenericSend
                0x000000000800f9bc      0x20c ./Middlewares/Third_Party/FreeRTOS/Source/queue.o
                0x000000000800f9bc                xQueueGenericSend
 .text.xQueueGenericSendFromISR
                0x000000000800fbc8      0x140 ./Middlewares/Third_Party/FreeRTOS/Source/queue.o
                0x000000000800fbc8                xQueueGenericSendFromISR
 .text.xQueueReceive
                0x000000000800fd08      0x1cc ./Middlewares/Third_Party/FreeRTOS/Source/queue.o
                0x000000000800fd08                xQueueReceive
 .text.prvCopyDataToQueue
                0x000000000800fed4       0xd4 ./Middlewares/Third_Party/FreeRTOS/Source/queue.o
 .text.prvCopyDataFromQueue
                0x000000000800ffa8       0x4c ./Middlewares/Third_Party/FreeRTOS/Source/queue.o
 .text.prvUnlockQueue
                0x000000000800fff4       0xa4 ./Middlewares/Third_Party/FreeRTOS/Source/queue.o
 .text.prvIsQueueEmpty
                0x0000000008010098       0x2c ./Middlewares/Third_Party/FreeRTOS/Source/queue.o
 .text.prvIsQueueFull
                0x00000000080100c4       0x30 ./Middlewares/Third_Party/FreeRTOS/Source/queue.o
 .text.vQueueAddToRegistry
                0x00000000080100f4       0x54 ./Middlewares/Third_Party/FreeRTOS/Source/queue.o
                0x00000000080100f4                vQueueAddToRegistry
 .text.vQueueWaitForMessageRestricted
                0x0000000008010148       0x68 ./Middlewares/Third_Party/FreeRTOS/Source/queue.o
                0x0000000008010148                vQueueWaitForMessageRestricted
 .text.xTaskCreateStatic
                0x00000000080101b0       0xc6 ./Middlewares/Third_Party/FreeRTOS/Source/tasks.o
                0x00000000080101b0                xTaskCreateStatic
 .text.xTaskCreate
                0x0000000008010276       0x8a ./Middlewares/Third_Party/FreeRTOS/Source/tasks.o
                0x0000000008010276                xTaskCreate
 .text.prvInitialiseNewTask
                0x0000000008010300      0x122 ./Middlewares/Third_Party/FreeRTOS/Source/tasks.o
 *fill*         0x0000000008010422        0x2 
 .text.prvAddNewTaskToReadyList
                0x0000000008010424       0xe0 ./Middlewares/Third_Party/FreeRTOS/Source/tasks.o
 .text.vTaskDelay
                0x0000000008010504       0x6c ./Middlewares/Third_Party/FreeRTOS/Source/tasks.o
                0x0000000008010504                vTaskDelay
 .text.vTaskStartScheduler
                0x0000000008010570       0xd4 ./Middlewares/Third_Party/FreeRTOS/Source/tasks.o
                0x0000000008010570                vTaskStartScheduler
 .text.vTaskSuspendAll
                0x0000000008010644       0x1c ./Middlewares/Third_Party/FreeRTOS/Source/tasks.o
                0x0000000008010644                vTaskSuspendAll
 .text.xTaskResumeAll
                0x0000000008010660      0x140 ./Middlewares/Third_Party/FreeRTOS/Source/tasks.o
                0x0000000008010660                xTaskResumeAll
 .text.xTaskGetTickCount
                0x00000000080107a0       0x20 ./Middlewares/Third_Party/FreeRTOS/Source/tasks.o
                0x00000000080107a0                xTaskGetTickCount
 .text.xTaskGetTickCountFromISR
                0x00000000080107c0       0x24 ./Middlewares/Third_Party/FreeRTOS/Source/tasks.o
                0x00000000080107c0                xTaskGetTickCountFromISR
 .text.xTaskIncrementTick
                0x00000000080107e4      0x178 ./Middlewares/Third_Party/FreeRTOS/Source/tasks.o
                0x00000000080107e4                xTaskIncrementTick
 .text.vTaskSwitchContext
                0x000000000801095c       0xc0 ./Middlewares/Third_Party/FreeRTOS/Source/tasks.o
                0x000000000801095c                vTaskSwitchContext
 .text.vTaskPlaceOnEventList
                0x0000000008010a1c       0x4c ./Middlewares/Third_Party/FreeRTOS/Source/tasks.o
                0x0000000008010a1c                vTaskPlaceOnEventList
 .text.vTaskPlaceOnEventListRestricted
                0x0000000008010a68       0x5c ./Middlewares/Third_Party/FreeRTOS/Source/tasks.o
                0x0000000008010a68                vTaskPlaceOnEventListRestricted
 .text.xTaskRemoveFromEventList
                0x0000000008010ac4       0xcc ./Middlewares/Third_Party/FreeRTOS/Source/tasks.o
                0x0000000008010ac4                xTaskRemoveFromEventList
 .text.vTaskInternalSetTimeOutState
                0x0000000008010b90       0x2c ./Middlewares/Third_Party/FreeRTOS/Source/tasks.o
                0x0000000008010b90                vTaskInternalSetTimeOutState
 .text.xTaskCheckForTimeOut
                0x0000000008010bbc       0xcc ./Middlewares/Third_Party/FreeRTOS/Source/tasks.o
                0x0000000008010bbc                xTaskCheckForTimeOut
 .text.vTaskMissedYield
                0x0000000008010c88       0x18 ./Middlewares/Third_Party/FreeRTOS/Source/tasks.o
                0x0000000008010c88                vTaskMissedYield
 .text.prvIdleTask
                0x0000000008010ca0       0x30 ./Middlewares/Third_Party/FreeRTOS/Source/tasks.o
 .text.prvInitialiseTaskLists
                0x0000000008010cd0       0x80 ./Middlewares/Third_Party/FreeRTOS/Source/tasks.o
 .text.prvCheckTasksWaitingTermination
                0x0000000008010d50       0x5c ./Middlewares/Third_Party/FreeRTOS/Source/tasks.o
 .text.prvDeleteTCB
                0x0000000008010dac       0x62 ./Middlewares/Third_Party/FreeRTOS/Source/tasks.o
 *fill*         0x0000000008010e0e        0x2 
 .text.prvResetNextTaskUnblockTime
                0x0000000008010e10       0x40 ./Middlewares/Third_Party/FreeRTOS/Source/tasks.o
 .text.xTaskGetSchedulerState
                0x0000000008010e50       0x3c ./Middlewares/Third_Party/FreeRTOS/Source/tasks.o
                0x0000000008010e50                xTaskGetSchedulerState
 .text.xTaskPriorityDisinherit
                0x0000000008010e8c       0xe4 ./Middlewares/Third_Party/FreeRTOS/Source/tasks.o
                0x0000000008010e8c                xTaskPriorityDisinherit
 .text.prvAddCurrentTaskToDelayedList
                0x0000000008010f70       0xa8 ./Middlewares/Third_Party/FreeRTOS/Source/tasks.o
 .text.xTimerCreateTimerTask
                0x0000000008011018       0x94 ./Middlewares/Third_Party/FreeRTOS/Source/timers.o
                0x0000000008011018                xTimerCreateTimerTask
 .text.xTimerGenericCommand
                0x00000000080110ac       0xa0 ./Middlewares/Third_Party/FreeRTOS/Source/timers.o
                0x00000000080110ac                xTimerGenericCommand
 .text.prvProcessExpiredTimer
                0x000000000801114c       0x9c ./Middlewares/Third_Party/FreeRTOS/Source/timers.o
 .text.prvTimerTask
                0x00000000080111e8       0x24 ./Middlewares/Third_Party/FreeRTOS/Source/timers.o
 .text.prvProcessTimerOrBlockTask
                0x000000000801120c       0x9c ./Middlewares/Third_Party/FreeRTOS/Source/timers.o
 .text.prvGetNextExpireTime
                0x00000000080112a8       0x48 ./Middlewares/Third_Party/FreeRTOS/Source/timers.o
 .text.prvSampleTimeNow
                0x00000000080112f0       0x40 ./Middlewares/Third_Party/FreeRTOS/Source/timers.o
 .text.prvInsertTimerInActiveList
                0x0000000008011330       0x84 ./Middlewares/Third_Party/FreeRTOS/Source/timers.o
 .text.prvProcessReceivedCommands
                0x00000000080113b4      0x1d0 ./Middlewares/Third_Party/FreeRTOS/Source/timers.o
 .text.prvSwitchTimerLists
                0x0000000008011584       0xcc ./Middlewares/Third_Party/FreeRTOS/Source/timers.o
 .text.prvCheckForValidListAndQueue
                0x0000000008011650       0x80 ./Middlewares/Third_Party/FreeRTOS/Source/timers.o
 .text.pxPortInitialiseStack
                0x00000000080116d0       0x68 ./Middlewares/Third_Party/FreeRTOS/Source/portable/GCC/ARM_CM7/r0p1/port.o
                0x00000000080116d0                pxPortInitialiseStack
 .text.prvTaskExitError
                0x0000000008011738       0x60 ./Middlewares/Third_Party/FreeRTOS/Source/portable/GCC/ARM_CM7/r0p1/port.o
 *fill*         0x0000000008011798        0x8 
 .text.SVC_Handler
                0x00000000080117a0       0x28 ./Middlewares/Third_Party/FreeRTOS/Source/portable/GCC/ARM_CM7/r0p1/port.o
                0x00000000080117a0                SVC_Handler
 .text.prvPortStartFirstTask
                0x00000000080117c8       0x28 ./Middlewares/Third_Party/FreeRTOS/Source/portable/GCC/ARM_CM7/r0p1/port.o
 .text.xPortStartScheduler
                0x00000000080117f0       0xfc ./Middlewares/Third_Party/FreeRTOS/Source/portable/GCC/ARM_CM7/r0p1/port.o
                0x00000000080117f0                xPortStartScheduler
 .text.vPortEnterCritical
                0x00000000080118ec       0x68 ./Middlewares/Third_Party/FreeRTOS/Source/portable/GCC/ARM_CM7/r0p1/port.o
                0x00000000080118ec                vPortEnterCritical
 .text.vPortExitCritical
                0x0000000008011954       0x58 ./Middlewares/Third_Party/FreeRTOS/Source/portable/GCC/ARM_CM7/r0p1/port.o
                0x0000000008011954                vPortExitCritical
 *fill*         0x00000000080119ac        0x4 
 .text.PendSV_Handler
                0x00000000080119b0       0x68 ./Middlewares/Third_Party/FreeRTOS/Source/portable/GCC/ARM_CM7/r0p1/port.o
                0x00000000080119b0                PendSV_Handler
 .text.SysTick_Handler
                0x0000000008011a18       0x48 ./Middlewares/Third_Party/FreeRTOS/Source/portable/GCC/ARM_CM7/r0p1/port.o
                0x0000000008011a18                SysTick_Handler
 .text.vPortSetupTimerInterrupt
                0x0000000008011a60       0x48 ./Middlewares/Third_Party/FreeRTOS/Source/portable/GCC/ARM_CM7/r0p1/port.o
                0x0000000008011a60                vPortSetupTimerInterrupt
 .text.vPortEnableVFP
                0x0000000008011aa8       0x14 ./Middlewares/Third_Party/FreeRTOS/Source/portable/GCC/ARM_CM7/r0p1/port.o
 .text.vPortValidateInterruptPriority
                0x0000000008011abc       0x88 ./Middlewares/Third_Party/FreeRTOS/Source/portable/GCC/ARM_CM7/r0p1/port.o
                0x0000000008011abc                vPortValidateInterruptPriority
 .text.pvPortMalloc
                0x0000000008011b44      0x194 ./Middlewares/Third_Party/FreeRTOS/Source/portable/MemMang/heap_4.o
                0x0000000008011b44                pvPortMalloc
 .text.vPortFree
                0x0000000008011cd8       0xbc ./Middlewares/Third_Party/FreeRTOS/Source/portable/MemMang/heap_4.o
                0x0000000008011cd8                vPortFree
 .text.prvHeapInit
                0x0000000008011d94       0xc4 ./Middlewares/Third_Party/FreeRTOS/Source/portable/MemMang/heap_4.o
 .text.prvInsertBlockIntoFreeList
                0x0000000008011e58       0xb4 ./Middlewares/Third_Party/FreeRTOS/Source/portable/MemMang/heap_4.o
 .text.__assert_func
                0x0000000008011f0c       0x3c C:/ST/STM32CubeIDE_1.14.1/STM32CubeIDE/plugins/com.st.stm32cube.ide.mcu.externaltools.gnu-tools-for-stm32.11.3.rel1.win32_1.1.100.202309141235/tools/bin/../lib/gcc/arm-none-eabi/11.3.1/../../../../arm-none-eabi/lib/thumb/v7e-m+fp/hard\libc_nano.a(libc_a-assert.o)
                0x0000000008011f0c                __assert_func
 .text.atoi     0x0000000008011f48        0x8 C:/ST/STM32CubeIDE_1.14.1/STM32CubeIDE/plugins/com.st.stm32cube.ide.mcu.externaltools.gnu-tools-for-stm32.11.3.rel1.win32_1.1.100.202309141235/tools/bin/../lib/gcc/arm-none-eabi/11.3.1/../../../../arm-none-eabi/lib/thumb/v7e-m+fp/hard\libc_nano.a(libc_a-atoi.o)
                0x0000000008011f48                atoi
 .text.calloc   0x0000000008011f50       0x10 C:/ST/STM32CubeIDE_1.14.1/STM32CubeIDE/plugins/com.st.stm32cube.ide.mcu.externaltools.gnu-tools-for-stm32.11.3.rel1.win32_1.1.100.202309141235/tools/bin/../lib/gcc/arm-none-eabi/11.3.1/../../../../arm-none-eabi/lib/thumb/v7e-m+fp/hard\libc_nano.a(libc_a-calloc.o)
                0x0000000008011f50                calloc
 .text._calloc_r
                0x0000000008011f60       0x2c C:/ST/STM32CubeIDE_1.14.1/STM32CubeIDE/plugins/com.st.stm32cube.ide.mcu.externaltools.gnu-tools-for-stm32.11.3.rel1.win32_1.1.100.202309141235/tools/bin/../lib/gcc/arm-none-eabi/11.3.1/../../../../arm-none-eabi/lib/thumb/v7e-m+fp/hard\libc_nano.a(libc_a-callocr.o)
                0x0000000008011f60                _calloc_r
 .text.malloc   0x0000000008011f8c       0x10 C:/ST/STM32CubeIDE_1.14.1/STM32CubeIDE/plugins/com.st.stm32cube.ide.mcu.externaltools.gnu-tools-for-stm32.11.3.rel1.win32_1.1.100.202309141235/tools/bin/../lib/gcc/arm-none-eabi/11.3.1/../../../../arm-none-eabi/lib/thumb/v7e-m+fp/hard\libc_nano.a(libc_a-malloc.o)
                0x0000000008011f8c                malloc
 .text.free     0x0000000008011f9c       0x10 C:/ST/STM32CubeIDE_1.14.1/STM32CubeIDE/plugins/com.st.stm32cube.ide.mcu.externaltools.gnu-tools-for-stm32.11.3.rel1.win32_1.1.100.202309141235/tools/bin/../lib/gcc/arm-none-eabi/11.3.1/../../../../arm-none-eabi/lib/thumb/v7e-m+fp/hard\libc_nano.a(libc_a-malloc.o)
                0x0000000008011f9c                free
 .text.sbrk_aligned
                0x0000000008011fac       0x40 C:/ST/STM32CubeIDE_1.14.1/STM32CubeIDE/plugins/com.st.stm32cube.ide.mcu.externaltools.gnu-tools-for-stm32.11.3.rel1.win32_1.1.100.202309141235/tools/bin/../lib/gcc/arm-none-eabi/11.3.1/../../../../arm-none-eabi/lib/thumb/v7e-m+fp/hard\libc_nano.a(libc_a-mallocr.o)
 .text._malloc_r
                0x0000000008011fec      0x100 C:/ST/STM32CubeIDE_1.14.1/STM32CubeIDE/plugins/com.st.stm32cube.ide.mcu.externaltools.gnu-tools-for-stm32.11.3.rel1.win32_1.1.100.202309141235/tools/bin/../lib/gcc/arm-none-eabi/11.3.1/../../../../arm-none-eabi/lib/thumb/v7e-m+fp/hard\libc_nano.a(libc_a-mallocr.o)
                0x0000000008011fec                _malloc_r
 .text.__malloc_lock
                0x00000000080120ec        0xc C:/ST/STM32CubeIDE_1.14.1/STM32CubeIDE/plugins/com.st.stm32cube.ide.mcu.externaltools.gnu-tools-for-stm32.11.3.rel1.win32_1.1.100.202309141235/tools/bin/../lib/gcc/arm-none-eabi/11.3.1/../../../../arm-none-eabi/lib/thumb/v7e-m+fp/hard\libc_nano.a(libc_a-mlock.o)
                0x00000000080120ec                __malloc_lock
 .text.__malloc_unlock
                0x00000000080120f8        0xc C:/ST/STM32CubeIDE_1.14.1/STM32CubeIDE/plugins/com.st.stm32cube.ide.mcu.externaltools.gnu-tools-for-stm32.11.3.rel1.win32_1.1.100.202309141235/tools/bin/../lib/gcc/arm-none-eabi/11.3.1/../../../../arm-none-eabi/lib/thumb/v7e-m+fp/hard\libc_nano.a(libc_a-mlock.o)
                0x00000000080120f8                __malloc_unlock
 .text.srand    0x0000000008012104       0x5c C:/ST/STM32CubeIDE_1.14.1/STM32CubeIDE/plugins/com.st.stm32cube.ide.mcu.externaltools.gnu-tools-for-stm32.11.3.rel1.win32_1.1.100.202309141235/tools/bin/../lib/gcc/arm-none-eabi/11.3.1/../../../../arm-none-eabi/lib/thumb/v7e-m+fp/hard\libc_nano.a(libc_a-rand.o)
                0x0000000008012104                srand
 .text._strtol_l.constprop.0
                0x0000000008012160      0x104 C:/ST/STM32CubeIDE_1.14.1/STM32CubeIDE/plugins/com.st.stm32cube.ide.mcu.externaltools.gnu-tools-for-stm32.11.3.rel1.win32_1.1.100.202309141235/tools/bin/../lib/gcc/arm-none-eabi/11.3.1/../../../../arm-none-eabi/lib/thumb/v7e-m+fp/hard\libc_nano.a(libc_a-strtol.o)
 .text.strtol   0x0000000008012264       0x14 C:/ST/STM32CubeIDE_1.14.1/STM32CubeIDE/plugins/com.st.stm32cube.ide.mcu.externaltools.gnu-tools-for-stm32.11.3.rel1.win32_1.1.100.202309141235/tools/bin/../lib/gcc/arm-none-eabi/11.3.1/../../../../arm-none-eabi/lib/thumb/v7e-m+fp/hard\libc_nano.a(libc_a-strtol.o)
                0x0000000008012264                strtol
 .text.std      0x0000000008012278       0x6c C:/ST/STM32CubeIDE_1.14.1/STM32CubeIDE/plugins/com.st.stm32cube.ide.mcu.externaltools.gnu-tools-for-stm32.11.3.rel1.win32_1.1.100.202309141235/tools/bin/../lib/gcc/arm-none-eabi/11.3.1/../../../../arm-none-eabi/lib/thumb/v7e-m+fp/hard\libc_nano.a(libc_a-findfp.o)
 .text.stdio_exit_handler
                0x00000000080122e4       0x18 C:/ST/STM32CubeIDE_1.14.1/STM32CubeIDE/plugins/com.st.stm32cube.ide.mcu.externaltools.gnu-tools-for-stm32.11.3.rel1.win32_1.1.100.202309141235/tools/bin/../lib/gcc/arm-none-eabi/11.3.1/../../../../arm-none-eabi/lib/thumb/v7e-m+fp/hard\libc_nano.a(libc_a-findfp.o)
 .text.cleanup_stdio
                0x00000000080122fc       0x40 C:/ST/STM32CubeIDE_1.14.1/STM32CubeIDE/plugins/com.st.stm32cube.ide.mcu.externaltools.gnu-tools-for-stm32.11.3.rel1.win32_1.1.100.202309141235/tools/bin/../lib/gcc/arm-none-eabi/11.3.1/../../../../arm-none-eabi/lib/thumb/v7e-m+fp/hard\libc_nano.a(libc_a-findfp.o)
 .text.global_stdio_init.part.0
                0x000000000801233c       0x3c C:/ST/STM32CubeIDE_1.14.1/STM32CubeIDE/plugins/com.st.stm32cube.ide.mcu.externaltools.gnu-tools-for-stm32.11.3.rel1.win32_1.1.100.202309141235/tools/bin/../lib/gcc/arm-none-eabi/11.3.1/../../../../arm-none-eabi/lib/thumb/v7e-m+fp/hard\libc_nano.a(libc_a-findfp.o)
 .text.__sfp_lock_acquire
                0x0000000008012378        0xc C:/ST/STM32CubeIDE_1.14.1/STM32CubeIDE/plugins/com.st.stm32cube.ide.mcu.externaltools.gnu-tools-for-stm32.11.3.rel1.win32_1.1.100.202309141235/tools/bin/../lib/gcc/arm-none-eabi/11.3.1/../../../../arm-none-eabi/lib/thumb/v7e-m+fp/hard\libc_nano.a(libc_a-findfp.o)
                0x0000000008012378                __sfp_lock_acquire
 .text.__sfp_lock_release
                0x0000000008012384        0xc C:/ST/STM32CubeIDE_1.14.1/STM32CubeIDE/plugins/com.st.stm32cube.ide.mcu.externaltools.gnu-tools-for-stm32.11.3.rel1.win32_1.1.100.202309141235/tools/bin/../lib/gcc/arm-none-eabi/11.3.1/../../../../arm-none-eabi/lib/thumb/v7e-m+fp/hard\libc_nano.a(libc_a-findfp.o)
                0x0000000008012384                __sfp_lock_release
 .text.__sinit  0x0000000008012390       0x30 C:/ST/STM32CubeIDE_1.14.1/STM32CubeIDE/plugins/com.st.stm32cube.ide.mcu.externaltools.gnu-tools-for-stm32.11.3.rel1.win32_1.1.100.202309141235/tools/bin/../lib/gcc/arm-none-eabi/11.3.1/../../../../arm-none-eabi/lib/thumb/v7e-m+fp/hard\libc_nano.a(libc_a-findfp.o)
                0x0000000008012390                __sinit
 .text.fprintf  0x00000000080123c0       0x24 C:/ST/STM32CubeIDE_1.14.1/STM32CubeIDE/plugins/com.st.stm32cube.ide.mcu.externaltools.gnu-tools-for-stm32.11.3.rel1.win32_1.1.100.202309141235/tools/bin/../lib/gcc/arm-none-eabi/11.3.1/../../../../arm-none-eabi/lib/thumb/v7e-m+fp/hard\libc_nano.a(libc_a-fprintf.o)
                0x00000000080123c0                fiprintf
                0x00000000080123c0                fprintf
 .text._fwalk_sglue
                0x00000000080123e4       0x3c C:/ST/STM32CubeIDE_1.14.1/STM32CubeIDE/plugins/com.st.stm32cube.ide.mcu.externaltools.gnu-tools-for-stm32.11.3.rel1.win32_1.1.100.202309141235/tools/bin/../lib/gcc/arm-none-eabi/11.3.1/../../../../arm-none-eabi/lib/thumb/v7e-m+fp/hard\libc_nano.a(libc_a-fwalk.o)
                0x00000000080123e4                _fwalk_sglue
 .text.putchar  0x0000000008012420       0x10 C:/ST/STM32CubeIDE_1.14.1/STM32CubeIDE/plugins/com.st.stm32cube.ide.mcu.externaltools.gnu-tools-for-stm32.11.3.rel1.win32_1.1.100.202309141235/tools/bin/../lib/gcc/arm-none-eabi/11.3.1/../../../../arm-none-eabi/lib/thumb/v7e-m+fp/hard\libc_nano.a(libc_a-putchar.o)
                0x0000000008012420                putchar
 .text.__sread  0x0000000008012430       0x22 C:/ST/STM32CubeIDE_1.14.1/STM32CubeIDE/plugins/com.st.stm32cube.ide.mcu.externaltools.gnu-tools-for-stm32.11.3.rel1.win32_1.1.100.202309141235/tools/bin/../lib/gcc/arm-none-eabi/11.3.1/../../../../arm-none-eabi/lib/thumb/v7e-m+fp/hard\libc_nano.a(libc_a-stdio.o)
                0x0000000008012430                __sread
 .text.__swrite
                0x0000000008012452       0x38 C:/ST/STM32CubeIDE_1.14.1/STM32CubeIDE/plugins/com.st.stm32cube.ide.mcu.externaltools.gnu-tools-for-stm32.11.3.rel1.win32_1.1.100.202309141235/tools/bin/../lib/gcc/arm-none-eabi/11.3.1/../../../../arm-none-eabi/lib/thumb/v7e-m+fp/hard\libc_nano.a(libc_a-stdio.o)
                0x0000000008012452                __swrite
 .text.__sseek  0x000000000801248a       0x24 C:/ST/STM32CubeIDE_1.14.1/STM32CubeIDE/plugins/com.st.stm32cube.ide.mcu.externaltools.gnu-tools-for-stm32.11.3.rel1.win32_1.1.100.202309141235/tools/bin/../lib/gcc/arm-none-eabi/11.3.1/../../../../arm-none-eabi/lib/thumb/v7e-m+fp/hard\libc_nano.a(libc_a-stdio.o)
                0x000000000801248a                __sseek
 .text.__sclose
                0x00000000080124ae        0x8 C:/ST/STM32CubeIDE_1.14.1/STM32CubeIDE/plugins/com.st.stm32cube.ide.mcu.externaltools.gnu-tools-for-stm32.11.3.rel1.win32_1.1.100.202309141235/tools/bin/../lib/gcc/arm-none-eabi/11.3.1/../../../../arm-none-eabi/lib/thumb/v7e-m+fp/hard\libc_nano.a(libc_a-stdio.o)
                0x00000000080124ae                __sclose
 .text.memcmp   0x00000000080124b6       0x20 C:/ST/STM32CubeIDE_1.14.1/STM32CubeIDE/plugins/com.st.stm32cube.ide.mcu.externaltools.gnu-tools-for-stm32.11.3.rel1.win32_1.1.100.202309141235/tools/bin/../lib/gcc/arm-none-eabi/11.3.1/../../../../arm-none-eabi/lib/thumb/v7e-m+fp/hard\libc_nano.a(libc_a-memcmp.o)
                0x00000000080124b6                memcmp
 .text.memmove  0x00000000080124d6       0x34 C:/ST/STM32CubeIDE_1.14.1/STM32CubeIDE/plugins/com.st.stm32cube.ide.mcu.externaltools.gnu-tools-for-stm32.11.3.rel1.win32_1.1.100.202309141235/tools/bin/../lib/gcc/arm-none-eabi/11.3.1/../../../../arm-none-eabi/lib/thumb/v7e-m+fp/hard\libc_nano.a(libc_a-memmove.o)
                0x00000000080124d6                memmove
 .text.memset   0x000000000801250a       0x10 C:/ST/STM32CubeIDE_1.14.1/STM32CubeIDE/plugins/com.st.stm32cube.ide.mcu.externaltools.gnu-tools-for-stm32.11.3.rel1.win32_1.1.100.202309141235/tools/bin/../lib/gcc/arm-none-eabi/11.3.1/../../../../arm-none-eabi/lib/thumb/v7e-m+fp/hard\libc_nano.a(libc_a-memset.o)
                0x000000000801250a                memset
 .text.strchr   0x000000000801251a       0x1a C:/ST/STM32CubeIDE_1.14.1/STM32CubeIDE/plugins/com.st.stm32cube.ide.mcu.externaltools.gnu-tools-for-stm32.11.3.rel1.win32_1.1.100.202309141235/tools/bin/../lib/gcc/arm-none-eabi/11.3.1/../../../../arm-none-eabi/lib/thumb/v7e-m+fp/hard\libc_nano.a(libc_a-strchr.o)
                0x000000000801251a                strchr
 .text.strncmp  0x0000000008012534       0x24 C:/ST/STM32CubeIDE_1.14.1/STM32CubeIDE/plugins/com.st.stm32cube.ide.mcu.externaltools.gnu-tools-for-stm32.11.3.rel1.win32_1.1.100.202309141235/tools/bin/../lib/gcc/arm-none-eabi/11.3.1/../../../../arm-none-eabi/lib/thumb/v7e-m+fp/hard\libc_nano.a(libc_a-strncmp.o)
                0x0000000008012534                strncmp
 .text.strrchr  0x0000000008012558       0x30 C:/ST/STM32CubeIDE_1.14.1/STM32CubeIDE/plugins/com.st.stm32cube.ide.mcu.externaltools.gnu-tools-for-stm32.11.3.rel1.win32_1.1.100.202309141235/tools/bin/../lib/gcc/arm-none-eabi/11.3.1/../../../../arm-none-eabi/lib/thumb/v7e-m+fp/hard\libc_nano.a(libc_a-strrchr.o)
                0x0000000008012558                strrchr
 .text._close_r
                0x0000000008012588       0x20 C:/ST/STM32CubeIDE_1.14.1/STM32CubeIDE/plugins/com.st.stm32cube.ide.mcu.externaltools.gnu-tools-for-stm32.11.3.rel1.win32_1.1.100.202309141235/tools/bin/../lib/gcc/arm-none-eabi/11.3.1/../../../../arm-none-eabi/lib/thumb/v7e-m+fp/hard\libc_nano.a(libc_a-closer.o)
                0x0000000008012588                _close_r
 .text._lseek_r
                0x00000000080125a8       0x24 C:/ST/STM32CubeIDE_1.14.1/STM32CubeIDE/plugins/com.st.stm32cube.ide.mcu.externaltools.gnu-tools-for-stm32.11.3.rel1.win32_1.1.100.202309141235/tools/bin/../lib/gcc/arm-none-eabi/11.3.1/../../../../arm-none-eabi/lib/thumb/v7e-m+fp/hard\libc_nano.a(libc_a-lseekr.o)
                0x00000000080125a8                _lseek_r
 .text._read_r  0x00000000080125cc       0x24 C:/ST/STM32CubeIDE_1.14.1/STM32CubeIDE/plugins/com.st.stm32cube.ide.mcu.externaltools.gnu-tools-for-stm32.11.3.rel1.win32_1.1.100.202309141235/tools/bin/../lib/gcc/arm-none-eabi/11.3.1/../../../../arm-none-eabi/lib/thumb/v7e-m+fp/hard\libc_nano.a(libc_a-readr.o)
                0x00000000080125cc                _read_r
 .text._sbrk_r  0x00000000080125f0       0x20 C:/ST/STM32CubeIDE_1.14.1/STM32CubeIDE/plugins/com.st.stm32cube.ide.mcu.externaltools.gnu-tools-for-stm32.11.3.rel1.win32_1.1.100.202309141235/tools/bin/../lib/gcc/arm-none-eabi/11.3.1/../../../../arm-none-eabi/lib/thumb/v7e-m+fp/hard\libc_nano.a(libc_a-sbrkr.o)
                0x00000000080125f0                _sbrk_r
 .text._write_r
                0x0000000008012610       0x24 C:/ST/STM32CubeIDE_1.14.1/STM32CubeIDE/plugins/com.st.stm32cube.ide.mcu.externaltools.gnu-tools-for-stm32.11.3.rel1.win32_1.1.100.202309141235/tools/bin/../lib/gcc/arm-none-eabi/11.3.1/../../../../arm-none-eabi/lib/thumb/v7e-m+fp/hard\libc_nano.a(libc_a-writer.o)
                0x0000000008012610                _write_r
 .text.__errno  0x0000000008012634        0xc C:/ST/STM32CubeIDE_1.14.1/STM32CubeIDE/plugins/com.st.stm32cube.ide.mcu.externaltools.gnu-tools-for-stm32.11.3.rel1.win32_1.1.100.202309141235/tools/bin/../lib/gcc/arm-none-eabi/11.3.1/../../../../arm-none-eabi/lib/thumb/v7e-m+fp/hard\libc_nano.a(libc_a-errno.o)
                0x0000000008012634                __errno
 .text.__libc_init_array
                0x0000000008012640       0x48 C:/ST/STM32CubeIDE_1.14.1/STM32CubeIDE/plugins/com.st.stm32cube.ide.mcu.externaltools.gnu-tools-for-stm32.11.3.rel1.win32_1.1.100.202309141235/tools/bin/../lib/gcc/arm-none-eabi/11.3.1/../../../../arm-none-eabi/lib/thumb/v7e-m+fp/hard\libc_nano.a(libc_a-init.o)
                0x0000000008012640                __libc_init_array
 .text.__retarget_lock_init_recursive
                0x0000000008012688        0x2 C:/ST/STM32CubeIDE_1.14.1/STM32CubeIDE/plugins/com.st.stm32cube.ide.mcu.externaltools.gnu-tools-for-stm32.11.3.rel1.win32_1.1.100.202309141235/tools/bin/../lib/gcc/arm-none-eabi/11.3.1/../../../../arm-none-eabi/lib/thumb/v7e-m+fp/hard\libc_nano.a(libc_a-lock.o)
                0x0000000008012688                __retarget_lock_init_recursive
 .text.__retarget_lock_acquire_recursive
                0x000000000801268a        0x2 C:/ST/STM32CubeIDE_1.14.1/STM32CubeIDE/plugins/com.st.stm32cube.ide.mcu.externaltools.gnu-tools-for-stm32.11.3.rel1.win32_1.1.100.202309141235/tools/bin/../lib/gcc/arm-none-eabi/11.3.1/../../../../arm-none-eabi/lib/thumb/v7e-m+fp/hard\libc_nano.a(libc_a-lock.o)
                0x000000000801268a                __retarget_lock_acquire_recursive
 .text.__retarget_lock_release_recursive
                0x000000000801268c        0x2 C:/ST/STM32CubeIDE_1.14.1/STM32CubeIDE/plugins/com.st.stm32cube.ide.mcu.externaltools.gnu-tools-for-stm32.11.3.rel1.win32_1.1.100.202309141235/tools/bin/../lib/gcc/arm-none-eabi/11.3.1/../../../../arm-none-eabi/lib/thumb/v7e-m+fp/hard\libc_nano.a(libc_a-lock.o)
                0x000000000801268c                __retarget_lock_release_recursive
 .text.strcpy   0x000000000801268e       0x10 C:/ST/STM32CubeIDE_1.14.1/STM32CubeIDE/plugins/com.st.stm32cube.ide.mcu.externaltools.gnu-tools-for-stm32.11.3.rel1.win32_1.1.100.202309141235/tools/bin/../lib/gcc/arm-none-eabi/11.3.1/../../../../arm-none-eabi/lib/thumb/v7e-m+fp/hard\libc_nano.a(libc_a-strcpy.o)
                0x000000000801268e                strcpy
 .text.memcpy   0x000000000801269e       0x1c C:/ST/STM32CubeIDE_1.14.1/STM32CubeIDE/plugins/com.st.stm32cube.ide.mcu.externaltools.gnu-tools-for-stm32.11.3.rel1.win32_1.1.100.202309141235/tools/bin/../lib/gcc/arm-none-eabi/11.3.1/../../../../arm-none-eabi/lib/thumb/v7e-m+fp/hard\libc_nano.a(libc_a-memcpy-stub.o)
                0x000000000801269e                memcpy
 .text.abort    0x00000000080126ba        0xe C:/ST/STM32CubeIDE_1.14.1/STM32CubeIDE/plugins/com.st.stm32cube.ide.mcu.externaltools.gnu-tools-for-stm32.11.3.rel1.win32_1.1.100.202309141235/tools/bin/../lib/gcc/arm-none-eabi/11.3.1/../../../../arm-none-eabi/lib/thumb/v7e-m+fp/hard\libc_nano.a(libc_a-abort.o)
                0x00000000080126ba                abort
 .text._free_r  0x00000000080126c8       0x98 C:/ST/STM32CubeIDE_1.14.1/STM32CubeIDE/plugins/com.st.stm32cube.ide.mcu.externaltools.gnu-tools-for-stm32.11.3.rel1.win32_1.1.100.202309141235/tools/bin/../lib/gcc/arm-none-eabi/11.3.1/../../../../arm-none-eabi/lib/thumb/v7e-m+fp/hard\libc_nano.a(libc_a-freer.o)
                0x00000000080126c8                _free_r
 .text.__sfputc_r
                0x0000000008012760       0x2e C:/ST/STM32CubeIDE_1.14.1/STM32CubeIDE/plugins/com.st.stm32cube.ide.mcu.externaltools.gnu-tools-for-stm32.11.3.rel1.win32_1.1.100.202309141235/tools/bin/../lib/gcc/arm-none-eabi/11.3.1/../../../../arm-none-eabi/lib/thumb/v7e-m+fp/hard\libc_nano.a(libc_a-nano-vfprintf.o)
 .text.__sfputs_r
                0x000000000801278e       0x24 C:/ST/STM32CubeIDE_1.14.1/STM32CubeIDE/plugins/com.st.stm32cube.ide.mcu.externaltools.gnu-tools-for-stm32.11.3.rel1.win32_1.1.100.202309141235/tools/bin/../lib/gcc/arm-none-eabi/11.3.1/../../../../arm-none-eabi/lib/thumb/v7e-m+fp/hard\libc_nano.a(libc_a-nano-vfprintf.o)
                0x000000000801278e                __sfputs_r
 *fill*         0x00000000080127b2        0x2 
 .text._vfprintf_r
                0x00000000080127b4      0x234 C:/ST/STM32CubeIDE_1.14.1/STM32CubeIDE/plugins/com.st.stm32cube.ide.mcu.externaltools.gnu-tools-for-stm32.11.3.rel1.win32_1.1.100.202309141235/tools/bin/../lib/gcc/arm-none-eabi/11.3.1/../../../../arm-none-eabi/lib/thumb/v7e-m+fp/hard\libc_nano.a(libc_a-nano-vfprintf.o)
                0x00000000080127b4                _vfprintf_r
                0x00000000080127b4                _vfiprintf_r
 .text._printf_common
                0x00000000080129e8       0xda C:/ST/STM32CubeIDE_1.14.1/STM32CubeIDE/plugins/com.st.stm32cube.ide.mcu.externaltools.gnu-tools-for-stm32.11.3.rel1.win32_1.1.100.202309141235/tools/bin/../lib/gcc/arm-none-eabi/11.3.1/../../../../arm-none-eabi/lib/thumb/v7e-m+fp/hard\libc_nano.a(libc_a-nano-vfprintf_i.o)
                0x00000000080129e8                _printf_common
 *fill*         0x0000000008012ac2        0x2 
 .text._printf_i
                0x0000000008012ac4      0x244 C:/ST/STM32CubeIDE_1.14.1/STM32CubeIDE/plugins/com.st.stm32cube.ide.mcu.externaltools.gnu-tools-for-stm32.11.3.rel1.win32_1.1.100.202309141235/tools/bin/../lib/gcc/arm-none-eabi/11.3.1/../../../../arm-none-eabi/lib/thumb/v7e-m+fp/hard\libc_nano.a(libc_a-nano-vfprintf_i.o)
                0x0000000008012ac4                _printf_i
 .text.__sflush_r
                0x0000000008012d08      0x10c C:/ST/STM32CubeIDE_1.14.1/STM32CubeIDE/plugins/com.st.stm32cube.ide.mcu.externaltools.gnu-tools-for-stm32.11.3.rel1.win32_1.1.100.202309141235/tools/bin/../lib/gcc/arm-none-eabi/11.3.1/../../../../arm-none-eabi/lib/thumb/v7e-m+fp/hard\libc_nano.a(libc_a-fflush.o)
                0x0000000008012d08                __sflush_r
 .text._fflush_r
                0x0000000008012e14       0x50 C:/ST/STM32CubeIDE_1.14.1/STM32CubeIDE/plugins/com.st.stm32cube.ide.mcu.externaltools.gnu-tools-for-stm32.11.3.rel1.win32_1.1.100.202309141235/tools/bin/../lib/gcc/arm-none-eabi/11.3.1/../../../../arm-none-eabi/lib/thumb/v7e-m+fp/hard\libc_nano.a(libc_a-fflush.o)
                0x0000000008012e14                _fflush_r
 .text._putc_r  0x0000000008012e64       0x68 C:/ST/STM32CubeIDE_1.14.1/STM32CubeIDE/plugins/com.st.stm32cube.ide.mcu.externaltools.gnu-tools-for-stm32.11.3.rel1.win32_1.1.100.202309141235/tools/bin/../lib/gcc/arm-none-eabi/11.3.1/../../../../arm-none-eabi/lib/thumb/v7e-m+fp/hard\libc_nano.a(libc_a-putc.o)
                0x0000000008012e64                _putc_r
 .text.__swbuf_r
                0x0000000008012ecc       0x7a C:/ST/STM32CubeIDE_1.14.1/STM32CubeIDE/plugins/com.st.stm32cube.ide.mcu.externaltools.gnu-tools-for-stm32.11.3.rel1.win32_1.1.100.202309141235/tools/bin/../lib/gcc/arm-none-eabi/11.3.1/../../../../arm-none-eabi/lib/thumb/v7e-m+fp/hard\libc_nano.a(libc_a-wbuf.o)
                0x0000000008012ecc                __swbuf_r
 *fill*         0x0000000008012f46        0x2 
 .text.__swsetup_r
                0x0000000008012f48       0xb0 C:/ST/STM32CubeIDE_1.14.1/STM32CubeIDE/plugins/com.st.stm32cube.ide.mcu.externaltools.gnu-tools-for-stm32.11.3.rel1.win32_1.1.100.202309141235/tools/bin/../lib/gcc/arm-none-eabi/11.3.1/../../../../arm-none-eabi/lib/thumb/v7e-m+fp/hard\libc_nano.a(libc_a-wsetup.o)
                0x0000000008012f48                __swsetup_r
 .text._raise_r