Archive member included to satisfy reference by file (symbol)

C:/Program Files/STMicroelectronics/STM32CubeIDE_1.13.2/STM32CubeIDE/plugins/com.st.stm32cube.ide.mcu.externaltools.gnu-tools-for-stm32.11.3.rel1.win32_1.1.1.202309131626/tools/bin/../lib/gcc/arm-none-eabi/11.3.1/../../../../arm-none-eabi/lib/thumb/v7e-m+fp/hard\libc_nano.a(libc_a-assert.o)
                              ./Core/Src/mongoose.o (__assert_func)
C:/Program Files/STMicroelectronics/STM32CubeIDE_1.13.2/STM32CubeIDE/plugins/com.st.stm32cube.ide.mcu.externaltools.gnu-tools-for-stm32.11.3.rel1.win32_1.1.1.202309131626/tools/bin/../lib/gcc/arm-none-eabi/11.3.1/../../../../arm-none-eabi/lib/thumb/v7e-m+fp/hard\libc_nano.a(libc_a-atoi.o)
                              ./Core/Src/mongoose.o (atoi)
C:/Program Files/STMicroelectronics/STM32CubeIDE_1.13.2/STM32CubeIDE/plugins/com.st.stm32cube.ide.mcu.externaltools.gnu-tools-for-stm32.11.3.rel1.win32_1.1.1.202309131626/tools/bin/../lib/gcc/arm-none-eabi/11.3.1/../../../../arm-none-eabi/lib/thumb/v7e-m+fp/hard\libc_nano.a(libc_a-calloc.o)
                              ./Core/Src/mongoose.o (calloc)
C:/Program Files/STMicroelectronics/STM32CubeIDE_1.13.2/STM32CubeIDE/plugins/com.st.stm32cube.ide.mcu.externaltools.gnu-tools-for-stm32.11.3.rel1.win32_1.1.1.202309131626/tools/bin/../lib/gcc/arm-none-eabi/11.3.1/../../../../arm-none-eabi/lib/thumb/v7e-m+fp/hard\libc_nano.a(libc_a-callocr.o)
                              C:/Program Files/STMicroelectronics/STM32CubeIDE_1.13.2/STM32CubeIDE/plugins/com.st.stm32cube.ide.mcu.externaltools.gnu-tools-for-stm32.11.3.rel1.win32_1.1.1.202309131626/tools/bin/../lib/gcc/arm-none-eabi/11.3.1/../../../../arm-none-eabi/lib/thumb/v7e-m+fp/hard\libc_nano.a(libc_a-calloc.o) (_calloc_r)
C:/Program Files/STMicroelectronics/STM32CubeIDE_1.13.2/STM32CubeIDE/plugins/com.st.stm32cube.ide.mcu.externaltools.gnu-tools-for-stm32.11.3.rel1.win32_1.1.1.202309131626/tools/bin/../lib/gcc/arm-none-eabi/11.3.1/../../../../arm-none-eabi/lib/thumb/v7e-m+fp/hard\libc_nano.a(libc_a-exit.o)
                              C:/Program Files/STMicroelectronics/STM32CubeIDE_1.13.2/STM32CubeIDE/plugins/com.st.stm32cube.ide.mcu.externaltools.gnu-tools-for-stm32.11.3.rel1.win32_1.1.1.202309131626/tools/bin/../lib/gcc/arm-none-eabi/11.3.1/../../../../arm-none-eabi/lib/thumb/v7e-m+fp/hard/crt0.o (exit)
C:/Program Files/STMicroelectronics/STM32CubeIDE_1.13.2/STM32CubeIDE/plugins/com.st.stm32cube.ide.mcu.externaltools.gnu-tools-for-stm32.11.3.rel1.win32_1.1.1.202309131626/tools/bin/../lib/gcc/arm-none-eabi/11.3.1/../../../../arm-none-eabi/lib/thumb/v7e-m+fp/hard\libc_nano.a(libc_a-malloc.o)
                              ./Core/Src/mongoose.o (free)
C:/Program Files/STMicroelectronics/STM32CubeIDE_1.13.2/STM32CubeIDE/plugins/com.st.stm32cube.ide.mcu.externaltools.gnu-tools-for-stm32.11.3.rel1.win32_1.1.1.202309131626/tools/bin/../lib/gcc/arm-none-eabi/11.3.1/../../../../arm-none-eabi/lib/thumb/v7e-m+fp/hard\libc_nano.a(libc_a-mallocr.o)
                              C:/Program Files/STMicroelectronics/STM32CubeIDE_1.13.2/STM32CubeIDE/plugins/com.st.stm32cube.ide.mcu.externaltools.gnu-tools-for-stm32.11.3.rel1.win32_1.1.1.202309131626/tools/bin/../lib/gcc/arm-none-eabi/11.3.1/../../../../arm-none-eabi/lib/thumb/v7e-m+fp/hard\libc_nano.a(libc_a-callocr.o) (_malloc_r)
C:/Program Files/STMicroelectronics/STM32CubeIDE_1.13.2/STM32CubeIDE/plugins/com.st.stm32cube.ide.mcu.externaltools.gnu-tools-for-stm32.11.3.rel1.win32_1.1.1.202309131626/tools/bin/../lib/gcc/arm-none-eabi/11.3.1/../../../../arm-none-eabi/lib/thumb/v7e-m+fp/hard\libc_nano.a(libc_a-mlock.o)
                              C:/Program Files/STMicroelectronics/STM32CubeIDE_1.13.2/STM32CubeIDE/plugins/com.st.stm32cube.ide.mcu.externaltools.gnu-tools-for-stm32.11.3.rel1.win32_1.1.1.202309131626/tools/bin/../lib/gcc/arm-none-eabi/11.3.1/../../../../arm-none-eabi/lib/thumb/v7e-m+fp/hard\libc_nano.a(libc_a-mallocr.o) (__malloc_lock)
C:/Program Files/STMicroelectronics/STM32CubeIDE_1.13.2/STM32CubeIDE/plugins/com.st.stm32cube.ide.mcu.externaltools.gnu-tools-for-stm32.11.3.rel1.win32_1.1.1.202309131626/tools/bin/../lib/gcc/arm-none-eabi/11.3.1/../../../../arm-none-eabi/lib/thumb/v7e-m+fp/hard\libc_nano.a(libc_a-rand.o)
                              ./Core/Src/mongoose.o (srand)
C:/Program Files/STMicroelectronics/STM32CubeIDE_1.13.2/STM32CubeIDE/plugins/com.st.stm32cube.ide.mcu.externaltools.gnu-tools-for-stm32.11.3.rel1.win32_1.1.1.202309131626/tools/bin/../lib/gcc/arm-none-eabi/11.3.1/../../../../arm-none-eabi/lib/thumb/v7e-m+fp/hard\libc_nano.a(libc_a-strtol.o)
                              C:/Program Files/STMicroelectronics/STM32CubeIDE_1.13.2/STM32CubeIDE/plugins/com.st.stm32cube.ide.mcu.externaltools.gnu-tools-for-stm32.11.3.rel1.win32_1.1.1.202309131626/tools/bin/../lib/gcc/arm-none-eabi/11.3.1/../../../../arm-none-eabi/lib/thumb/v7e-m+fp/hard\libc_nano.a(libc_a-atoi.o) (_strtol_r)
[...]
Memory Configuration

Name             Origin             Length             Attributes
RAM              0x0000000020000000 0x0000000000050000 xrw
FLASH            0x0000000008000000 0x0000000000100000 xr
*default*        0x0000000000000000 0xffffffffffffffff

Linker script and memory map

LOAD C:/Program Files/STMicroelectronics/STM32CubeIDE_1.13.2/STM32CubeIDE/plugins/com.st.stm32cube.ide.mcu.externaltools.gnu-tools-for-stm32.11.3.rel1.win32_1.1.1.202309131626/tools/bin/../lib/gcc/arm-none-eabi/11.3.1/thumb/v7e-m+fp/hard/crti.o
LOAD C:/Program Files/STMicroelectronics/STM32CubeIDE_1.13.2/STM32CubeIDE/plugins/com.st.stm32cube.ide.mcu.externaltools.gnu-tools-for-stm32.11.3.rel1.win32_1.1.1.202309131626/tools/bin/../lib/gcc/arm-none-eabi/11.3.1/thumb/v7e-m+fp/hard/crtbegin.o
LOAD C:/Program Files/STMicroelectronics/STM32CubeIDE_1.13.2/STM32CubeIDE/plugins/com.st.stm32cube.ide.mcu.externaltools.gnu-tools-for-stm32.11.3.rel1.win32_1.1.1.202309131626/tools/bin/../lib/gcc/arm-none-eabi/11.3.1/../../../../arm-none-eabi/lib/thumb/v7e-m+fp/hard/crt0.o
LOAD ./Core/Src/freertos.o
LOAD ./Core/Src/main.o
LOAD ./Core/Src/mongoose.o
LOAD ./Core/Src/packed_fs.o
LOAD ./Core/Src/stm32f7xx_hal_msp.o
LOAD ./Core/Src/stm32f7xx_hal_timebase_tim.o
LOAD ./Core/Src/stm32f7xx_it.o
LOAD ./Core/Src/syscalls.o
LOAD ./Core/Src/sysmem.o
LOAD ./Core/Src/system_stm32f7xx.o
LOAD ./Core/Startup/startup_stm32f746zgtx.o
LOAD ./Drivers/STM32F7xx_HAL_Driver/Src/stm32f7xx_hal.o
LOAD ./Drivers/STM32F7xx_HAL_Driver/Src/stm32f7xx_hal_cortex.o
LOAD ./Drivers/STM32F7xx_HAL_Driver/Src/stm32f7xx_hal_dma.o
LOAD ./Drivers/STM32F7xx_HAL_Driver/Src/stm32f7xx_hal_dma_ex.o
LOAD ./Drivers/STM32F7xx_HAL_Driver/Src/stm32f7xx_hal_eth.o
LOAD ./Drivers/STM32F7xx_HAL_Driver/Src/stm32f7xx_hal_exti.o
LOAD ./Drivers/STM32F7xx_HAL_Driver/Src/stm32f7xx_hal_flash.o
LOAD ./Drivers/STM32F7xx_HAL_Driver/Src/stm32f7xx_hal_flash_ex.o
LOAD ./Drivers/STM32F7xx_HAL_Driver/Src/stm32f7xx_hal_gpio.o
LOAD ./Drivers/STM32F7xx_HAL_Driver/Src/stm32f7xx_hal_i2c.o
LOAD ./Drivers/STM32F7xx_HAL_Driver/Src/stm32f7xx_hal_i2c_ex.o
LOAD ./Drivers/STM32F7xx_HAL_Driver/Src/stm32f7xx_hal_pwr.o
LOAD ./Drivers/STM32F7xx_HAL_Driver/Src/stm32f7xx_hal_pwr_ex.o
LOAD ./Drivers/STM32F7xx_HAL_Driver/Src/stm32f7xx_hal_rcc.o
LOAD ./Drivers/STM32F7xx_HAL_Driver/Src/stm32f7xx_hal_rcc_ex.o
LOAD ./Drivers/STM32F7xx_HAL_Driver/Src/stm32f7xx_hal_rng.o
LOAD ./Drivers/STM32F7xx_HAL_Driver/Src/stm32f7xx_hal_tim.o
LOAD ./Drivers/STM32F7xx_HAL_Driver/Src/stm32f7xx_hal_tim_ex.o
LOAD ./Drivers/STM32F7xx_HAL_Driver/Src/stm32f7xx_hal_uart.o
LOAD ./Drivers/STM32F7xx_HAL_Driver/Src/stm32f7xx_hal_uart_ex.o
LOAD ./Middlewares/Third_Party/FreeRTOS/Source/CMSIS_RTOS_V2/cmsis_os2.o
LOAD ./Middlewares/Third_Party/FreeRTOS/Source/croutine.o
LOAD ./Middlewares/Third_Party/FreeRTOS/Source/event_groups.o
LOAD ./Middlewares/Third_Party/FreeRTOS/Source/list.o
LOAD ./Middlewares/Third_Party/FreeRTOS/Source/queue.o
LOAD ./Middlewares/Third_Party/FreeRTOS/Source/stream_buffer.o
LOAD ./Middlewares/Third_Party/FreeRTOS/Source/tasks.o
LOAD ./Middlewares/Third_Party/FreeRTOS/Source/timers.o
LOAD ./Middlewares/Third_Party/FreeRTOS/Source/portable/GCC/ARM_CM7/r0p1/port.o
LOAD ./Middlewares/Third_Party/FreeRTOS/Source/portable/MemMang/heap_4.o
START GROUP
LOAD C:/Program Files/STMicroelectronics/STM32CubeIDE_1.13.2/STM32CubeIDE/plugins/com.st.stm32cube.ide.mcu.externaltools.gnu-tools-for-stm32.11.3.rel1.win32_1.1.1.202309131626/tools/bin/../lib/gcc/arm-none-eabi/11.3.1/../../../../arm-none-eabi/lib/thumb/v7e-m+fp/hard\libc_nano.a
LOAD C:/Program Files/STMicroelectronics/STM32CubeIDE_1.13.2/STM32CubeIDE/plugins/com.st.stm32cube.ide.mcu.externaltools.gnu-tools-for-stm32.11.3.rel1.win32_1.1.1.202309131626/tools/bin/../lib/gcc/arm-none-eabi/11.3.1/../../../../arm-none-eabi/lib/thumb/v7e-m+fp/hard\libm.a
END GROUP
START GROUP
LOAD C:/Program Files/STMicroelectronics/STM32CubeIDE_1.13.2/STM32CubeIDE/plugins/com.st.stm32cube.ide.mcu.externaltools.gnu-tools-for-stm32.11.3.rel1.win32_1.1.1.202309131626/tools/bin/../lib/gcc/arm-none-eabi/11.3.1/thumb/v7e-m+fp/hard\libgcc.a
LOAD C:/Program Files/STMicroelectronics/STM32CubeIDE_1.13.2/STM32CubeIDE/plugins/com.st.stm32cube.ide.mcu.externaltools.gnu-tools-for-stm32.11.3.rel1.win32_1.1.1.202309131626/tools/bin/../lib/gcc/arm-none-eabi/11.3.1/../../../../arm-none-eabi/lib/thumb/v7e-m+fp/hard\libc_nano.a
END GROUP
START GROUP
LOAD C:/Program Files/STMicroelectronics/STM32CubeIDE_1.13.2/STM32CubeIDE/plugins/com.st.stm32cube.ide.mcu.externaltools.gnu-tools-for-stm32.11.3.rel1.win32_1.1.1.202309131626/tools/bin/../lib/gcc/arm-none-eabi/11.3.1/thumb/v7e-m+fp/hard\libgcc.a
LOAD C:/Program Files/STMicroelectronics/STM32CubeIDE_1.13.2/STM32CubeIDE/plugins/com.st.stm32cube.ide.mcu.externaltools.gnu-tools-for-stm32.11.3.rel1.win32_1.1.1.202309131626/tools/bin/../lib/gcc/arm-none-eabi/11.3.1/../../../../arm-none-eabi/lib/thumb/v7e-m+fp/hard\libc_nano.a
LOAD C:/Program Files/STMicroelectronics/STM32CubeIDE_1.13.2/STM32CubeIDE/plugins/com.st.stm32cube.ide.mcu.externaltools.gnu-tools-for-stm32.11.3.rel1.win32_1.1.1.202309131626/tools/bin/../lib/gcc/arm-none-eabi/11.3.1/../../../../arm-none-eabi/lib/thumb/v7e-m+fp/hard\libnosys.a
END GROUP
START GROUP
LOAD C:/Program Files/STMicroelectronics/STM32CubeIDE_1.13.2/STM32CubeIDE/plugins/com.st.stm32cube.ide.mcu.externaltools.gnu-tools-for-stm32.11.3.rel1.win32_1.1.1.202309131626/tools/bin/../lib/gcc/arm-none-eabi/11.3.1/thumb/v7e-m+fp/hard\libgcc.a
LOAD C:/Program Files/STMicroelectronics/STM32CubeIDE_1.13.2/STM32CubeIDE/plugins/com.st.stm32cube.ide.mcu.externaltools.gnu-tools-for-stm32.11.3.rel1.win32_1.1.1.202309131626/tools/bin/../lib/gcc/arm-none-eabi/11.3.1/../../../../arm-none-eabi/lib/thumb/v7e-m+fp/hard\libc_nano.a
LOAD C:/Program Files/STMicroelectronics/STM32CubeIDE_1.13.2/STM32CubeIDE/plugins/com.st.stm32cube.ide.mcu.externaltools.gnu-tools-for-stm32.11.3.rel1.win32_1.1.1.202309131626/tools/bin/../lib/gcc/arm-none-eabi/11.3.1/../../../../arm-none-eabi/lib/thumb/v7e-m+fp/hard\libnosys.a
END GROUP
LOAD C:/Program Files/STMicroelectronics/STM32CubeIDE_1.13.2/STM32CubeIDE/plugins/com.st.stm32cube.ide.mcu.externaltools.gnu-tools-for-stm32.11.3.rel1.win32_1.1.1.202309131626/tools/bin/../lib/gcc/arm-none-eabi/11.3.1/thumb/v7e-m+fp/hard/crtend.o
LOAD C:/Program Files/STMicroelectronics/STM32CubeIDE_1.13.2/STM32CubeIDE/plugins/com.st.stm32cube.ide.mcu.externaltools.gnu-tools-for-stm32.11.3.rel1.win32_1.1.1.202309131626/tools/bin/../lib/gcc/arm-none-eabi/11.3.1/thumb/v7e-m+fp/hard/crtn.o
                0x0000000020050000                _estack = (ORIGIN (RAM) + LENGTH (RAM))
                0x0000000000000200                _Min_Heap_Size = 0x200
                0x0000000000000400                _Min_Stack_Size = 0x400

.isr_vector     0x0000000008000000      0x1c8
                0x0000000008000000                . = ALIGN (0x4)
 *(.isr_vector)
 .isr_vector    0x0000000008000000      0x1c8 ./Core/Startup/startup_stm32f746zgtx.o
                0x0000000008000000                g_pfnVectors
                0x00000000080001c8                . = ALIGN (0x4)

.text           0x00000000080001d0     0xa710
                0x00000000080001d0                . = ALIGN (0x4)
 *(.text)
 .text          0x00000000080001d0       0x40 C:/Program Files/STMicroelectronics/STM32CubeIDE_1.13.2/STM32CubeIDE/plugins/com.st.stm32cube.ide.mcu.externaltools.gnu-tools-for-stm32.11.3.rel1.win32_1.1.1.202309131626/tools/bin/../lib/gcc/arm-none-eabi/11.3.1/thumb/v7e-m+fp/hard/crtbegin.o
 .text          0x0000000008000210       0xa0 C:/Program Files/STMicroelectronics/STM32CubeIDE_1.13.2/STM32CubeIDE/plugins/com.st.stm32cube.ide.mcu.externaltools.gnu-tools-for-stm32.11.3.rel1.win32_1.1.1.202309131626/tools/bin/../lib/gcc/arm-none-eabi/11.3.1/../../../../arm-none-eabi/lib/thumb/v7e-m+fp/hard\libc_nano.a(libc_a-memchr.o)
                0x0000000008000210                memchr
 .text          0x00000000080002b0       0x10 C:/Program Files/STMicroelectronics/STM32CubeIDE_1.13.2/STM32CubeIDE/plugins/com.st.stm32cube.ide.mcu.externaltools.gnu-tools-for-stm32.11.3.rel1.win32_1.1.1.202309131626/tools/bin/../lib/gcc/arm-none-eabi/11.3.1/../../../../arm-none-eabi/lib/thumb/v7e-m+fp/hard\libc_nano.a(libc_a-strlen.o)
                0x00000000080002b0                strlen
 .text          0x00000000080002c0      0x378 C:/Program Files/STMicroelectronics/STM32CubeIDE_1.13.2/STM32CubeIDE/plugins/com.st.stm32cube.ide.mcu.externaltools.gnu-tools-for-stm32.11.3.rel1.win32_1.1.1.202309131626/tools/bin/../lib/gcc/arm-none-eabi/11.3.1/thumb/v7e-m+fp/hard\libgcc.a(_arm_addsubdf3.o)
                0x00000000080002c0                __aeabi_drsub
                0x00000000080002c8                __aeabi_dsub
                0x00000000080002c8                __subdf3
                0x00000000080002cc                __aeabi_dadd
                0x00000000080002cc                __adddf3
                0x0000000008000544                __floatunsidf
                0x0000000008000544                __aeabi_ui2d
                0x0000000008000564                __floatsidf
                0x0000000008000564                __aeabi_i2d
                0x0000000008000588                __aeabi_f2d
                0x0000000008000588                __extendsfdf2
                0x00000000080005cc                __floatundidf
                0x00000000080005cc                __aeabi_ul2d
                0x00000000080005dc                __floatdidf
                0x00000000080005dc                __aeabi_l2d
 .text          0x0000000008000638      0x424 C:/Program Files/STMicroelectronics/STM32CubeIDE_1.13.2/STM32CubeIDE/plugins/com.st.stm32cube.ide.mcu.externaltools.gnu-tools-for-stm32.11.3.rel1.win32_1.1.1.202309131626/tools/bin/../lib/gcc/arm-none-eabi/11.3.1/thumb/v7e-m+fp/hard\libgcc.a(_arm_muldivdf3.o)
                0x0000000008000638                __aeabi_dmul
                0x0000000008000638                __muldf3
                0x000000000800088c                __divdf3
                0x000000000800088c                __aeabi_ddiv
 .text          0x0000000008000a5c      0x110 C:/Program Files/STMicroelectronics/STM32CubeIDE_1.13.2/STM32CubeIDE/plugins/com.st.stm32cube.ide.mcu.externaltools.gnu-tools-for-stm32.11.3.rel1.win32_1.1.1.202309131626/tools/bin/../lib/gcc/arm-none-eabi/11.3.1/thumb/v7e-m+fp/hard\libgcc.a(_arm_cmpdf2.o)
                0x0000000008000a5c                __gtdf2
                0x0000000008000a5c                __gedf2
                0x0000000008000a64                __ltdf2
                0x0000000008000a64                __ledf2
                0x0000000008000a6c                __nedf2
                0x0000000008000a6c                __eqdf2
                0x0000000008000a6c                __cmpdf2
                0x0000000008000ae8                __aeabi_cdrcmple
                0x0000000008000af8                __aeabi_cdcmpeq
                0x0000000008000af8                __aeabi_cdcmple
                0x0000000008000b08                __aeabi_dcmpeq
                0x0000000008000b1c                __aeabi_dcmplt
                0x0000000008000b30                __aeabi_dcmple
                0x0000000008000b44                __aeabi_dcmpge
                0x0000000008000b58                __aeabi_dcmpgt
 .text          0x0000000008000b6c       0x50 C:/Program Files/STMicroelectronics/STM32CubeIDE_1.13.2/STM32CubeIDE/plugins/com.st.stm32cube.ide.mcu.externaltools.gnu-tools-for-stm32.11.3.rel1.win32_1.1.1.202309131626/tools/bin/../lib/gcc/arm-none-eabi/11.3.1/thumb/v7e-m+fp/hard\libgcc.a(_arm_fixdfsi.o)
                0x0000000008000b6c                __aeabi_d2iz
                0x0000000008000b6c                __fixdfsi
 .text          0x0000000008000bbc       0x30 C:/Program Files/STMicroelectronics/STM32CubeIDE_1.13.2/STM32CubeIDE/plugins/com.st.stm32cube.ide.mcu.externaltools.gnu-tools-for-stm32.11.3.rel1.win32_1.1.1.202309131626/tools/bin/../lib/gcc/arm-none-eabi/11.3.1/thumb/v7e-m+fp/hard\libgcc.a(_aeabi_uldivmod.o)
                0x0000000008000bbc                __aeabi_uldivmod
 .text          0x0000000008000bec      0x2c8 C:/Program Files/STMicroelectronics/STM32CubeIDE_1.13.2/STM32CubeIDE/plugins/com.st.stm32cube.ide.mcu.externaltools.gnu-tools-for-stm32.11.3.rel1.win32_1.1.1.202309131626/tools/bin/../lib/gcc/arm-none-eabi/11.3.1/thumb/v7e-m+fp/hard\libgcc.a(_udivmoddi4.o)
                0x0000000008000bec                __udivmoddi4
 .text          0x0000000008000eb4        0x4 C:/Program Files/STMicroelectronics/STM32CubeIDE_1.13.2/STM32CubeIDE/plugins/com.st.stm32cube.ide.mcu.externaltools.gnu-tools-for-stm32.11.3.rel1.win32_1.1.1.202309131626/tools/bin/../lib/gcc/arm-none-eabi/11.3.1/thumb/v7e-m+fp/hard\libgcc.a(_dvmd_tls.o)
                0x0000000008000eb4                __aeabi_idiv0
                0x0000000008000eb4                __aeabi_ldiv0
 *(.text*)
 .text.main     0x0000000008000eb8       0x48 ./Core/Src/main.o
                0x0000000008000eb8                main
 .text.SystemClock_Config
                0x0000000008000f00       0xd8 ./Core/Src/main.o
                0x0000000008000f00                SystemClock_Config
 .text.MX_I2C1_Init
                0x0000000008000fd8       0x80 ./Core/Src/main.o
 .text.MX_ETH_Init
                0x0000000008001058       0x98 ./Core/Src/main.o
 .text.MX_RNG_Init
                0x00000000080010f0       0x28 ./Core/Src/main.o
 .text.MX_USART3_UART_Init
                0x0000000008001118       0x60 ./Core/Src/main.o
 .text.MX_GPIO_Init
                0x0000000008001178      0x184 ./Core/Src/main.o
 .text.HAL_TIM_PeriodElapsedCallback
                0x00000000080012fc       0x24 ./Core/Src/main.o
                0x00000000080012fc                HAL_TIM_PeriodElapsedCallback
 .text.sensor1  0x0000000008001320       0xa0 ./Core/Src/main.o
                0x0000000008001320                sensor1
 .text.Error_Handler
                0x00000000080013c0        0xa ./Core/Src/main.o
                0x00000000080013c0                Error_Handler
 .text.is_digit
                0x00000000080013ca       0x2c ./Core/Src/mongoose.o
 *fill*         0x00000000080013f6        0x2 
 .text.addexp   0x00000000080013f8      0x104 ./Core/Src/mongoose.o
 .text.xisinf   0x00000000080014fc       0x50 ./Core/Src/mongoose.o
 .text.xisnan   0x000000000800154c       0x58 ./Core/Src/mongoose.o
 *fill*         0x00000000080015a4        0x4 
 .text.mg_dtoa  0x00000000080015a8      0x5e8 ./Core/Src/mongoose.o
 .text.mg_lld   0x0000000008001b90      0x160 ./Core/Src/mongoose.o
 .text.scpy     0x0000000008001cf0       0x46 ./Core/Src/mongoose.o
 *fill*         0x0000000008001d36        0x2 
 .text.mg_vxprintf
                0x0000000008001d38      0x748 ./Core/Src/mongoose.o
                0x0000000008001d38                mg_vxprintf
 .text.zeromem  0x0000000008002480       0x32 ./Core/Src/mongoose.o
 .text.roundup  0x00000000080024b2       0x34 ./Core/Src/mongoose.o
 *fill*         0x00000000080024e6        0x2 
 .text.mg_iobuf_resize
                0x00000000080024e8      0x114 ./Core/Src/mongoose.o
                0x00000000080024e8                mg_iobuf_resize
 .text.logc     0x00000000080025fc       0x28 ./Core/Src/mongoose.o
 .text.logs     0x0000000008002624       0x36 ./Core/Src/mongoose.o
 *fill*         0x000000000800265a        0x2 
 .text.mg_log_prefix
                0x000000000800265c       0xb4 ./Core/Src/mongoose.o
                0x000000000800265c                mg_log_prefix
 .text.mg_log   0x0000000008002710       0x40 ./Core/Src/mongoose.o
                0x0000000008002710                mg_log
 .text.mg_pfn_iobuf_private
                0x0000000008002750       0x90 ./Core/Src/mongoose.o
 .text.mg_putchar_iobuf_static
                0x00000000080027e0       0x20 ./Core/Src/mongoose.o
 .text.mg_vsnprintf
                0x0000000008002800       0x50 ./Core/Src/mongoose.o
                0x0000000008002800                mg_vsnprintf
 .text.mg_snprintf
                0x0000000008002850       0x32 ./Core/Src/mongoose.o
                0x0000000008002850                mg_snprintf
 .text.mg_pfn_stdout
                0x0000000008002882       0x1c ./Core/Src/mongoose.o
                0x0000000008002882                mg_pfn_stdout
 .text.mg_queue_write_len
                0x000000000800289e       0x2c ./Core/Src/mongoose.o
 .text.mg_queue_book
                0x00000000080028ca       0xae ./Core/Src/mongoose.o
                0x00000000080028ca                mg_queue_book
 .text.mg_queue_add
                0x0000000008002978       0x70 ./Core/Src/mongoose.o
                0x0000000008002978                mg_queue_add
 .text.mg_millis
                0x00000000080029e8       0x30 ./Core/Src/mongoose.o
                0x00000000080029e8                mg_millis
 .text.ETH_IRQHandler
                0x0000000008002a18      0x114 ./Core/Src/mongoose.o
                0x0000000008002a18                ETH_IRQHandler
 .text.mg_tcpip_qwrite
                0x0000000008002b2c       0x5a ./Core/Src/mongoose.o
                0x0000000008002b2c                mg_tcpip_qwrite
 *fill*         0x0000000008002b86        0x2 
 .text.HAL_MspInit
                0x0000000008002b88       0x50 ./Core/Src/stm32f7xx_hal_msp.o
                0x0000000008002b88                HAL_MspInit
 .text.HAL_ETH_MspInit
                0x0000000008002bd8      0x180 ./Core/Src/stm32f7xx_hal_msp.o
                0x0000000008002bd8                HAL_ETH_MspInit
 .text.HAL_RNG_MspInit
                0x0000000008002d58       0x68 ./Core/Src/stm32f7xx_hal_msp.o
                0x0000000008002d58                HAL_RNG_MspInit
 .text.HAL_UART_MspInit
                0x0000000008002dc0       0xc0 ./Core/Src/stm32f7xx_hal_msp.o
                0x0000000008002dc0                HAL_UART_MspInit
 .text.HAL_I2C_MspInit
                0x0000000008002e80       0xc0 ./Core/Src/stm32f7xx_hal_msp.o
                0x0000000008002e80                HAL_I2C_MspInit
 .text.HAL_InitTick
                0x0000000008002f40       0xf4 ./Core/Src/stm32f7xx_hal_timebase_tim.o
                0x0000000008002f40                HAL_InitTick
 .text.NMI_Handler
                0x0000000008003034        0x6 ./Core/Src/stm32f7xx_it.o
                0x0000000008003034                NMI_Handler
 .text.HardFault_Handler
                0x000000000800303a        0x6 ./Core/Src/stm32f7xx_it.o
                0x000000000800303a                HardFault_Handler
 .text.MemManage_Handler
                0x0000000008003040        0x6 ./Core/Src/stm32f7xx_it.o
                0x0000000008003040                MemManage_Handler
 .text.BusFault_Handler
                0x0000000008003046        0x6 ./Core/Src/stm32f7xx_it.o
                0x0000000008003046                BusFault_Handler
 .text.UsageFault_Handler
                0x000000000800304c        0x6 ./Core/Src/stm32f7xx_it.o
                0x000000000800304c                UsageFault_Handler
 .text.DebugMon_Handler
                0x0000000008003052        0xe ./Core/Src/stm32f7xx_it.o
                0x0000000008003052                DebugMon_Handler
 .text.TIM6_DAC_IRQHandler
                0x0000000008003060       0x14 ./Core/Src/stm32f7xx_it.o
                0x0000000008003060                TIM6_DAC_IRQHandler
 .text._getpid  0x0000000008003074       0x10 ./Core/Src/syscalls.o
                0x0000000008003074                _getpid
 .text._kill    0x0000000008003084       0x20 ./Core/Src/syscalls.o
                0x0000000008003084                _kill
 .text._exit    0x00000000080030a4       0x14 ./Core/Src/syscalls.o
                0x00000000080030a4                _exit
 .text._read    0x00000000080030b8       0x3a ./Core/Src/syscalls.o
                0x00000000080030b8                _read
 *fill*         0x00000000080030f2        0x2 
 .text._write   0x00000000080030f4       0x30 ./Core/Src/syscalls.o
                0x00000000080030f4                _write
 .text._close   0x0000000008003124       0x18 ./Core/Src/syscalls.o
                0x0000000008003124                _close
 .text._fstat   0x000000000800313c       0x20 ./Core/Src/syscalls.o
                0x000000000800313c                _fstat
 .text._isatty  0x000000000800315c       0x16 ./Core/Src/syscalls.o
                0x000000000800315c                _isatty
 .text._lseek   0x0000000008003172       0x1a ./Core/Src/syscalls.o
                0x0000000008003172                _lseek
 .text._sbrk    0x000000000800318c       0x6c ./Core/Src/sysmem.o
                0x000000000800318c                _sbrk
 .text.SystemInit
                0x00000000080031f8       0x24 ./Core/Src/system_stm32f7xx.o
                0x00000000080031f8                SystemInit
 .text.Reset_Handler
                0x000000000800321c       0x50 ./Core/Startup/startup_stm32f746zgtx.o
                0x000000000800321c                Reset_Handler
 .text.Default_Handler
                0x000000000800326c        0x2 ./Core/Startup/startup_stm32f746zgtx.o
                0x000000000800326c                RTC_Alarm_IRQHandler
                0x000000000800326c                EXTI2_IRQHandler
                0x000000000800326c                TIM8_CC_IRQHandler
                0x000000000800326c                UART8_IRQHandler
                0x000000000800326c                SPI4_IRQHandler
                0x000000000800326c                TIM1_CC_IRQHandler
                0x000000000800326c                DMA2_Stream5_IRQHandler
                0x000000000800326c                DMA1_Stream5_IRQHandler
                0x000000000800326c                PVD_IRQHandler
                0x000000000800326c                TAMP_STAMP_IRQHandler
                0x000000000800326c                CAN2_RX1_IRQHandler
                0x000000000800326c                EXTI3_IRQHandler
                0x000000000800326c                TIM8_TRG_COM_TIM14_IRQHandler
                0x000000000800326c                TIM1_UP_TIM10_IRQHandler
                0x000000000800326c                TIM8_UP_TIM13_IRQHandler
                0x000000000800326c                I2C3_ER_IRQHandler
                0x000000000800326c                EXTI0_IRQHandler
                0x000000000800326c                I2C2_EV_IRQHandler
                0x000000000800326c                DMA1_Stream2_IRQHandler
                0x000000000800326c                CAN1_RX0_IRQHandler
                0x000000000800326c                FPU_IRQHandler
                0x000000000800326c                OTG_HS_WKUP_IRQHandler
                0x000000000800326c                LTDC_ER_IRQHandler
                0x000000000800326c                CAN2_SCE_IRQHandler
                0x000000000800326c                DMA2_Stream2_IRQHandler
                0x000000000800326c                SPI1_IRQHandler
                0x000000000800326c                TIM1_BRK_TIM9_IRQHandler
                0x000000000800326c                DCMI_IRQHandler
                0x000000000800326c                CAN2_RX0_IRQHandler
                0x000000000800326c                DMA2_Stream3_IRQHandler
                0x000000000800326c                SAI2_IRQHandler
                0x000000000800326c                USART6_IRQHandler
                0x000000000800326c                USART3_IRQHandler
                0x000000000800326c                CAN1_RX1_IRQHandler
                0x000000000800326c                UART5_IRQHandler
                0x000000000800326c                DMA2_Stream0_IRQHandler
                0x000000000800326c                TIM4_IRQHandler
                0x000000000800326c                QUADSPI_IRQHandler
                0x000000000800326c                I2C1_EV_IRQHandler
                0x000000000800326c                DMA1_Stream6_IRQHandler
                0x000000000800326c                DMA1_Stream1_IRQHandler
                0x000000000800326c                UART4_IRQHandler
                0x000000000800326c                TIM3_IRQHandler
                0x000000000800326c                RCC_IRQHandler
                0x000000000800326c                TIM8_BRK_TIM12_IRQHandler
                0x000000000800326c                Default_Handler
                0x000000000800326c                CEC_IRQHandler
                0x000000000800326c                EXTI15_10_IRQHandler
                0x000000000800326c                ADC_IRQHandler
                0x000000000800326c                DMA1_Stream7_IRQHandler
                0x000000000800326c                SPI5_IRQHandler
                0x000000000800326c                TIM7_IRQHandler
                0x000000000800326c                SDMMC1_IRQHandler
                0x000000000800326c                CAN2_TX_IRQHandler
                0x000000000800326c                TIM5_IRQHandler
                0x000000000800326c                DMA2_Stream7_IRQHandler
                0x000000000800326c                I2C3_EV_IRQHandler
                0x000000000800326c                EXTI9_5_IRQHandler
                0x000000000800326c                RTC_WKUP_IRQHandler
                0x000000000800326c                LTDC_IRQHandler
                0x000000000800326c                ETH_WKUP_IRQHandler
                0x000000000800326c                SPDIF_RX_IRQHandler
                0x000000000800326c                SPI2_IRQHandler
                0x000000000800326c                OTG_HS_EP1_IN_IRQHandler
                0x000000000800326c                DMA1_Stream0_IRQHandler
                0x000000000800326c                CAN1_TX_IRQHandler
                0x000000000800326c                EXTI4_IRQHandler
                0x000000000800326c                RNG_IRQHandler
                0x000000000800326c                OTG_HS_EP1_OUT_IRQHandler
                0x000000000800326c                WWDG_IRQHandler
                0x000000000800326c                SPI6_IRQHandler
                0x000000000800326c                I2C4_EV_IRQHandler
                0x000000000800326c                TIM2_IRQHandler
                0x000000000800326c                OTG_FS_WKUP_IRQHandler
                0x000000000800326c                TIM1_TRG_COM_TIM11_IRQHandler
                0x000000000800326c                OTG_HS_IRQHandler
                0x000000000800326c                DMA2D_IRQHandler
                0x000000000800326c                EXTI1_IRQHandler
                0x000000000800326c                UART7_IRQHandler
                0x000000000800326c                USART2_IRQHandler
                0x000000000800326c                I2C2_ER_IRQHandler
                0x000000000800326c                DMA2_Stream1_IRQHandler
                0x000000000800326c                CAN1_SCE_IRQHandler
                0x000000000800326c                FLASH_IRQHandler
                0x000000000800326c                DMA2_Stream4_IRQHandler
                0x000000000800326c                USART1_IRQHandler
                0x000000000800326c                OTG_FS_IRQHandler
                0x000000000800326c                SPI3_IRQHandler
                0x000000000800326c                DMA1_Stream4_IRQHandler
                0x000000000800326c                I2C1_ER_IRQHandler
                0x000000000800326c                FMC_IRQHandler
                0x000000000800326c                LPTIM1_IRQHandler
                0x000000000800326c                I2C4_ER_IRQHandler
                0x000000000800326c                DMA2_Stream6_IRQHandler
                0x000000000800326c                SAI1_IRQHandler
                0x000000000800326c                DMA1_Stream3_IRQHandler
 .text.HAL_Init
                0x000000000800326e       0x1a ./Drivers/STM32F7xx_HAL_Driver/Src/stm32f7xx_hal.o
                0x000000000800326e                HAL_Init
 .text.HAL_IncTick
                0x0000000008003288       0x28 ./Drivers/STM32F7xx_HAL_Driver/Src/stm32f7xx_hal.o
                0x0000000008003288                HAL_IncTick
 .text.HAL_GetTick
                0x00000000080032b0       0x18 ./Drivers/STM32F7xx_HAL_Driver/Src/stm32f7xx_hal.o
                0x00000000080032b0                HAL_GetTick
 .text.HAL_Delay
                0x00000000080032c8       0x48 ./Drivers/STM32F7xx_HAL_Driver/Src/stm32f7xx_hal.o
                0x00000000080032c8                HAL_Delay
 .text.__NVIC_SetPriorityGrouping
                0x0000000008003310       0x48 ./Drivers/STM32F7xx_HAL_Driver/Src/stm32f7xx_hal_cortex.o
 .text.__NVIC_GetPriorityGrouping
                0x0000000008003358       0x1c ./Drivers/STM32F7xx_HAL_Driver/Src/stm32f7xx_hal_cortex.o
 .text.__NVIC_EnableIRQ
                0x0000000008003374       0x3c ./Drivers/STM32F7xx_HAL_Driver/Src/stm32f7xx_hal_cortex.o
 .text.__NVIC_SetPriority
                0x00000000080033b0       0x54 ./Drivers/STM32F7xx_HAL_Driver/Src/stm32f7xx_hal_cortex.o
 .text.NVIC_EncodePriority
                0x0000000008003404       0x66 ./Drivers/STM32F7xx_HAL_Driver/Src/stm32f7xx_hal_cortex.o
 .text.HAL_NVIC_SetPriorityGrouping
                0x000000000800346a       0x16 ./Drivers/STM32F7xx_HAL_Driver/Src/stm32f7xx_hal_cortex.o
                0x000000000800346a                HAL_NVIC_SetPriorityGrouping
 .text.HAL_NVIC_SetPriority
                0x0000000008003480       0x38 ./Drivers/STM32F7xx_HAL_Driver/Src/stm32f7xx_hal_cortex.o
                0x0000000008003480                HAL_NVIC_SetPriority
 .text.HAL_NVIC_EnableIRQ
                0x00000000080034b8       0x1c ./Drivers/STM32F7xx_HAL_Driver/Src/stm32f7xx_hal_cortex.o
                0x00000000080034b8                HAL_NVIC_EnableIRQ
 .text.HAL_ETH_Init
                0x00000000080034d4       0xf8 ./Drivers/STM32F7xx_HAL_Driver/Src/stm32f7xx_hal_eth.o
                0x00000000080034d4                HAL_ETH_Init
 .text.ETH_SetMACConfig
                0x00000000080035cc      0x160 ./Drivers/STM32F7xx_HAL_Driver/Src/stm32f7xx_hal_eth.o
 .text.ETH_SetDMAConfig
                0x000000000800372c      0x114 ./Drivers/STM32F7xx_HAL_Driver/Src/stm32f7xx_hal_eth.o
 .text.ETH_MACDMAConfig
                0x0000000008003840       0xe4 ./Drivers/STM32F7xx_HAL_Driver/Src/stm32f7xx_hal_eth.o
 .text.ETH_MACAddressConfig
                0x0000000008003924       0x70 ./Drivers/STM32F7xx_HAL_Driver/Src/stm32f7xx_hal_eth.o
 .text.ETH_DMATxDescListInit
                0x0000000008003994       0xb2 ./Drivers/STM32F7xx_HAL_Driver/Src/stm32f7xx_hal_eth.o
 .text.ETH_DMARxDescListInit
                0x0000000008003a46       0xda ./Drivers/STM32F7xx_HAL_Driver/Src/stm32f7xx_hal_eth.o
 .text.HAL_GPIO_Init
                0x0000000008003b20      0x358 ./Drivers/STM32F7xx_HAL_Driver/Src/stm32f7xx_hal_gpio.o
                0x0000000008003b20                HAL_GPIO_Init
 .text.HAL_GPIO_WritePin
                0x0000000008003e78       0x32 ./Drivers/STM32F7xx_HAL_Driver/Src/stm32f7xx_hal_gpio.o
                0x0000000008003e78                HAL_GPIO_WritePin
 *fill*         0x0000000008003eaa        0x2 
 .text.HAL_I2C_Init
                0x0000000008003eac      0x120 ./Drivers/STM32F7xx_HAL_Driver/Src/stm32f7xx_hal_i2c.o
                0x0000000008003eac                HAL_I2C_Init
 .text.HAL_I2C_Master_Receive
                0x0000000008003fcc      0x1ec ./Drivers/STM32F7xx_HAL_Driver/Src/stm32f7xx_hal_i2c.o
                0x0000000008003fcc                HAL_I2C_Master_Receive
 .text.HAL_I2C_Mem_Write
                0x00000000080041b8      0x228 ./Drivers/STM32F7xx_HAL_Driver/Src/stm32f7xx_hal_i2c.o
                0x00000000080041b8                HAL_I2C_Mem_Write
 .text.I2C_RequestMemoryWrite
                0x00000000080043e0       0xa8 ./Drivers/STM32F7xx_HAL_Driver/Src/stm32f7xx_hal_i2c.o
 .text.I2C_Flush_TXDR
                0x0000000008004488       0x48 ./Drivers/STM32F7xx_HAL_Driver/Src/stm32f7xx_hal_i2c.o
 .text.I2C_WaitOnFlagUntilTimeout
                0x00000000080044d0       0x80 ./Drivers/STM32F7xx_HAL_Driver/Src/stm32f7xx_hal_i2c.o
 .text.I2C_WaitOnTXISFlagUntilTimeout
                0x0000000008004550       0x80 ./Drivers/STM32F7xx_HAL_Driver/Src/stm32f7xx_hal_i2c.o
 .text.I2C_WaitOnSTOPFlagUntilTimeout
                0x00000000080045d0       0x78 ./Drivers/STM32F7xx_HAL_Driver/Src/stm32f7xx_hal_i2c.o
 .text.I2C_WaitOnRXNEFlagUntilTimeout
                0x0000000008004648       0xf4 ./Drivers/STM32F7xx_HAL_Driver/Src/stm32f7xx_hal_i2c.o
 .text.I2C_IsErrorOccurred
                0x000000000800473c      0x1c0 ./Drivers/STM32F7xx_HAL_Driver/Src/stm32f7xx_hal_i2c.o
 .text.I2C_TransferConfig
                0x00000000080048fc       0x64 ./Drivers/STM32F7xx_HAL_Driver/Src/stm32f7xx_hal_i2c.o
 .text.HAL_I2CEx_ConfigAnalogFilter
                0x0000000008004960       0x96 ./Drivers/STM32F7xx_HAL_Driver/Src/stm32f7xx_hal_i2c_ex.o
                0x0000000008004960                HAL_I2CEx_ConfigAnalogFilter
 .text.HAL_I2CEx_ConfigDigitalFilter
                0x00000000080049f6       0x98 ./Drivers/STM32F7xx_HAL_Driver/Src/stm32f7xx_hal_i2c_ex.o
                0x00000000080049f6                HAL_I2CEx_ConfigDigitalFilter
 *fill*         0x0000000008004a8e        0x2 
 .text.HAL_PWREx_EnableOverDrive
                0x0000000008004a90       0xa0 ./Drivers/STM32F7xx_HAL_Driver/Src/stm32f7xx_hal_pwr_ex.o
                0x0000000008004a90                HAL_PWREx_EnableOverDrive
 .text.HAL_RCC_OscConfig
                0x0000000008004b30      0x548 ./Drivers/STM32F7xx_HAL_Driver/Src/stm32f7xx_hal_rcc.o
                0x0000000008004b30                HAL_RCC_OscConfig
 .text.HAL_RCC_ClockConfig
                0x0000000008005078      0x1d8 ./Drivers/STM32F7xx_HAL_Driver/Src/stm32f7xx_hal_rcc.o
                0x0000000008005078                HAL_RCC_ClockConfig
 .text.HAL_RCC_GetSysClockFreq
                0x0000000008005250      0x20c ./Drivers/STM32F7xx_HAL_Driver/Src/stm32f7xx_hal_rcc.o
                0x0000000008005250                HAL_RCC_GetSysClockFreq
 .text.HAL_RCC_GetHCLKFreq
                0x000000000800545c       0x18 ./Drivers/STM32F7xx_HAL_Driver/Src/stm32f7xx_hal_rcc.o
                0x000000000800545c                HAL_RCC_GetHCLKFreq
 .text.HAL_RCC_GetPCLK1Freq
                0x0000000008005474       0x28 ./Drivers/STM32F7xx_HAL_Driver/Src/stm32f7xx_hal_rcc.o
                0x0000000008005474                HAL_RCC_GetPCLK1Freq
 .text.HAL_RCC_GetPCLK2Freq
                0x000000000800549c       0x28 ./Drivers/STM32F7xx_HAL_Driver/Src/stm32f7xx_hal_rcc.o
                0x000000000800549c                HAL_RCC_GetPCLK2Freq
 .text.HAL_RCC_GetClockConfig
                0x00000000080054c4       0x64 ./Drivers/STM32F7xx_HAL_Driver/Src/stm32f7xx_hal_rcc.o
                0x00000000080054c4                HAL_RCC_GetClockConfig
 .text.HAL_RCCEx_PeriphCLKConfig
                0x0000000008005528      0x7e0 ./Drivers/STM32F7xx_HAL_Driver/Src/stm32f7xx_hal_rcc_ex.o
                0x0000000008005528                HAL_RCCEx_PeriphCLKConfig
 .text.HAL_RNG_Init
                0x0000000008005d08       0x54 ./Drivers/STM32F7xx_HAL_Driver/Src/stm32f7xx_hal_rng.o
                0x0000000008005d08                HAL_RNG_Init
 .text.HAL_TIM_Base_Init
                0x0000000008005d5c       0xae ./Drivers/STM32F7xx_HAL_Driver/Src/stm32f7xx_hal_tim.o
                0x0000000008005d5c                HAL_TIM_Base_Init
 .text.HAL_TIM_Base_MspInit
                0x0000000008005e0a       0x14 ./Drivers/STM32F7xx_HAL_Driver/Src/stm32f7xx_hal_tim.o
                0x0000000008005e0a                HAL_TIM_Base_MspInit
 *fill*         0x0000000008005e1e        0x2 
 .text.HAL_TIM_Base_Start_IT
                0x0000000008005e20       0xf0 ./Drivers/STM32F7xx_HAL_Driver/Src/stm32f7xx_hal_tim.o
                0x0000000008005e20                HAL_TIM_Base_Start_IT
 .text.HAL_TIM_IRQHandler
                0x0000000008005f10      0x23e ./Drivers/STM32F7xx_HAL_Driver/Src/stm32f7xx_hal_tim.o
                0x0000000008005f10                HAL_TIM_IRQHandler
 .text.HAL_TIM_OC_DelayElapsedCallback
                0x000000000800614e       0x14 ./Drivers/STM32F7xx_HAL_Driver/Src/stm32f7xx_hal_tim.o
                0x000000000800614e                HAL_TIM_OC_DelayElapsedCallback
 .text.HAL_TIM_IC_CaptureCallback
                0x0000000008006162       0x14 ./Drivers/STM32F7xx_HAL_Driver/Src/stm32f7xx_hal_tim.o
                0x0000000008006162                HAL_TIM_IC_CaptureCallback
 .text.HAL_TIM_PWM_PulseFinishedCallback
                0x0000000008006176       0x14 ./Drivers/STM32F7xx_HAL_Driver/Src/stm32f7xx_hal_tim.o
                0x0000000008006176                HAL_TIM_PWM_PulseFinishedCallback
 .text.HAL_TIM_TriggerCallback
                0x000000000800618a       0x14 ./Drivers/STM32F7xx_HAL_Driver/Src/stm32f7xx_hal_tim.o
                0x000000000800618a                HAL_TIM_TriggerCallback
 *fill*         0x000000000800619e        0x2 
 .text.TIM_Base_SetConfig
                0x00000000080061a0      0x140 ./Drivers/STM32F7xx_HAL_Driver/Src/stm32f7xx_hal_tim.o
                0x00000000080061a0                TIM_Base_SetConfig
 .text.HAL_TIMEx_CommutCallback
                0x00000000080062e0       0x14 ./Drivers/STM32F7xx_HAL_Driver/Src/stm32f7xx_hal_tim_ex.o
                0x00000000080062e0                HAL_TIMEx_CommutCallback
 .text.HAL_TIMEx_BreakCallback
                0x00000000080062f4       0x14 ./Drivers/STM32F7xx_HAL_Driver/Src/stm32f7xx_hal_tim_ex.o
                0x00000000080062f4                HAL_TIMEx_BreakCallback
 .text.HAL_TIMEx_Break2Callback
                0x0000000008006308       0x14 ./Drivers/STM32F7xx_HAL_Driver/Src/stm32f7xx_hal_tim_ex.o
                0x0000000008006308                HAL_TIMEx_Break2Callback
 .text.HAL_UART_Init
                0x000000000800631c       0x9c ./Drivers/STM32F7xx_HAL_Driver/Src/stm32f7xx_hal_uart.o
                0x000000000800631c                HAL_UART_Init
 .text.HAL_UART_Transmit
                0x00000000080063b8      0x106 ./Drivers/STM32F7xx_HAL_Driver/Src/stm32f7xx_hal_uart.o
                0x00000000080063b8                HAL_UART_Transmit
 *fill*         0x00000000080064be        0x2 
 .text.UART_SetConfig
                0x00000000080064c0      0x4c8 ./Drivers/STM32F7xx_HAL_Driver/Src/stm32f7xx_hal_uart.o
                0x00000000080064c0                UART_SetConfig
 .text.UART_AdvFeatureConfig
                0x0000000008006988      0x144 ./Drivers/STM32F7xx_HAL_Driver/Src/stm32f7xx_hal_uart.o
                0x0000000008006988                UART_AdvFeatureConfig
 .text.UART_CheckIdleState
                0x0000000008006acc       0x6e ./Drivers/STM32F7xx_HAL_Driver/Src/stm32f7xx_hal_uart.o
                0x0000000008006acc                UART_CheckIdleState
 .text.UART_WaitOnFlagUntilTimeout
                0x0000000008006b3a      0x18c ./Drivers/STM32F7xx_HAL_Driver/Src/stm32f7xx_hal_uart.o
                0x0000000008006b3a                UART_WaitOnFlagUntilTimeout
 .text.SVC_Setup
                0x0000000008006cc6        0xe ./Middlewares/Third_Party/FreeRTOS/Source/CMSIS_RTOS_V2/cmsis_os2.o
 .text.osKernelInitialize
                0x0000000008006cd4       0x68 ./Middlewares/Third_Party/FreeRTOS/Source/CMSIS_RTOS_V2/cmsis_os2.o
                0x0000000008006cd4                osKernelInitialize
 .text.osKernelStart
                0x0000000008006d3c       0x6c ./Middlewares/Third_Party/FreeRTOS/Source/CMSIS_RTOS_V2/cmsis_os2.o
                0x0000000008006d3c                osKernelStart
 .text.osKernelGetTickCount
                0x0000000008006da8       0x50 ./Middlewares/Third_Party/FreeRTOS/Source/CMSIS_RTOS_V2/cmsis_os2.o
                0x0000000008006da8                osKernelGetTickCount
 .text.osKernelGetTickFreq
                0x0000000008006df8       0x12 ./Middlewares/Third_Party/FreeRTOS/Source/CMSIS_RTOS_V2/cmsis_os2.o
                0x0000000008006df8                osKernelGetTickFreq
 *fill*         0x0000000008006e0a        0x2 
 .text.osThreadNew
                0x0000000008006e0c      0x14c ./Middlewares/Third_Party/FreeRTOS/Source/CMSIS_RTOS_V2/cmsis_os2.o
                0x0000000008006e0c                osThreadNew
 .text.vApplicationGetIdleTaskMemory
                0x0000000008006f58       0x34 ./Middlewares/Third_Party/FreeRTOS/Source/CMSIS_RTOS_V2/cmsis_os2.o
                0x0000000008006f58                vApplicationGetIdleTaskMemory
 .text.vApplicationGetTimerTaskMemory
                0x0000000008006f8c       0x34 ./Middlewares/Third_Party/FreeRTOS/Source/CMSIS_RTOS_V2/cmsis_os2.o
                0x0000000008006f8c                vApplicationGetTimerTaskMemory
 .text.vListInitialise
                0x0000000008006fc0       0x40 ./Middlewares/Third_Party/FreeRTOS/Source/list.o
                0x0000000008006fc0                vListInitialise
 .text.vListInitialiseItem
                0x0000000008007000       0x1a ./Middlewares/Third_Party/FreeRTOS/Source/list.o
                0x0000000008007000                vListInitialiseItem
 .text.vListInsertEnd
                0x000000000800701a       0x48 ./Middlewares/Third_Party/FreeRTOS/Source/list.o
                0x000000000800701a                vListInsertEnd
 .text.vListInsert
                0x0000000008007062       0x72 ./Middlewares/Third_Party/FreeRTOS/Source/list.o
                0x0000000008007062                vListInsert
 .text.uxListRemove
                0x00000000080070d4       0x54 ./Middlewares/Third_Party/FreeRTOS/Source/list.o
                0x00000000080070d4                uxListRemove
 .text.xQueueGenericReset
                0x0000000008007128       0xd4 ./Middlewares/Third_Party/FreeRTOS/Source/queue.o
                0x0000000008007128                xQueueGenericReset
 .text.xQueueGenericCreateStatic
                0x00000000080071fc      0x104 ./Middlewares/Third_Party/FreeRTOS/Source/queue.o
                0x00000000080071fc                xQueueGenericCreateStatic
 .text.prvInitialiseNewQueue
                0x0000000008007300       0x46 ./Middlewares/Third_Party/FreeRTOS/Source/queue.o
 *fill*         0x0000000008007346        0x2 
 .text.xQueueGenericSend
                0x0000000008007348      0x20c ./Middlewares/Third_Party/FreeRTOS/Source/queue.o
                0x0000000008007348                xQueueGenericSend
 .text.xQueueGenericSendFromISR
                0x0000000008007554      0x140 ./Middlewares/Third_Party/FreeRTOS/Source/queue.o
                0x0000000008007554                xQueueGenericSendFromISR
 .text.xQueueReceive
                0x0000000008007694      0x1cc ./Middlewares/Third_Party/FreeRTOS/Source/queue.o
                0x0000000008007694                xQueueReceive
 .text.prvCopyDataToQueue
                0x0000000008007860       0xd4 ./Middlewares/Third_Party/FreeRTOS/Source/queue.o
 .text.prvCopyDataFromQueue
                0x0000000008007934       0x4c ./Middlewares/Third_Party/FreeRTOS/Source/queue.o
 .text.prvUnlockQueue
                0x0000000008007980       0xa4 ./Middlewares/Third_Party/FreeRTOS/Source/queue.o
 .text.prvIsQueueEmpty
                0x0000000008007a24       0x2c ./Middlewares/Third_Party/FreeRTOS/Source/queue.o
 .text.prvIsQueueFull
                0x0000000008007a50       0x30 ./Middlewares/Third_Party/FreeRTOS/Source/queue.o
 .text.vQueueAddToRegistry
                0x0000000008007a80       0x54 ./Middlewares/Third_Party/FreeRTOS/Source/queue.o
                0x0000000008007a80                vQueueAddToRegistry
 .text.vQueueWaitForMessageRestricted
                0x0000000008007ad4       0x68 ./Middlewares/Third_Party/FreeRTOS/Source/queue.o
                0x0000000008007ad4                vQueueWaitForMessageRestricted
 .text.xTaskCreateStatic
                0x0000000008007b3c       0xc6 ./Middlewares/Third_Party/FreeRTOS/Source/tasks.o
                0x0000000008007b3c                xTaskCreateStatic
 .text.xTaskCreate
                0x0000000008007c02       0x8a ./Middlewares/Third_Party/FreeRTOS/Source/tasks.o
                0x0000000008007c02                xTaskCreate
 .text.prvInitialiseNewTask
                0x0000000008007c8c      0x122 ./Middlewares/Third_Party/FreeRTOS/Source/tasks.o
 *fill*         0x0000000008007dae        0x2 
 .text.prvAddNewTaskToReadyList
                0x0000000008007db0       0xe0 ./Middlewares/Third_Party/FreeRTOS/Source/tasks.o
 .text.vTaskStartScheduler
                0x0000000008007e90       0xd4 ./Middlewares/Third_Party/FreeRTOS/Source/tasks.o
                0x0000000008007e90                vTaskStartScheduler
 .text.vTaskSuspendAll
                0x0000000008007f64       0x1c ./Middlewares/Third_Party/FreeRTOS/Source/tasks.o
                0x0000000008007f64                vTaskSuspendAll
 .text.xTaskResumeAll
                0x0000000008007f80      0x140 ./Middlewares/Third_Party/FreeRTOS/Source/tasks.o
                0x0000000008007f80                xTaskResumeAll
 .text.xTaskGetTickCount
                0x00000000080080c0       0x20 ./Middlewares/Third_Party/FreeRTOS/Source/tasks.o
                0x00000000080080c0                xTaskGetTickCount
 .text.xTaskGetTickCountFromISR
                0x00000000080080e0       0x24 ./Middlewares/Third_Party/FreeRTOS/Source/tasks.o
                0x00000000080080e0                xTaskGetTickCountFromISR
 .text.xTaskIncrementTick
                0x0000000008008104      0x178 ./Middlewares/Third_Party/FreeRTOS/Source/tasks.o
                0x0000000008008104                xTaskIncrementTick
 .text.vTaskSwitchContext
                0x000000000800827c       0xc0 ./Middlewares/Third_Party/FreeRTOS/Source/tasks.o
                0x000000000800827c                vTaskSwitchContext
 .text.vTaskPlaceOnEventList
                0x000000000800833c       0x4c ./Middlewares/Third_Party/FreeRTOS/Source/tasks.o
                0x000000000800833c                vTaskPlaceOnEventList
 .text.vTaskPlaceOnEventListRestricted
                0x0000000008008388       0x5c ./Middlewares/Third_Party/FreeRTOS/Source/tasks.o
                0x0000000008008388                vTaskPlaceOnEventListRestricted
 .text.xTaskRemoveFromEventList
                0x00000000080083e4       0xcc ./Middlewares/Third_Party/FreeRTOS/Source/tasks.o
                0x00000000080083e4                xTaskRemoveFromEventList
 .text.vTaskInternalSetTimeOutState
                0x00000000080084b0       0x2c ./Middlewares/Third_Party/FreeRTOS/Source/tasks.o
                0x00000000080084b0                vTaskInternalSetTimeOutState
 .text.xTaskCheckForTimeOut
                0x00000000080084dc       0xcc ./Middlewares/Third_Party/FreeRTOS/Source/tasks.o
                0x00000000080084dc                xTaskCheckForTimeOut
 .text.vTaskMissedYield
                0x00000000080085a8       0x18 ./Middlewares/Third_Party/FreeRTOS/Source/tasks.o
                0x00000000080085a8                vTaskMissedYield
 .text.prvIdleTask
                0x00000000080085c0       0x30 ./Middlewares/Third_Party/FreeRTOS/Source/tasks.o
 .text.prvInitialiseTaskLists
                0x00000000080085f0       0x80 ./Middlewares/Third_Party/FreeRTOS/Source/tasks.o
 .text.prvCheckTasksWaitingTermination
                0x0000000008008670       0x5c ./Middlewares/Third_Party/FreeRTOS/Source/tasks.o
 .text.prvDeleteTCB
                0x00000000080086cc       0x62 ./Middlewares/Third_Party/FreeRTOS/Source/tasks.o
 *fill*         0x000000000800872e        0x2 
 .text.prvResetNextTaskUnblockTime
                0x0000000008008730       0x40 ./Middlewares/Third_Party/FreeRTOS/Source/tasks.o
 .text.xTaskGetSchedulerState
                0x0000000008008770       0x3c ./Middlewares/Third_Party/FreeRTOS/Source/tasks.o
                0x0000000008008770                xTaskGetSchedulerState
 .text.xTaskPriorityDisinherit
                0x00000000080087ac       0xe4 ./Middlewares/Third_Party/FreeRTOS/Source/tasks.o
                0x00000000080087ac                xTaskPriorityDisinherit
 .text.prvAddCurrentTaskToDelayedList
                0x0000000008008890       0xa8 ./Middlewares/Third_Party/FreeRTOS/Source/tasks.o
 .text.xTimerCreateTimerTask
                0x0000000008008938       0x94 ./Middlewares/Third_Party/FreeRTOS/Source/timers.o
                0x0000000008008938                xTimerCreateTimerTask
 .text.xTimerGenericCommand
                0x00000000080089cc       0xa0 ./Middlewares/Third_Party/FreeRTOS/Source/timers.o
                0x00000000080089cc                xTimerGenericCommand
 .text.prvProcessExpiredTimer
                0x0000000008008a6c       0x9c ./Middlewares/Third_Party/FreeRTOS/Source/timers.o
 .text.prvTimerTask
                0x0000000008008b08       0x24 ./Middlewares/Third_Party/FreeRTOS/Source/timers.o
 .text.prvProcessTimerOrBlockTask
                0x0000000008008b2c       0x9c ./Middlewares/Third_Party/FreeRTOS/Source/timers.o
 .text.prvGetNextExpireTime
                0x0000000008008bc8       0x48 ./Middlewares/Third_Party/FreeRTOS/Source/timers.o
 .text.prvSampleTimeNow
                0x0000000008008c10       0x40 ./Middlewares/Third_Party/FreeRTOS/Source/timers.o
 .text.prvInsertTimerInActiveList
                0x0000000008008c50       0x84 ./Middlewares/Third_Party/FreeRTOS/Source/timers.o
 .text.prvProcessReceivedCommands
                0x0000000008008cd4      0x1d0 ./Middlewares/Third_Party/FreeRTOS/Source/timers.o
 .text.prvSwitchTimerLists
                0x0000000008008ea4       0xcc ./Middlewares/Third_Party/FreeRTOS/Source/timers.o
 .text.prvCheckForValidListAndQueue
                0x0000000008008f70       0x80 ./Middlewares/Third_Party/FreeRTOS/Source/timers.o
 .text.pxPortInitialiseStack
                0x0000000008008ff0       0x68 ./Middlewares/Third_Party/FreeRTOS/Source/portable/GCC/ARM_CM7/r0p1/port.o
                0x0000000008008ff0                pxPortInitialiseStack
 .text.prvTaskExitError
                0x0000000008009058       0x60 ./Middlewares/Third_Party/FreeRTOS/Source/portable/GCC/ARM_CM7/r0p1/port.o
 *fill*         0x00000000080090b8        0x8 
 .text.SVC_Handler
                0x00000000080090c0       0x28 ./Middlewares/Third_Party/FreeRTOS/Source/portable/GCC/ARM_CM7/r0p1/port.o
                0x00000000080090c0                SVC_Handler
 .text.prvPortStartFirstTask
                0x00000000080090e8       0x28 ./Middlewares/Third_Party/FreeRTOS/Source/portable/GCC/ARM_CM7/r0p1/port.o
 .text.xPortStartScheduler
                0x0000000008009110       0xfc ./Middlewares/Third_Party/FreeRTOS/Source/portable/GCC/ARM_CM7/r0p1/port.o
                0x0000000008009110                xPortStartScheduler
 .text.vPortEnterCritical
                0x000000000800920c       0x68 ./Middlewares/Third_Party/FreeRTOS/Source/portable/GCC/ARM_CM7/r0p1/port.o
                0x000000000800920c                vPortEnterCritical
 .text.vPortExitCritical
                0x0000000008009274       0x58 ./Middlewares/Third_Party/FreeRTOS/Source/portable/GCC/ARM_CM7/r0p1/port.o
                0x0000000008009274                vPortExitCritical
 *fill*         0x00000000080092cc        0x4 
 .text.PendSV_Handler
                0x00000000080092d0       0x68 ./Middlewares/Third_Party/FreeRTOS/Source/portable/GCC/ARM_CM7/r0p1/port.o
                0x00000000080092d0                PendSV_Handler
 .text.SysTick_Handler
                0x0000000008009338       0x48 ./Middlewares/Third_Party/FreeRTOS/Source/portable/GCC/ARM_CM7/r0p1/port.o
                0x0000000008009338                SysTick_Handler
 .text.vPortSetupTimerInterrupt
                0x0000000008009380       0x48 ./Middlewares/Third_Party/FreeRTOS/Source/portable/GCC/ARM_CM7/r0p1/port.o
                0x0000000008009380                vPortSetupTimerInterrupt
 .text.vPortEnableVFP
                0x00000000080093c8       0x14 ./Middlewares/Third_Party/FreeRTOS/Source/portable/GCC/ARM_CM7/r0p1/port.o
 .text.vPortValidateInterruptPriority
                0x00000000080093dc       0x88 ./Middlewares/Third_Party/FreeRTOS/Source/portable/GCC/ARM_CM7/r0p1/port.o
                0x00000000080093dc                vPortValidateInterruptPriority
 .text.pvPortMalloc
                0x0000000008009464      0x194 ./Middlewares/Third_Party/FreeRTOS/Source/portable/MemMang/heap_4.o
                0x0000000008009464                pvPortMalloc
 .text.vPortFree
                0x00000000080095f8       0xbc ./Middlewares/Third_Party/FreeRTOS/Source/portable/MemMang/heap_4.o
                0x00000000080095f8                vPortFree
 .text.prvHeapInit
                0x00000000080096b4       0xc4 ./Middlewares/Third_Party/FreeRTOS/Source/portable/MemMang/heap_4.o
 .text.prvInsertBlockIntoFreeList
                0x0000000008009778       0xb4 ./Middlewares/Third_Party/FreeRTOS/Source/portable/MemMang/heap_4.o
 .text.__assert_func
                0x000000000800982c       0x3c C:/Program Files/STMicroelectronics/STM32CubeIDE_1.13.2/STM32CubeIDE/plugins/com.st.stm32cube.ide.mcu.externaltools.gnu-tools-for-stm32.11.3.rel1.win32_1.1.1.202309131626/tools/bin/../lib/gcc/arm-none-eabi/11.3.1/../../../../arm-none-eabi/lib/thumb/v7e-m+fp/hard\libc_nano.a(libc_a-assert.o)
                0x000000000800982c                __assert_func
 .text.calloc   0x0000000008009868       0x10 C:/Program Files/STMicroelectronics/STM32CubeIDE_1.13.2/STM32CubeIDE/plugins/com.st.stm32cube.ide.mcu.externaltools.gnu-tools-for-stm32.11.3.rel1.win32_1.1.1.202309131626/tools/bin/../lib/gcc/arm-none-eabi/11.3.1/../../../../arm-none-eabi/lib/thumb/v7e-m+fp/hard\libc_nano.a(libc_a-calloc.o)
                0x0000000008009868                calloc
 .text._calloc_r
                0x0000000008009878       0x2c C:/Program Files/STMicroelectronics/STM32CubeIDE_1.13.2/STM32CubeIDE/plugins/com.st.stm32cube.ide.mcu.externaltools.gnu-tools-for-stm32.11.3.rel1.win32_1.1.1.202309131626/tools/bin/../lib/gcc/arm-none-eabi/11.3.1/../../../../arm-none-eabi/lib/thumb/v7e-m+fp/hard\libc_nano.a(libc_a-callocr.o)
                0x0000000008009878                _calloc_r
 .text.free     0x00000000080098a4       0x10 C:/Program Files/STMicroelectronics/STM32CubeIDE_1.13.2/STM32CubeIDE/plugins/com.st.stm32cube.ide.mcu.externaltools.gnu-tools-for-stm32.11.3.rel1.win32_1.1.1.202309131626/tools/bin/../lib/gcc/arm-none-eabi/11.3.1/../../../../arm-none-eabi/lib/thumb/v7e-m+fp/hard\libc_nano.a(libc_a-malloc.o)
                0x00000000080098a4                free
 .text.sbrk_aligned
                0x00000000080098b4       0x40 C:/Program Files/STMicroelectronics/STM32CubeIDE_1.13.2/STM32CubeIDE/plugins/com.st.stm32cube.ide.mcu.externaltools.gnu-tools-for-stm32.11.3.rel1.win32_1.1.1.202309131626/tools/bin/../lib/gcc/arm-none-eabi/11.3.1/../../../../arm-none-eabi/lib/thumb/v7e-m+fp/hard\libc_nano.a(libc_a-mallocr.o)
 .text._malloc_r
                0x00000000080098f4      0x100 C:/Program Files/STMicroelectronics/STM32CubeIDE_1.13.2/STM32CubeIDE/plugins/com.st.stm32cube.ide.mcu.externaltools.gnu-tools-for-stm32.11.3.rel1.win32_1.1.1.202309131626/tools/bin/../lib/gcc/arm-none-eabi/11.3.1/../../../../arm-none-eabi/lib/thumb/v7e-m+fp/hard\libc_nano.a(libc_a-mallocr.o)
                0x00000000080098f4                _malloc_r
 .text.__malloc_lock
                0x00000000080099f4        0xc C:/Program Files/STMicroelectronics/STM32CubeIDE_1.13.2/STM32CubeIDE/plugins/com.st.stm32cube.ide.mcu.externaltools.gnu-tools-for-stm32.11.3.rel1.win32_1.1.1.202309131626/tools/bin/../lib/gcc/arm-none-eabi/11.3.1/../../../../arm-none-eabi/lib/thumb/v7e-m+fp/hard\libc_nano.a(libc_a-mlock.o)
                0x00000000080099f4                __malloc_lock
 .text.__malloc_unlock
                0x0000000008009a00        0xc C:/Program Files/STMicroelectronics/STM32CubeIDE_1.13.2/STM32CubeIDE/plugins/com.st.stm32cube.ide.mcu.externaltools.gnu-tools-for-stm32.11.3.rel1.win32_1.1.1.202309131626/tools/bin/../lib/gcc/arm-none-eabi/11.3.1/../../../../arm-none-eabi/lib/thumb/v7e-m+fp/hard\libc_nano.a(libc_a-mlock.o)
                0x0000000008009a00                __malloc_unlock
 .text.std      0x0000000008009a0c       0x6c C:/Program Files/STMicroelectronics/STM32CubeIDE_1.13.2/STM32CubeIDE/plugins/com.st.stm32cube.ide.mcu.externaltools.gnu-tools-for-stm32.11.3.rel1.win32_1.1.1.202309131626/tools/bin/../lib/gcc/arm-none-eabi/11.3.1/../../../../arm-none-eabi/lib/thumb/v7e-m+fp/hard\libc_nano.a(libc_a-findfp.o)
 .text.stdio_exit_handler
                0x0000000008009a78       0x18 C:/Program Files/STMicroelectronics/STM32CubeIDE_1.13.2/STM32CubeIDE/plugins/com.st.stm32cube.ide.mcu.externaltools.gnu-tools-for-stm32.11.3.rel1.win32_1.1.1.202309131626/tools/bin/../lib/gcc/arm-none-eabi/11.3.1/../../../../arm-none-eabi/lib/thumb/v7e-m+fp/hard\libc_nano.a(libc_a-findfp.o)
 .text.cleanup_stdio
                0x0000000008009a90       0x40 C:/Program Files/STMicroelectronics/STM32CubeIDE_1.13.2/STM32CubeIDE/plugins/com.st.stm32cube.ide.mcu.externaltools.gnu-tools-for-stm32.11.3.rel1.win32_1.1.1.202309131626/tools/bin/../lib/gcc/arm-none-eabi/11.3.1/../../../../arm-none-eabi/lib/thumb/v7e-m+fp/hard\libc_nano.a(libc_a-findfp.o)
 .text.global_stdio_init.part.0
                0x0000000008009ad0       0x3c C:/Program Files/STMicroelectronics/STM32CubeIDE_1.13.2/STM32CubeIDE/plugins/com.st.stm32cube.ide.mcu.externaltools.gnu-tools-for-stm32.11.3.rel1.win32_1.1.1.202309131626/tools/bin/../lib/gcc/arm-none-eabi/11.3.1/../../../../arm-none-eabi/lib/thumb/v7e-m+fp/hard\libc_nano.a(libc_a-findfp.o)
 .text.__sfp_lock_acquire
                0x0000000008009b0c        0xc C:/Program Files/STMicroelectronics/STM32CubeIDE_1.13.2/STM32CubeIDE/plugins/com.st.stm32cube.ide.mcu.externaltools.gnu-tools-for-stm32.11.3.rel1.win32_1.1.1.202309131626/tools/bin/../lib/gcc/arm-none-eabi/11.3.1/../../../../arm-none-eabi/lib/thumb/v7e-m+fp/hard\libc_nano.a(libc_a-findfp.o)
                0x0000000008009b0c                __sfp_lock_acquire
 .text.__sfp_lock_release
                0x0000000008009b18        0xc C:/Program Files/STMicroelectronics/STM32CubeIDE_1.13.2/STM32CubeIDE/plugins/com.st.stm32cube.ide.mcu.externaltools.gnu-tools-for-stm32.11.3.rel1.win32_1.1.1.202309131626/tools/bin/../lib/gcc/arm-none-eabi/11.3.1/../../../../arm-none-eabi/lib/thumb/v7e-m+fp/hard\libc_nano.a(libc_a-findfp.o)
                0x0000000008009b18                __sfp_lock_release
 .text.__sinit  0x0000000008009b24       0x30 C:/Program Files/STMicroelectronics/STM32CubeIDE_1.13.2/STM32CubeIDE/plugins/com.st.stm32cube.ide.mcu.externaltools.gnu-tools-for-stm32.11.3.rel1.win32_1.1.1.202309131626/tools/bin/../lib/gcc/arm-none-eabi/11.3.1/../../../../arm-none-eabi/lib/thumb/v7e-m+fp/hard\libc_nano.a(libc_a-findfp.o)
                0x0000000008009b24                __sinit
 .text.fprintf  0x0000000008009b54       0x24 C:/Program Files/STMicroelectronics/STM32CubeIDE_1.13.2/STM32CubeIDE/plugins/com.st.stm32cube.ide.mcu.externaltools.gnu-tools-for-stm32.11.3.rel1.win32_1.1.1.202309131626/tools/bin/../lib/gcc/arm-none-eabi/11.3.1/../../../../arm-none-eabi/lib/thumb/v7e-m+fp/hard\libc_nano.a(libc_a-fprintf.o)
                0x0000000008009b54                fiprintf
                0x0000000008009b54                fprintf
 .text._fwalk_sglue
                0x0000000008009b78       0x3c C:/Program Files/STMicroelectronics/STM32CubeIDE_1.13.2/STM32CubeIDE/plugins/com.st.stm32cube.ide.mcu.externaltools.gnu-tools-for-stm32.11.3.rel1.win32_1.1.1.202309131626/tools/bin/../lib/gcc/arm-none-eabi/11.3.1/../../../../arm-none-eabi/lib/thumb/v7e-m+fp/hard\libc_nano.a(libc_a-fwalk.o)
                0x0000000008009b78                _fwalk_sglue
 .text.putchar  0x0000000008009bb4       0x10 C:/Program Files/STMicroelectronics/STM32CubeIDE_1.13.2/STM32CubeIDE/plugins/com.st.stm32cube.ide.mcu.externaltools.gnu-tools-for-stm32.11.3.rel1.win32_1.1.1.202309131626/tools/bin/../lib/gcc/arm-none-eabi/11.3.1/../../../../arm-none-eabi/lib/thumb/v7e-m+fp/hard\libc_nano.a(libc_a-putchar.o)
                0x0000000008009bb4                putchar
 .text.__sread  0x0000000008009bc4       0x22 C:/Program Files/STMicroelectronics/STM32CubeIDE_1.13.2/STM32CubeIDE/plugins/com.st.stm32cube.ide.mcu.externaltools.gnu-tools-for-stm32.11.3.rel1.win32_1.1.1.202309131626/tools/bin/../lib/gcc/arm-none-eabi/11.3.1/../../../../arm-none-eabi/lib/thumb/v7e-m+fp/hard\libc_nano.a(libc_a-stdio.o)
                0x0000000008009bc4                __sread
 .text.__swrite
                0x0000000008009be6       0x38 C:/Program Files/STMicroelectronics/STM32CubeIDE_1.13.2/STM32CubeIDE/plugins/com.st.stm32cube.ide.mcu.externaltools.gnu-tools-for-stm32.11.3.rel1.win32_1.1.1.202309131626/tools/bin/../lib/gcc/arm-none-eabi/11.3.1/../../../../arm-none-eabi/lib/thumb/v7e-m+fp/hard\libc_nano.a(libc_a-stdio.o)
                0x0000000008009be6                __swrite
 .text.__sseek  0x0000000008009c1e       0x24 C:/Program Files/STMicroelectronics/STM32CubeIDE_1.13.2/STM32CubeIDE/plugins/com.st.stm32cube.ide.mcu.externaltools.gnu-tools-for-stm32.11.3.rel1.win32_1.1.1.202309131626/tools/bin/../lib/gcc/arm-none-eabi/11.3.1/../../../../arm-none-eabi/lib/thumb/v7e-m+fp/hard\libc_nano.a(libc_a-stdio.o)
                0x0000000008009c1e                __sseek
 .text.__sclose
                0x0000000008009c42        0x8 C:/Program Files/STMicroelectronics/STM32CubeIDE_1.13.2/STM32CubeIDE/plugins/com.st.stm32cube.ide.mcu.externaltools.gnu-tools-for-stm32.11.3.rel1.win32_1.1.1.202309131626/tools/bin/../lib/gcc/arm-none-eabi/11.3.1/../../../../arm-none-eabi/lib/thumb/v7e-m+fp/hard\libc_nano.a(libc_a-stdio.o)
                0x0000000008009c42                __sclose
 .text.memmove  0x0000000008009c4a       0x34 C:/Program Files/STMicroelectronics/STM32CubeIDE_1.13.2/STM32CubeIDE/plugins/com.st.stm32cube.ide.mcu.externaltools.gnu-tools-for-stm32.11.3.rel1.win32_1.1.1.202309131626/tools/bin/../lib/gcc/arm-none-eabi/11.3.1/../../../../arm-none-eabi/lib/thumb/v7e-m+fp/hard\libc_nano.a(libc_a-memmove.o)
                0x0000000008009c4a                memmove
 .text.memset   0x0000000008009c7e       0x10 C:/Program Files/STMicroelectronics/STM32CubeIDE_1.13.2/STM32CubeIDE/plugins/com.st.stm32cube.ide.mcu.externaltools.gnu-tools-for-stm32.11.3.rel1.win32_1.1.1.202309131626/tools/bin/../lib/gcc/arm-none-eabi/11.3.1/../../../../arm-none-eabi/lib/thumb/v7e-m+fp/hard\libc_nano.a(libc_a-memset.o)
                0x0000000008009c7e                memset
 .text.strchr   0x0000000008009c8e       0x1a C:/Program Files/STMicroelectronics/STM32CubeIDE_1.13.2/STM32CubeIDE/plugins/com.st.stm32cube.ide.mcu.externaltools.gnu-tools-for-stm32.11.3.rel1.win32_1.1.1.202309131626/tools/bin/../lib/gcc/arm-none-eabi/11.3.1/../../../../arm-none-eabi/lib/thumb/v7e-m+fp/hard\libc_nano.a(libc_a-strchr.o)
                0x0000000008009c8e                strchr
 .text.strrchr  0x0000000008009ca8       0x30 C:/Program Files/STMicroelectronics/STM32CubeIDE_1.13.2/STM32CubeIDE/plugins/com.st.stm32cube.ide.mcu.externaltools.gnu-tools-for-stm32.11.3.rel1.win32_1.1.1.202309131626/tools/bin/../lib/gcc/arm-none-eabi/11.3.1/../../../../arm-none-eabi/lib/thumb/v7e-m+fp/hard\libc_nano.a(libc_a-strrchr.o)
                0x0000000008009ca8                strrchr
 .text._close_r
                0x0000000008009cd8       0x20 C:/Program Files/STMicroelectronics/STM32CubeIDE_1.13.2/STM32CubeIDE/plugins/com.st.stm32cube.ide.mcu.externaltools.gnu-tools-for-stm32.11.3.rel1.win32_1.1.1.202309131626/tools/bin/../lib/gcc/arm-none-eabi/11.3.1/../../../../arm-none-eabi/lib/thumb/v7e-m+fp/hard\libc_nano.a(libc_a-closer.o)
                0x0000000008009cd8                _close_r
 .text._lseek_r
                0x0000000008009cf8       0x24 C:/Program Files/STMicroelectronics/STM32CubeIDE_1.13.2/STM32CubeIDE/plugins/com.st.stm32cube.ide.mcu.externaltools.gnu-tools-for-stm32.11.3.rel1.win32_1.1.1.202309131626/tools/bin/../lib/gcc/arm-none-eabi/11.3.1/../../../../arm-none-eabi/lib/thumb/v7e-m+fp/hard\libc_nano.a(libc_a-lseekr.o)
                0x0000000008009cf8                _lseek_r
 .text._read_r  0x0000000008009d1c       0x24 C:/Program Files/STMicroelectronics/STM32CubeIDE_1.13.2/STM32CubeIDE/plugins/com.st.stm32cube.ide.mcu.externaltools.gnu-tools-for-stm32.11.3.rel1.win32_1.1.1.202309131626/tools/bin/../lib/gcc/arm-none-eabi/11.3.1/../../../../arm-none-eabi/lib/thumb/v7e-m+fp/hard\libc_nano.a(libc_a-readr.o)
                0x0000000008009d1c                _read_r
 .text._sbrk_r  0x0000000008009d40       0x20 C:/Program Files/STMicroelectronics/STM32CubeIDE_1.13.2/STM32CubeIDE/plugins/com.st.stm32cube.ide.mcu.externaltools.gnu-tools-for-stm32.11.3.rel1.win32_1.1.1.202309131626/tools/bin/../lib/gcc/arm-none-eabi/11.3.1/../../../../arm-none-eabi/lib/thumb/v7e-m+fp/hard\libc_nano.a(libc_a-sbrkr.o)
                0x0000000008009d40                _sbrk_r
 .text._write_r
                0x0000000008009d60       0x24 C:/Program Files/STMicroelectronics/STM32CubeIDE_1.13.2/STM32CubeIDE/plugins/com.st.stm32cube.ide.mcu.externaltools.gnu-tools-for-stm32.11.3.rel1.win32_1.1.1.202309131626/tools/bin/../lib/gcc/arm-none-eabi/11.3.1/../../../../arm-none-eabi/lib/thumb/v7e-m+fp/hard\libc_nano.a(libc_a-writer.o)
                0x0000000008009d60                _write_r
 .text.__errno  0x0000000008009d84        0xc C:/Program Files/STMicroelectronics/STM32CubeIDE_1.13.2/STM32CubeIDE/plugins/com.st.stm32cube.ide.mcu.externaltools.gnu-tools-for-stm32.11.3.rel1.win32_1.1.1.202309131626/tools/bin/../lib/gcc/arm-none-eabi/11.3.1/../../../../arm-none-eabi/lib/thumb/v7e-m+fp/hard\libc_nano.a(libc_a-errno.o)
                0x0000000008009d84                __errno
 .text.__libc_init_array
                0x0000000008009d90       0x48 C:/Program Files/STMicroelectronics/STM32CubeIDE_1.13.2/STM32CubeIDE/plugins/com.st.stm32cube.ide.mcu.externaltools.gnu-tools-for-stm32.11.3.rel1.win32_1.1.1.202309131626/tools/bin/../lib/gcc/arm-none-eabi/11.3.1/../../../../arm-none-eabi/lib/thumb/v7e-m+fp/hard\libc_nano.a(libc_a-init.o)
                0x0000000008009d90                __libc_init_array
 .text.__retarget_lock_init_recursive
                0x0000000008009dd8        0x2 C:/Program Files/STMicroelectronics/STM32CubeIDE_1.13.2/STM32CubeIDE/plugins/com.st.stm32cube.ide.mcu.externaltools.gnu-tools-for-stm32.11.3.rel1.win32_1.1.1.202309131626/tools/bin/../lib/gcc/arm-none-eabi/11.3.1/../../../../arm-none-eabi/lib/thumb/v7e-m+fp/hard\libc_nano.a(libc_a-lock.o)
                0x0000000008009dd8                __retarget_lock_init_recursive
 .text.__retarget_lock_acquire_recursive
                0x0000000008009dda        0x2 C:/Program Files/STMicroelectronics/STM32CubeIDE_1.13.2/STM32CubeIDE/plugins/com.st.stm32cube.ide.mcu.externaltools.gnu-tools-for-stm32.11.3.rel1.win32_1.1.1.202309131626/tools/bin/../lib/gcc/arm-none-eabi/11.3.1/../../../../arm-none-eabi/lib/thumb/v7e-m+fp/hard\libc_nano.a(libc_a-lock.o)
                0x0000000008009dda                __retarget_lock_acquire_recursive
 .text.__retarget_lock_release_recursive
                0x0000000008009ddc        0x2 C:/Program Files/STMicroelectronics/STM32CubeIDE_1.13.2/STM32CubeIDE/plugins/com.st.stm32cube.ide.mcu.externaltools.gnu-tools-for-stm32.11.3.rel1.win32_1.1.1.202309131626/tools/bin/../lib/gcc/arm-none-eabi/11.3.1/../../../../arm-none-eabi/lib/thumb/v7e-m+fp/hard\libc_nano.a(libc_a-lock.o)
                0x0000000008009ddc                __retarget_lock_release_recursive
 .text.memcpy   0x0000000008009dde       0x1c C:/Program Files/STMicroelectronics/STM32CubeIDE_1.13.2/STM32CubeIDE/plugins/com.st.stm32cube.ide.mcu.externaltools.gnu-tools-for-stm32.11.3.rel1.win32_1.1.1.202309131626/tools/bin/../lib/gcc/arm-none-eabi/11.3.1/../../../../arm-none-eabi/lib/thumb/v7e-m+fp/hard\libc_nano.a(libc_a-memcpy-stub.o)
                0x0000000008009dde                memcpy
 .text.abort    0x0000000008009dfa        0xe C:/Program Files/STMicroelectronics/STM32CubeIDE_1.13.2/STM32CubeIDE/plugins/com.st.stm32cube.ide.mcu.externaltools.gnu-tools-for-stm32.11.3.rel1.win32_1.1.1.202309131626/tools/bin/../lib/gcc/arm-none-eabi/11.3.1/../../../../arm-none-eabi/lib/thumb/v7e-m+fp/hard\libc_nano.a(libc_a-abort.o)
                0x0000000008009dfa                abort
 .text._free_r  0x0000000008009e08       0x98 C:/Program Files/STMicroelectronics/STM32CubeIDE_1.13.2/STM32CubeIDE/plugins/com.st.stm32cube.ide.mcu.externaltools.gnu-tools-for-stm32.11.3.rel1.win32_1.1.1.202309131626/tools/bin/../lib/gcc/arm-none-eabi/11.3.1/../../../../arm-none-eabi/lib/thumb/v7e-m+fp/hard\libc_nano.a(libc_a-freer.o)
                0x0000000008009e08                _free_r
 .text.__sfputc_r
                0x0000000008009ea0       0x2e C:/Program Files/STMicroelectronics/STM32CubeIDE_1.13.2/STM32CubeIDE/plugins/com.st.stm32cube.ide.mcu.externaltools.gnu-tools-for-stm32.11.3.rel1.win32_1.1.1.202309131626/tools/bin/../lib/gcc/arm-none-eabi/11.3.1/../../../../arm-none-eabi/lib/thumb/v7e-m+fp/hard\libc_nano.a(libc_a-nano-vfprintf.o)
 .text.__sfputs_r
                0x0000000008009ece       0x24 C:/Program Files/STMicroelectronics/STM32CubeIDE_1.13.2/STM32CubeIDE/plugins/com.st.stm32cube.ide.mcu.externaltools.gnu-tools-for-stm32.11.3.rel1.win32_1.1.1.202309131626/tools/bin/../lib/gcc/arm-none-eabi/11.3.1/../../../../arm-none-eabi/lib/thumb/v7e-m+fp/hard\libc_nano.a(libc_a-nano-vfprintf.o)
                0x0000000008009ece                __sfputs_r
 *fill*         0x0000000008009ef2        0x2 
 .text._vfprintf_r
                0x0000000008009ef4      0x234 C:/Program Files/STMicroelectronics/STM32CubeIDE_1.13.2/STM32CubeIDE/plugins/com.st.stm32cube.ide.mcu.externaltools.gnu-tools-for-stm32.11.3.rel1.win32_1.1.1.202309131626/tools/bin/../lib/gcc/arm-none-eabi/11.3.1/../../../../arm-none-eabi/lib/thumb/v7e-m+fp/hard\libc_nano.a(libc_a-nano-vfprintf.o)
                0x0000000008009ef4                _vfprintf_r
                0x0000000008009ef4                _vfiprintf_r
 .text._printf_common
                0x000000000800a128       0xda C:/Program Files/STMicroelectronics/STM32CubeIDE_1.13.2/STM32CubeIDE/plugins/com.st.stm32cube.ide.mcu.externaltools.gnu-tools-for-stm32.11.3.rel1.win32_1.1.1.202309131626/tools/bin/../lib/gcc/arm-none-eabi/11.3.1/../../../../arm-none-eabi/lib/thumb/v7e-m+fp/hard\libc_nano.a(libc_a-nano-vfprintf_i.o)
                0x000000000800a128                _printf_common
 *fill*         0x000000000800a202        0x2 
 .text._printf_i
                0x000000000800a204      0x244 C:/Program Files/STMicroelectronics/STM32CubeIDE_1.13.2/STM32CubeIDE/plugins/com.st.stm32cube.ide.mcu.externaltools.gnu-tools-for-stm32.11.3.rel1.win32_1.1.1.202309131626/tools/bin/../lib/gcc/arm-none-eabi/11.3.1/../../../../arm-none-eabi/lib/thumb/v7e-m+fp/hard\libc_nano.a(libc_a-nano-vfprintf_i.o)
                0x000000000800a204                _printf_i
 .text.__sflush_r
                0x000000000800a448      0x10c C:/Program Files/STMicroelectronics/STM32CubeIDE_1.13.2/STM32CubeIDE/plugins/com.st.stm32cube.ide.mcu.externaltools.gnu-tools-for-stm32.11.3.rel1.win32_1.1.1.202309131626/tools/bin/../lib/gcc/arm-none-eabi/11.3.1/../../../../arm-none-eabi/lib/thumb/v7e-m+fp/hard\libc_nano.a(libc_a-fflush.o)
                0x000000000800a448                __sflush_r
 .text._fflush_r
                0x000000000800a554       0x50 C:/Program Files/STMicroelectronics/STM32CubeIDE_1.13.2/STM32CubeIDE/plugins/com.st.stm32cube.ide.mcu.externaltools.gnu-tools-for-stm32.11.3.rel1.win32_1.1.1.202309131626/tools/bin/../lib/gcc/arm-none-eabi/11.3.1/../../../../arm-none-eabi/lib/thumb/v7e-m+fp/hard\libc_nano.a(libc_a-fflush.o)
                0x000000000800a554                _fflush_r
 .text._putc_r  0x000000000800a5a4       0x68 C:/Program Files/STMicroelectronics/STM32CubeIDE_1.13.2/STM32CubeIDE/plugins/com.st.stm32cube.ide.mcu.externaltools.gnu-tools-for-stm32.11.3.rel1.win32_1.1.1.202309131626/tools/bin/../lib/gcc/arm-none-eabi/11.3.1/../../../../arm-none-eabi/lib/thumb/v7e-m+fp/hard\libc_nano.a(libc_a-putc.o)
                0x000000000800a5a4                _putc_r
 .text.__swbuf_r
                0x000000000800a60c       0x7a C:/Program Files/STMicroelectronics/STM32CubeIDE_1.13.2/STM32CubeIDE/plugins/com.st.stm32cube.ide.mcu.externaltools.gnu-tools-for-stm32.11.3.rel1.win32_1.1.1.202309131626/tools/bin/../lib/gcc/arm-none-eabi/11.3.1/../../../../arm-none-eabi/lib/thumb/v7e-m+fp/hard\libc_nano.a(libc_a-wbuf.o)
                0x000000000800a60c                __swbuf_r
 *fill*         0x000000000800a686        0x2 
 .text.__swsetup_r
                0x000000000800a688       0xb0 C:/Program Files/STMicroelectronics/STM32CubeIDE_1.13.2/STM32CubeIDE/plugins/com.st.stm32cube.ide.mcu.externaltools.gnu-tools-for-stm32.11.3.rel1.win32_1.1.1.202309131626/tools/bin/../lib/gcc/arm-none-eabi/11.3.1/../../../../arm-none-eabi/lib/thumb/v7e-m+fp/hard\libc_nano.a(libc_a-wsetup.o)
                0x000000000800a688                __swsetup_r
 .text._raise_r
                0x000000000800a738       0x50 C:/Program Files/STMicroelectronics/STM32CubeIDE_1.13.2/STM32CubeIDE/plugins/com.st.stm32cube.ide.mcu.externaltools.gnu-tools-for-stm32.11.3.rel1.win32_1.1.1.202309131626/tools/bin/../lib/gcc/arm-none-eabi/11.3.1/../../../../arm-none-eabi/lib/thumb/v7e-m+fp/hard\libc_nano.a(libc_a-signal.o)
                0x000000000800a738                _raise_r
 .text.raise    0x000000000800a788       0x10 C:/Program Files/STMicroelectronics/STM32CubeIDE_1.13.2/STM32CubeIDE/plugins/com.st.stm32cube.ide.mcu.externaltools.gnu-tools-for-stm32.11.3.rel1.win32_1.1.1.202309131626/tools/bin/../lib/gcc/arm-none-eabi/11.3.1/../../../../arm-none-eabi/lib/thumb/v7e-m+fp/hard\libc_nano.a(libc_a-signal.o)
                0x000000000800a788                raise
 .text._kill_r  0x000000000800a798       0x24 C:/Program Files/STMicroelectronics/STM32CubeIDE_1.13.2/STM32CubeIDE/plugins/com.st.stm32cube.ide.mcu.externaltools.gnu-tools-for-stm32.11.3.rel1.win32_1.1.1.202309131626/tools/bin/../lib/gcc/arm-none-eabi/11.3.1/../../../../arm-none-eabi/lib/thumb/v7e-m+fp/hard\libc_nano.a(libc_a-signalr.o)
                0x000000000800a798                _kill_r
 .text._getpid_r
                0x000000000800a7bc        0x4 C:/Program Files/STMicroelectronics/STM32CubeIDE_1.13.2/STM32CubeIDE/plugins/com.st.stm32cube.ide.mcu.externaltools.gnu-tools-for-stm32.11.3.rel1.win32_1.1.1.202309131626/tools/bin/../lib/gcc/arm-none-eabi/11.3.1/../../../../arm-none-eabi/lib/thumb/v7e-m+fp/hard\libc_nano.a(libc_a-signalr.o)
                0x000000000800a7bc                _getpid_r
 .text.__swhatbuf_r
                0x000000000800a7c0       0x4c C:/Program Files/STMicroelectronics/STM32CubeIDE_1.13.2/STM32CubeIDE/plugins/com.st.stm32cube.ide.mcu.externaltools.gnu-tools-for-stm32.11.3.rel1.win32_1.1.1.202309131626/tools/bin/../lib/gcc/arm-none-eabi/11.3.1/../../../../arm-none-eabi/lib/thumb/v7e-m+fp/hard\libc_nano.a(libc_a-makebuf.o)
                0x000000000800a7c0                __swhatbuf_r
 .text.__smakebuf_r
                0x000000000800a80c       0x78 C:/Program Files/STMicroelectronics/STM32CubeIDE_1.13.2/STM32CubeIDE/plugins/com.st.stm32cube.ide.mcu.externaltools.gnu-tools-for-stm32.11.3.rel1.win32_1.1.1.202309131626/tools/bin/../lib/gcc/arm-none-eabi/11.3.1/../../../../arm-none-eabi/lib/thumb/v7e-m+fp/hard\libc_nano.a(libc_a-makebuf.o)
                0x000000000800a80c                __smakebuf_r
 .text._fstat_r
                0x000000000800a884       0x24 C:/Program Files/STMicroelectronics/STM32CubeIDE_1.13.2/STM32CubeIDE/plugins/com.st.stm32cube.ide.mcu.externaltools.gnu-tools-for-stm32.11.3.rel1.win32_1.1.1.202309131626/tools/bin/../lib/gcc/arm-none-eabi/11.3.1/../../../../arm-none-eabi/lib/thumb/v7e-m+fp/hard\libc_nano.a(libc_a-fstatr.o)
                0x000000000800a884                _fstat_r
 .text._isatty_r
                0x000000000800a8a8       0x20 C:/Program Files/STMicroelectronics/STM32CubeIDE_1.13.2/STM32CubeIDE/plugins/com.st.stm32cube.ide.mcu.externaltools.gnu-tools-for-stm32.11.3.rel1.win32_1.1.1.202309131626/tools/bin/../lib/gcc/arm-none-eabi/11.3.1/../../../../arm-none-eabi/lib/thumb/v7e-m+fp/hard\libc_nano.a(libc_a-isattyr.o)
                0x000000000800a8a8                _isatty_r
 *(.glue_7)
 .glue_7        0x000000000800a8c8        0x0 linker stubs
 *(.glue_7t)
 .glue_7t       0x000000000800a8c8        0x0 linker stubs
 *(.eh_frame)
 .eh_frame      0x000000000800a8c8        0x0 C:/Program Files/STMicroelectronics/STM32CubeIDE_1.13.2/STM32CubeIDE/plugins/com.st.stm32cube.ide.mcu.externaltools.gnu-tools-for-stm32.11.3.rel1.win32_1.1.1.202309131626/tools/bin/../lib/gcc/arm-none-eabi/11.3.1/thumb/v7e-m+fp/hard/crtbegin.o
 *(.init)
 .init          0x000000000800a8c8        0x4 C:/Program Files/STMicroelectronics/STM32CubeIDE_1.13.2/STM32CubeIDE/plugins/com.st.stm32cube.ide.mcu.externaltools.gnu-tools-for-stm32.11.3.rel1.win32_1.1.1.202309131626/tools/bin/../lib/gcc/arm-none-eabi/11.3.1/thumb/v7e-m+fp/hard/crti.o
                0x000000000800a8c8                _init
 .init          0x000000000800a8cc        0x8 C:/Program Files/STMicroelectronics/STM32CubeIDE_1.13.2/STM32CubeIDE/plugins/com.st.stm32cube.ide.mcu.externaltools.gnu-tools-for-stm32.11.3.rel1.win32_1.1.1.202309131626/tools/bin/../lib/gcc/arm-none-eabi/11.3.1/thumb/v7e-m+fp/hard/crtn.o
 *(.fini)
 .fini          0x000000000800a8d4        0x4 C:/Program Files/STMicroelectronics/STM32CubeIDE_1.13.2/STM32CubeIDE/plugins/com.st.stm32cube.ide.mcu.externaltools.gnu-tools-for-stm32.11.3.rel1.win32_1.1.1.202309131626/tools/bin/../lib/gcc/arm-none-eabi/11.3.1/thumb/v7e-m+fp/hard/crti.o
                0x000000000800a8d4                _fini
 .fini          0x000000000800a8d8        0x8 C:/Program Files/STMicroelectronics/STM32CubeIDE_1.13.2/STM32CubeIDE/plugins/com.st.stm32cube.ide.mcu.externaltools.gnu-tools-for-stm32.11.3.rel1.win32_1.1.1.202309131626/tools/bin/../lib/gcc/arm-none-eabi/11.3.1/thumb/v7e-m+fp/hard/crtn.o
                0x000000000800a8e0                . = ALIGN (0x4)
                0x000000000800a8e0                _etext = .

.vfp11_veneer   0x000000000800a8e0        0x0
 .vfp11_veneer  0x000000000800a8e0        0x0 linker stubs

.v4_bx          0x000000000800a8e0        0x0
 .v4_bx         0x000000000800a8e0        0x0 linker stubs

.iplt           0x000000000800a8e0        0x0
 .iplt          0x000000000800a8e0        0x0 C:/Program Files/STMicroelectronics/STM32CubeIDE_1.13.2/STM32CubeIDE/plugins/com.st.stm32cube.ide.mcu.externaltools.gnu-tools-for-stm32.11.3.rel1.win32_1.1.1.202309131626/tools/bin/../lib/gcc/arm-none-eabi/11.3.1/thumb/v7e-m+fp/hard/crtbegin.o

.rodata         0x000000000800a8e0     0x1a74
                0x000000000800a8e0                . = ALIGN (0x4)
 *(.rodata)
 .rodata        0x000000000800a8e0      0x15a ./Core/Src/main.o
 *fill*         0x000000000800aa3a        0x2 
 .rodata        0x000000000800aa3c     0x1829 ./Core/Src/mongoose.o
 *fill*         0x000000000800c265        0x3 
 .rodata        0x000000000800c268        0x5 ./Middlewares/Third_Party/FreeRTOS/Source/tasks.o
 *fill*         0x000000000800c26d        0x3 
 .rodata        0x000000000800c270        0xd ./Middlewares/Third_Party/FreeRTOS/Source/timers.o
 *(.rodata*)
 *fill*         0x000000000800c27d        0x3 
 .rodata.SCD_attributes
                0x000000000800c280       0x24 ./Core/Src/main.o
                0x000000000800c280                SCD_attributes
 .rodata.__func__.1
                0x000000000800c2a4        0x8 ./Core/Src/main.o
 .rodata.__func__.38
                0x000000000800c2ac       0x10 ./Core/Src/mongoose.o
 .rodata.__func__.28
                0x000000000800c2bc        0xd ./Core/Src/mongoose.o
 *fill*         0x000000000800c2c9        0x3 
 .rodata.AHBPrescTable
                0x000000000800c2cc       0x10 ./Core/Src/system_stm32f7xx.o
                0x000000000800c2cc                AHBPrescTable
 .rodata.APBPrescTable
                0x000000000800c2dc        0x8 ./Core/Src/system_stm32f7xx.o
                0x000000000800c2dc                APBPrescTable
 .rodata.__assert_func.str1.1
                0x000000000800c2e4       0x3c C:/Program Files/STMicroelectronics/STM32CubeIDE_1.13.2/STM32CubeIDE/plugins/com.st.stm32cube.ide.mcu.externaltools.gnu-tools-for-stm32.11.3.rel1.win32_1.1.1.202309131626/tools/bin/../lib/gcc/arm-none-eabi/11.3.1/../../../../arm-none-eabi/lib/thumb/v7e-m+fp/hard\libc_nano.a(libc_a-assert.o)
                                         0x3d (size before relaxing)
 .rodata._vfprintf_r.str1.1
                0x000000000800c320       0x11 C:/Program Files/STMicroelectronics/STM32CubeIDE_1.13.2/STM32CubeIDE/plugins/com.st.stm32cube.ide.mcu.externaltools.gnu-tools-for-stm32.11.3.rel1.win32_1.1.1.202309131626/tools/bin/../lib/gcc/arm-none-eabi/11.3.1/../../../../arm-none-eabi/lib/thumb/v7e-m+fp/hard\libc_nano.a(libc_a-nano-vfprintf.o)
 .rodata._printf_i.str1.1
                0x000000000800c331       0x22 C:/Program Files/STMicroelectronics/STM32CubeIDE_1.13.2/STM32CubeIDE/plugins/com.st.stm32cube.ide.mcu.externaltools.gnu-tools-for-stm32.11.3.rel1.win32_1.1.1.202309131626/tools/bin/../lib/gcc/arm-none-eabi/11.3.1/../../../../arm-none-eabi/lib/thumb/v7e-m+fp/hard\libc_nano.a(libc_a-nano-vfprintf_i.o)
                0x000000000800c354                . = ALIGN (0x4)
 *fill*         0x000000000800c353        0x1 

.ARM.extab      0x000000000800c354        0x0
                0x000000000800c354                . = ALIGN (0x4)
 *(.ARM.extab* .gnu.linkonce.armextab.*)
                0x000000000800c354                . = ALIGN (0x4)

.ARM            0x000000000800c354        0x8
                0x000000000800c354                . = ALIGN (0x4)
                0x000000000800c354                __exidx_start = .
 *(.ARM.exidx*)
 .ARM.exidx     0x000000000800c354        0x8 C:/Program Files/STMicroelectronics/STM32CubeIDE_1.13.2/STM32CubeIDE/plugins/com.st.stm32cube.ide.mcu.externaltools.gnu-tools-for-stm32.11.3.rel1.win32_1.1.1.202309131626/tools/bin/../lib/gcc/arm-none-eabi/11.3.1/thumb/v7e-m+fp/hard\libgcc.a(_udivmoddi4.o)
                0x000000000800c35c                __exidx_end = .
                0x000000000800c35c                . = ALIGN (0x4)

.rel.dyn        0x000000000800c35c        0x0
 .rel.iplt      0x000000000800c35c        0x0 C:/Program Files/STMicroelectronics/STM32CubeIDE_1.13.2/STM32CubeIDE/plugins/com.st.stm32cube.ide.mcu.externaltools.gnu-tools-for-stm32.11.3.rel1.win32_1.1.1.202309131626/tools/bin/../lib/gcc/arm-none-eabi/11.3.1/thumb/v7e-m+fp/hard/crtbegin.o

.preinit_array  0x000000000800c35c        0x0
                0x000000000800c35c                . = ALIGN (0x4)
                0x000000000800c35c                PROVIDE (__preinit_array_start = .)
 *(.preinit_array*)
                0x000000000800c35c                PROVIDE (__preinit_array_end = .)
                0x000000000800c35c                . = ALIGN (0x4)

.init_array     0x000000000800c35c        0x4
                0x000000000800c35c                . = ALIGN (0x4)
                0x000000000800c35c                PROVIDE (__init_array_start = .)
 *(SORT_BY_NAME(.init_array.*))
 *(.init_array*)
 .init_array    0x000000000800c35c        0x4 C:/Program Files/STMicroelectronics/STM32CubeIDE_1.13.2/STM32CubeIDE/plugins/com.st.stm32cube.ide.mcu.externaltools.gnu-tools-for-stm32.11.3.rel1.win32_1.1.1.202309131626/tools/bin/../lib/gcc/arm-none-eabi/11.3.1/thumb/v7e-m+fp/hard/crtbegin.o
                0x000000000800c360                PROVIDE (__init_array_end = .)
                0x000000000800c360                . = ALIGN (0x4)

.fini_array     0x000000000800c360        0x4
                0x000000000800c360                . = ALIGN (0x4)
                [!provide]                        PROVIDE (__fini_array_start = .)
 *(SORT_BY_NAME(.fini_array.*))
 *(.fini_array*)
 .fini_array    0x000000000800c360        0x4 C:/Program Files/STMicroelectronics/STM32CubeIDE_1.13.2/STM32CubeIDE/plugins/com.st.stm32cube.ide.mcu.externaltools.gnu-tools-for-stm32.11.3.rel1.win32_1.1.1.202309131626/tools/bin/../lib/gcc/arm-none-eabi/11.3.1/thumb/v7e-m+fp/hard/crtbegin.o
                [!provide]                        PROVIDE (__fini_array_end = .)
                0x000000000800c364                . = ALIGN (0x4)
                0x000000000800c364                _sidata = LOADADDR (.data)

.data           0x0000000020000000       0x74 load address 0x000000000800c364
                0x0000000020000000                . = ALIGN (0x4)
                0x0000000020000000                _sdata = .
 *(.data)
 *(.data*)
 .data.s_level  0x0000000020000000        0x4 ./Core/Src/mongoose.o
 .data.s_log_func
                0x0000000020000004        0x4 ./Core/Src/mongoose.o
 .data.SystemCoreClock
                0x0000000020000008        0x4 ./Core/Src/system_stm32f7xx.o
                0x0000000020000008                SystemCoreClock
 .data.uwTickPrio
                0x000000002000000c        0x4 ./Drivers/STM32F7xx_HAL_Driver/Src/stm32f7xx_hal.o
                0x000000002000000c                uwTickPrio
 .data.uwTickFreq
                0x0000000020000010        0x1 ./Drivers/STM32F7xx_HAL_Driver/Src/stm32f7xx_hal.o
                0x0000000020000010                uwTickFreq
 *fill*         0x0000000020000011        0x3 
 .data.uxCriticalNesting
                0x0000000020000014        0x4 ./Middlewares/Third_Party/FreeRTOS/Source/portable/GCC/ARM_CM7/r0p1/port.o
 .data.__sglue  0x0000000020000018        0xc C:/Program Files/STMicroelectronics/STM32CubeIDE_1.13.2/STM32CubeIDE/plugins/com.st.stm32cube.ide.mcu.externaltools.gnu-tools-for-stm32.11.3.rel1.win32_1.1.1.202309131626/tools/bin/../lib/gcc/arm-none-eabi/11.3.1/../../../../arm-none-eabi/lib/thumb/v7e-m+fp/hard\libc_nano.a(libc_a-findfp.o)
                0x0000000020000018                __sglue
 .data._impure_data
                0x0000000020000024       0x4c C:/Program Files/STMicroelectronics/STM32CubeIDE_1.13.2/STM32CubeIDE/plugins/com.st.stm32cube.ide.mcu.externaltools.gnu-tools-for-stm32.11.3.rel1.win32_1.1.1.202309131626/tools/bin/../lib/gcc/arm-none-eabi/11.3.1/../../../../arm-none-eabi/lib/thumb/v7e-m+fp/hard\libc_nano.a(libc_a-impure.o)
                0x0000000020000024                _impure_data
 .data._impure_ptr
                0x0000000020000070        0x4 C:/Program Files/STMicroelectronics/STM32CubeIDE_1.13.2/STM32CubeIDE/plugins/com.st.stm32cube.ide.mcu.externaltools.gnu-tools-for-stm32.11.3.rel1.win32_1.1.1.202309131626/tools/bin/../lib/gcc/arm-none-eabi/11.3.1/../../../../arm-none-eabi/lib/thumb/v7e-m+fp/hard\libc_nano.a(libc_a-impure.o)
                0x0000000020000070                _impure_ptr
 *(.RamFunc)
 *(.RamFunc*)
                0x0000000020000074                . = ALIGN (0x4)
                0x0000000020000074                _edata = .

.igot.plt       0x0000000020000074        0x0 load address 0x000000000800c3d8
 .igot.plt      0x0000000020000074        0x0 C:/Program Files/STMicroelectronics/STM32CubeIDE_1.13.2/STM32CubeIDE/plugins/com.st.stm32cube.ide.mcu.externaltools.gnu-tools-for-stm32.11.3.rel1.win32_1.1.1.202309131626/tools/bin/../lib/gcc/arm-none-eabi/11.3.1/thumb/v7e-m+fp/hard/crtbegin.o

.RxDecripSection
                0x0000000020000074       0xa0 load address 0x000000000800c3d8
 .RxDecripSection
                0x0000000020000074       0xa0 ./Core/Src/main.o
                0x0000000020000074                DMARxDscrTab

.TxDecripSection
                0x0000000020000114       0xa0 load address 0x000000000800c478
 .TxDecripSection
                0x0000000020000114       0xa0 ./Core/Src/main.o
                0x0000000020000114                DMATxDscrTab
                0x00000000200001b4                . = ALIGN (0x4)

.bss            0x00000000200001b4     0x6544 load address 0x000000000800c518
                0x00000000200001b4                _sbss = .
                0x00000000200001b4                __bss_start__ = _sbss
 *(.bss)
 .bss           0x00000000200001b4       0x1c C:/Program Files/STMicroelectronics/STM32CubeIDE_1.13.2/STM32CubeIDE/plugins/com.st.stm32cube.ide.mcu.externaltools.gnu-tools-for-stm32.11.3.rel1.win32_1.1.1.202309131626/tools/bin/../lib/gcc/arm-none-eabi/11.3.1/thumb/v7e-m+fp/hard/crtbegin.o
 *(.bss*)
 .bss.TxConfig  0x00000000200001d0       0x38 ./Core/Src/main.o
                0x00000000200001d0                TxConfig
 .bss.heth      0x0000000020000208       0xb0 ./Core/Src/main.o
                0x0000000020000208                heth
 .bss.hrng      0x00000000200002b8       0x10 ./Core/Src/main.o
                0x00000000200002b8                hrng
 .bss.huart3    0x00000000200002c8       0x88 ./Core/Src/main.o
                0x00000000200002c8                huart3
 .bss.hi2c1     0x0000000020000350       0x54 ./Core/Src/main.o
                0x0000000020000350                hi2c1
 .bss.SCDHandle
                0x00000000200003a4        0x4 ./Core/Src/main.o
                0x00000000200003a4                SCDHandle
 .bss.Temp      0x00000000200003a8        0x4 ./Core/Src/main.o
 .bss.MACAddr.3
                0x00000000200003ac        0x6 ./Core/Src/main.o
 *fill*         0x00000000200003b2        0x2 
 .bss.s_log_func_param
                0x00000000200003b4        0x4 ./Core/Src/mongoose.o
 .bss.s_rxdesc  0x00000000200003b8       0x40 ./Core/Src/mongoose.o
 .bss.s_rxbuf   0x00000000200003f8     0x1810 ./Core/Src/mongoose.o
 .bss.s_rxno    0x0000000020001c08        0x1 ./Core/Src/mongoose.o
 *fill*         0x0000000020001c09        0x3 
 .bss.s_ifp     0x0000000020001c0c        0x4 ./Core/Src/mongoose.o
 .bss.htim6     0x0000000020001c10       0x4c ./Core/Src/stm32f7xx_hal_timebase_tim.o
                0x0000000020001c10                htim6
 .bss.__sbrk_heap_end
                0x0000000020001c5c        0x4 ./Core/Src/sysmem.o
 .bss.uwTick    0x0000000020001c60        0x4 ./Drivers/STM32F7xx_HAL_Driver/Src/stm32f7xx_hal.o
                0x0000000020001c60                uwTick
 .bss.KernelState
                0x0000000020001c64        0x4 ./Middlewares/Third_Party/FreeRTOS/Source/CMSIS_RTOS_V2/cmsis_os2.o
 .bss.Idle_TCB  0x0000000020001c68       0x5c ./Middlewares/Third_Party/FreeRTOS/Source/CMSIS_RTOS_V2/cmsis_os2.o
 .bss.Idle_Stack
                0x0000000020001cc4      0x200 ./Middlewares/Third_Party/FreeRTOS/Source/CMSIS_RTOS_V2/cmsis_os2.o
 .bss.Timer_TCB
                0x0000000020001ec4       0x5c ./Middlewares/Third_Party/FreeRTOS/Source/CMSIS_RTOS_V2/cmsis_os2.o
 .bss.Timer_Stack
                0x0000000020001f20      0x400 ./Middlewares/Third_Party/FreeRTOS/Source/CMSIS_RTOS_V2/cmsis_os2.o
 .bss.xQueueRegistry
                0x0000000020002320       0x40 ./Middlewares/Third_Party/FreeRTOS/Source/queue.o
                0x0000000020002320                xQueueRegistry
 .bss.pxCurrentTCB
                0x0000000020002360        0x4 ./Middlewares/Third_Party/FreeRTOS/Source/tasks.o
                0x0000000020002360                pxCurrentTCB
 .bss.pxReadyTasksLists
                0x0000000020002364      0x460 ./Middlewares/Third_Party/FreeRTOS/Source/tasks.o
 .bss.xDelayedTaskList1
                0x00000000200027c4       0x14 ./Middlewares/Third_Party/FreeRTOS/Source/tasks.o
 .bss.xDelayedTaskList2
                0x00000000200027d8       0x14 ./Middlewares/Third_Party/FreeRTOS/Source/tasks.o
 .bss.pxDelayedTaskList
                0x00000000200027ec        0x4 ./Middlewares/Third_Party/FreeRTOS/Source/tasks.o
 .bss.pxOverflowDelayedTaskList
                0x00000000200027f0        0x4 ./Middlewares/Third_Party/FreeRTOS/Source/tasks.o
 .bss.xPendingReadyList
                0x00000000200027f4       0x14 ./Middlewares/Third_Party/FreeRTOS/Source/tasks.o
 .bss.xTasksWaitingTermination
                0x0000000020002808       0x14 ./Middlewares/Third_Party/FreeRTOS/Source/tasks.o
 .bss.uxDeletedTasksWaitingCleanUp
                0x000000002000281c        0x4 ./Middlewares/Third_Party/FreeRTOS/Source/tasks.o
 .bss.xSuspendedTaskList
                0x0000000020002820       0x14 ./Middlewares/Third_Party/FreeRTOS/Source/tasks.o
 .bss.uxCurrentNumberOfTasks
                0x0000000020002834        0x4 ./Middlewares/Third_Party/FreeRTOS/Source/tasks.o
 .bss.xTickCount
                0x0000000020002838        0x4 ./Middlewares/Third_Party/FreeRTOS/Source/tasks.o
 .bss.uxTopReadyPriority
                0x000000002000283c        0x4 ./Middlewares/Third_Party/FreeRTOS/Source/tasks.o
 .bss.xSchedulerRunning
                0x0000000020002840        0x4 ./Middlewares/Third_Party/FreeRTOS/Source/tasks.o
 .bss.uxPendedTicks
                0x0000000020002844        0x4 ./Middlewares/Third_Party/FreeRTOS/Source/tasks.o
 .bss.xYieldPending
                0x0000000020002848        0x4 ./Middlewares/Third_Party/FreeRTOS/Source/tasks.o
 .bss.xNumOfOverflows
                0x000000002000284c        0x4 ./Middlewares/Third_Party/FreeRTOS/Source/tasks.o
 .bss.uxTaskNumber
                0x0000000020002850        0x4 ./Middlewares/Third_Party/FreeRTOS/Source/tasks.o
 .bss.xNextTaskUnblockTime
                0x0000000020002854        0x4 ./Middlewares/Third_Party/FreeRTOS/Source/tasks.o
 .bss.xIdleTaskHandle
                0x0000000020002858        0x4 ./Middlewares/Third_Party/FreeRTOS/Source/tasks.o
 .bss.uxSchedulerSuspended
                0x000000002000285c        0x4 ./Middlewares/Third_Party/FreeRTOS/Source/tasks.o
 .bss.xActiveTimerList1
                0x0000000020002860       0x14 ./Middlewares/Third_Party/FreeRTOS/Source/timers.o
 .bss.xActiveTimerList2
                0x0000000020002874       0x14 ./Middlewares/Third_Party/FreeRTOS/Source/timers.o
 .bss.pxCurrentTimerList
                0x0000000020002888        0x4 ./Middlewares/Third_Party/FreeRTOS/Source/timers.o
 .bss.pxOverflowTimerList
                0x000000002000288c        0x4 ./Middlewares/Third_Party/FreeRTOS/Source/timers.o
 .bss.xTimerQueue
                0x0000000020002890        0x4 ./Middlewares/Third_Party/FreeRTOS/Source/timers.o
 .bss.xTimerTaskHandle
                0x0000000020002894        0x4 ./Middlewares/Third_Party/FreeRTOS/Source/timers.o
 .bss.xLastTime.2
                0x0000000020002898        0x4 ./Middlewares/Third_Party/FreeRTOS/Source/timers.o
 .bss.ucStaticTimerQueueStorage.1
                0x000000002000289c       0xa0 ./Middlewares/Third_Party/FreeRTOS/Source/timers.o
 .bss.xStaticTimerQueue.0
                0x000000002000293c       0x50 ./Middlewares/Third_Party/FreeRTOS/Source/timers.o
 .bss.ucMaxSysCallPriority
                0x000000002000298c        0x1 ./Middlewares/Third_Party/FreeRTOS/Source/portable/GCC/ARM_CM7/r0p1/port.o
 *fill*         0x000000002000298d        0x3 
 .bss.ulMaxPRIGROUPValue