../Core/Src/main.c:117:5:main	8	static
../Core/Src/main.c:153:6:SystemClock_Config	88	static
../Core/Src/main.c:207:13:MX_I2C1_Init	8	static
../Core/Src/main.c:240:13:MX_I2C2_Init	8	static
../Core/Src/main.c:277:13:MX_ETH_Init	8	static
../Core/Src/main.c:308:13:MX_RNG_Init	8	static
../Core/Src/main.c:323:13:MX_USART3_UART_Init	8	static
../Core/Src/main.c:377:13:MX_GPIO_Init	56	static
../Core/Src/main.c:437:6:HAL_TIM_PeriodElapsedCallback	16	static
../Core/Src/main.c:444:6:mg_random	24	static
../Core/Src/main.c:453:13:timer_fn	64	static
../Core/Src/main.c:461:15:calcTemp	32	static
../Core/Src/main.c:469:15:calcHum	32	static
../Core/Src/main.c:475:17:calcParticle	24	static
../Core/Src/main.c:480:17:calcAvg	24	static
../Core/Src/main.c:491:6:sensor1	56	static
../Core/Src/main.c:527:6:sensor2	48	static
../Core/Src/main.c:548:13:fn	152	static
../Core/Src/main.c:580:6:server	224	static
../Core/Src/main.c:616:6:Error_Handler	4	static,ignoring_inline_asm
