../Core/Src/main.c:90:5:main	8	static
../Core/Src/main.c:120:6:SystemClock_Config	88	static
../Core/Src/main.c:174:13:MX_ETH_Init	8	static
../Core/Src/main.c:205:13:MX_RNG_Init	8	static
../Core/Src/main.c:221:13:MX_USART3_UART_Init	8	static
../Core/Src/main.c:275:13:MX_GPIO_Init	56	static
../Core/Src/main.c:335:6:HAL_TIM_PeriodElapsedCallback	16	static
../Core/Src/main.c:342:6:mg_random	24	static
../Core/Src/main.c:351:13:timer_fn	64	static
../Core/Src/main.c:359:6:blinker	16	static
../Core/Src/main.c:376:13:fn	128	static
../Core/Src/main.c:408:6:server	224	static
../Core/Src/main.c:447:6:Error_Handler	4	static,ignoring_inline_asm
