../Core/Src/mongoose.c:28:12:mg_b64idx	16	static
../Core/Src/mongoose.c:40:12:mg_b64rev	16	static
../Core/Src/mongoose.c:58:5:mg_base64_update	32	static
../Core/Src/mongoose.c:74:5:mg_base64_final	24	static
../Core/Src/mongoose.c:85:5:mg_base64_encode	32	static
../Core/Src/mongoose.c:92:5:mg_base64_decode	48	static
../Core/Src/mongoose.c:131:13:mg_dns_free	24	static
../Core/Src/mongoose.c:137:6:mg_resolve_cancel	24	static
../Core/Src/mongoose.c:145:15:mg_dns_parse_name_depth	56	static
../Core/Src/mongoose.c:182:15:mg_dns_parse_name	40	static
../Core/Src/mongoose.c:187:8:mg_dns_parse_rr	40	static
../Core/Src/mongoose.c:211:6:mg_dns_parse	56	static
../Core/Src/mongoose.c:249:13:dns_cb	344	static
../Core/Src/mongoose.c:309:13:mg_dns_send	312	static
../Core/Src/mongoose.c:336:13:mg_sendnsreq	56	static
../Core/Src/mongoose.c:368:6:mg_resolve	40	static
../Core/Src/mongoose.c:389:6:mg_call	32	static
../Core/Src/mongoose.c:397:6:mg_error	92	static
../Core/Src/mongoose.c:415:13:is_digit	16	static
../Core/Src/mongoose.c:419:12:addexp	32	static
../Core/Src/mongoose.c:431:12:xisinf	24	static
../Core/Src/mongoose.c:440:12:xisnan	24	static
../Core/Src/mongoose.c:450:15:mg_dtoa	136	static
../Core/Src/mongoose.c:509:15:mg_lld	64	static
../Core/Src/mongoose.c:531:15:scpy	32	static
../Core/Src/mongoose.c:538:8:mg_xprintf	24	static
../Core/Src/mongoose.c:547:8:mg_vxprintf	176	static
../Core/Src/mongoose.c:641:15:mg_fs_open	32	static
../Core/Src/mongoose.c:654:6:mg_fs_close	16	static
../Core/Src/mongoose.c:661:7:mg_file_read	40	static
../Core/Src/mongoose.c:682:6:mg_file_write	168	static
../Core/Src/mongoose.c:701:6:mg_file_printf	32	static
../Core/Src/mongoose.c:873:12:is_dir_prefix	24	static
../Core/Src/mongoose.c:879:12:packed_stat	40	static
../Core/Src/mongoose.c:890:13:packed_list	312	static
../Core/Src/mongoose.c:911:14:packed_open	32	static
../Core/Src/mongoose.c:924:13:packed_close	16	static
../Core/Src/mongoose.c:928:15:packed_read	32	static
../Core/Src/mongoose.c:936:15:packed_write	24	static
../Core/Src/mongoose.c:941:15:packed_seek	24	static
../Core/Src/mongoose.c:948:13:packed_rename	16	static
../Core/Src/mongoose.c:953:13:packed_remove	16	static
../Core/Src/mongoose.c:958:13:packed_mkdir	16	static
../Core/Src/mongoose.c:1186:12:p_stat	24	static
../Core/Src/mongoose.c:1190:13:p_list	24	static
../Core/Src/mongoose.c:1194:14:p_open	16	static
../Core/Src/mongoose.c:1198:13:p_close	16	static
../Core/Src/mongoose.c:1201:15:p_read	24	static
../Core/Src/mongoose.c:1205:15:p_write	24	static
../Core/Src/mongoose.c:1209:15:p_seek	16	static
../Core/Src/mongoose.c:1213:13:p_rename	16	static
../Core/Src/mongoose.c:1217:13:p_remove	16	static
../Core/Src/mongoose.c:1221:13:p_mkdir	16	static
../Core/Src/mongoose.c:1247:6:mg_to_size_t	88	static
../Core/Src/mongoose.c:1277:8:mg_http_next_multipart	112	static
../Core/Src/mongoose.c:1317:6:mg_http_bauth	56	static
../Core/Src/mongoose.c:1343:15:mg_http_var	48	static
../Core/Src/mongoose.c:1354:5:mg_http_get_var	56	static
../Core/Src/mongoose.c:1374:13:isx	16	static
../Core/Src/mongoose.c:1379:5:mg_url_decode	32	static
../Core/Src/mongoose.c:1401:13:isok	16	static
../Core/Src/mongoose.c:1405:5:mg_http_get_request_len	24	static
../Core/Src/mongoose.c:1415:16:mg_http_get_header	40	static
../Core/Src/mongoose.c:1425:15:clen	24	static
../Core/Src/mongoose.c:1435:20:skiptorn	24	static
../Core/Src/mongoose.c:1444:13:mg_http_parse_headers	48	static
../Core/Src/mongoose.c:1464:5:mg_http_parse	48	static
../Core/Src/mongoose.c:1536:13:mg_http_vprintf_chunk	32	static
../Core/Src/mongoose.c:1549:6:mg_http_printf_chunk	28	static
../Core/Src/mongoose.c:1556:6:mg_http_write_chunk	24	static
../Core/Src/mongoose.c:1564:20:mg_http_status_code_str	16	static
../Core/Src/mongoose.c:1634:6:mg_http_reply	52	static
../Core/Src/mongoose.c:1653:13:restore_http_cb	16	static
../Core/Src/mongoose.c:1661:7:mg_http_etag	48	static
../Core/Src/mongoose.c:1666:13:static_cb	48	static
../Core/Src/mongoose.c:1725:22:guess_content_type	64	static
../Core/Src/mongoose.c:1747:12:getrange	40	static
../Core/Src/mongoose.c:1767:6:mg_http_serve_file	512	static
../Core/Src/mongoose.c:1973:12:uri_to_path2	56	static
../Core/Src/mongoose.c:2030:12:uri_to_path	112	static
../Core/Src/mongoose.c:2044:6:mg_http_serve_dir	176	static
../Core/Src/mongoose.c:2065:13:mg_is_url_safe	16	static
../Core/Src/mongoose.c:2070:8:mg_url_encode	40	static
../Core/Src/mongoose.c:2088:6:mg_http_creds	328	static
../Core/Src/mongoose.c:2110:22:stripquotes	24	static
../Core/Src/mongoose.c:2116:15:mg_http_get_header_var	56	static
../Core/Src/mongoose.c:2133:6:mg_http_match_uri	32	static
../Core/Src/mongoose.c:2137:6:mg_http_upload	72	static
../Core/Src/mongoose.c:2173:5:mg_http_status	16	static
../Core/Src/mongoose.c:2189:13:getchunk	40	static
../Core/Src/mongoose.c:2202:13:mg_is_chunked	24	static
../Core/Src/mongoose.c:2208:6:mg_http_delete_chunk	24	static
../Core/Src/mongoose.c:2214:13:deliver_chunked_chunks	96	static
../Core/Src/mongoose.c:2250:13:deliver_normal_chunks	56	static
../Core/Src/mongoose.c:2274:13:http_cb	584	static
../Core/Src/mongoose.c:2307:13:mg_hfn	40	static
../Core/Src/mongoose.c:2326:6:mg_hello	88	static
../Core/Src/mongoose.c:2335:23:mg_http_connect	32	static
../Core/Src/mongoose.c:2342:23:mg_http_listen	32	static
../Core/Src/mongoose.c:2358:13:zeromem	16	static
../Core/Src/mongoose.c:2364:15:roundup	16	static
../Core/Src/mongoose.c:2368:5:mg_iobuf_resize	56	static
../Core/Src/mongoose.c:2395:5:mg_iobuf_init	24	static
../Core/Src/mongoose.c:2402:8:mg_iobuf_add	32	static
../Core/Src/mongoose.c:2414:8:mg_iobuf_del	24	static
../Core/Src/mongoose.c:2423:6:mg_iobuf_free	16	static
../Core/Src/mongoose.c:2434:20:escapeseq	16	static
../Core/Src/mongoose.c:2438:13:json_esc	32	static
../Core/Src/mongoose.c:2446:12:mg_pass_string	24	static
../Core/Src/mongoose.c:2460:15:mg_atod	72	static
../Core/Src/mongoose.c:2506:5:mg_json_get	120	static
../Core/Src/mongoose.c:2645:6:mg_json_get_num	48	static
../Core/Src/mongoose.c:2655:6:mg_json_get_bool	40	static
../Core/Src/mongoose.c:2664:6:mg_json_unescape	48	static
../Core/Src/mongoose.c:2689:7:mg_json_get_str	48	static
../Core/Src/mongoose.c:2703:7:mg_json_get_b64	48	static
../Core/Src/mongoose.c:2714:7:mg_json_get_hex	48	static
../Core/Src/mongoose.c:2726:6:mg_json_get_long	48	static
../Core/Src/mongoose.c:2745:6:mg_log_set_fn	16	static
../Core/Src/mongoose.c:2750:13:logc	16	static
../Core/Src/mongoose.c:2754:13:logs	24	static
../Core/Src/mongoose.c:2759:6:mg_log_set	16	static
../Core/Src/mongoose.c:2764:6:mg_log_prefix	112	static
../Core/Src/mongoose.c:2781:6:mg_log	16	static
../Core/Src/mongoose.c:2789:22:nibble	16	static
../Core/Src/mongoose.c:2794:6:mg_hexdump	48	static
../Core/Src/mongoose.c:2822:13:mg_byte_reverse	24	static
../Core/Src/mongoose.c:2847:6:mg_md5_init	16	static
../Core/Src/mongoose.c:2857:13:mg_md5_transform	32	static
../Core/Src/mongoose.c:2939:6:mg_md5_update	32	static
../Core/Src/mongoose.c:2974:6:mg_md5_final	32	static
../Core/Src/mongoose.c:3056:6:mg_mqtt_send_header	40	static
../Core/Src/mongoose.c:3069:13:mg_send_u16	16	static
../Core/Src/mongoose.c:3073:13:mg_send_u32	16	static
../Core/Src/mongoose.c:3077:16:varint_size	24	static
../Core/Src/mongoose.c:3086:15:encode_varint	24	static
../Core/Src/mongoose.c:3099:15:decode_varint	40	static
../Core/Src/mongoose.c:3114:12:mqtt_prop_type_by_id	24	static
../Core/Src/mongoose.c:3124:15:get_properties_length	24	static
../Core/Src/mongoose.c:3161:15:get_props_size	24	static
../Core/Src/mongoose.c:3167:13:mg_send_mqtt_properties	48	static
../Core/Src/mongoose.c:3209:8:mg_mqtt_next_prop	40	static
../Core/Src/mongoose.c:3263:6:mg_mqtt_login	72	static
../Core/Src/mongoose.c:3329:6:mg_mqtt_pub	40	static
../Core/Src/mongoose.c:3351:6:mg_mqtt_sub	32	static
../Core/Src/mongoose.c:3366:5:mg_mqtt_parse	48	static
../Core/Src/mongoose.c:3436:13:mqtt_cb	112	static
../Core/Src/mongoose.c:3508:6:mg_mqtt_ping	16	static
../Core/Src/mongoose.c:3512:6:mg_mqtt_pong	16	static
../Core/Src/mongoose.c:3516:6:mg_mqtt_disconnect	24	static
../Core/Src/mongoose.c:3529:23:mg_mqtt_connect	96	static
../Core/Src/mongoose.c:3542:23:mg_mqtt_listen	32	static
../Core/Src/mongoose.c:3560:8:mg_vprintf	32	static
../Core/Src/mongoose.c:3566:8:mg_printf	28	static
../Core/Src/mongoose.c:3575:13:mg_atonl	32	static
../Core/Src/mongoose.c:3583:13:mg_atone	24	static
../Core/Src/mongoose.c:3590:13:mg_aton4	40	static
../Core/Src/mongoose.c:3611:13:mg_v4mapped	40	static
../Core/Src/mongoose.c:3629:13:mg_aton6	48	static
../Core/Src/mongoose.c:3667:6:mg_aton	24	static
../Core/Src/mongoose.c:3673:23:mg_alloc_conn	24	static
../Core/Src/mongoose.c:3684:6:mg_close_conn	24	static
../Core/Src/mongoose.c:3701:23:mg_connect	40	static
../Core/Src/mongoose.c:3726:23:mg_listen	32	static
../Core/Src/mongoose.c:3748:23:mg_wrapfd	32	static
../Core/Src/mongoose.c:3762:18:mg_timer_add	48	static
../Core/Src/mongoose.c:3772:6:mg_mgr_free	32	static
../Core/Src/mongoose.c:3789:6:mg_mgr_init	16	static
../Core/Src/mongoose.c:3819:8:mg_queue_vprintf	32	static
../Core/Src/mongoose.c:3831:8:mg_queue_printf	28	static
../Core/Src/mongoose.c:3840:13:mg_pfn_iobuf_private	24	static
../Core/Src/mongoose.c:3851:13:mg_putchar_iobuf_static	16	static
../Core/Src/mongoose.c:3855:6:mg_pfn_iobuf	16	static
../Core/Src/mongoose.c:3859:8:mg_vsnprintf	48	static
../Core/Src/mongoose.c:3866:8:mg_snprintf	24	static
../Core/Src/mongoose.c:3875:7:mg_vmprintf	32	static
../Core/Src/mongoose.c:3881:7:mg_mprintf	16	static
../Core/Src/mongoose.c:3890:6:mg_pfn_stdout	16	static
../Core/Src/mongoose.c:3895:15:print_ip4	40	static
../Core/Src/mongoose.c:3899:15:print_ip6	80	static
../Core/Src/mongoose.c:3906:8:mg_print_ip4	32	static
../Core/Src/mongoose.c:3911:8:mg_print_ip6	32	static
../Core/Src/mongoose.c:3916:8:mg_print_ip	32	static
../Core/Src/mongoose.c:3922:8:mg_print_ip_port	40	static
../Core/Src/mongoose.c:3927:8:mg_print_mac	64	static
../Core/Src/mongoose.c:3933:13:mg_esc	32	static
../Core/Src/mongoose.c:3941:13:mg_escape	16	static
../Core/Src/mongoose.c:3945:15:qcpy	40	static
../Core/Src/mongoose.c:3959:15:bcpy	48	static
../Core/Src/mongoose.c:3976:8:mg_print_hex	40	static
../Core/Src/mongoose.c:3987:8:mg_print_base64	32	static
../Core/Src/mongoose.c:3993:8:mg_print_esc	32	static
../Core/Src/mongoose.c:4027:6:mg_queue_init	24	static
../Core/Src/mongoose.c:4033:15:mg_queue_read_len	24	static
../Core/Src/mongoose.c:4041:13:mg_queue_write_len	24	static
../Core/Src/mongoose.c:4047:8:mg_queue_book	32	static
../Core/Src/mongoose.c:4060:8:mg_queue_next	24	static
../Core/Src/mongoose.c:4074:6:mg_queue_add	16	static
../Core/Src/mongoose.c:4081:6:mg_queue_del	16	static
../Core/Src/mongoose.c:4092:6:mg_rpc_add	48	static
../Core/Src/mongoose.c:4101:6:mg_rpc_del	24	static
../Core/Src/mongoose.c:4114:13:mg_rpc_call	40	static
../Core/Src/mongoose.c:4125:6:mg_rpc_process	48	static
../Core/Src/mongoose.c:4139:6:mg_rpc_vok	72	static
../Core/Src/mongoose.c:4149:6:mg_rpc_ok	28	static
../Core/Src/mongoose.c:4156:6:mg_rpc_verr	80	static
../Core/Src/mongoose.c:4169:6:mg_rpc_err	24	static
../Core/Src/mongoose.c:4176:15:print_methods	56	static
../Core/Src/mongoose.c:4187:6:mg_rpc_list	16	static
../Core/Src/mongoose.c:4206:17:blk0	16	static
../Core/Src/mongoose.c:4243:13:mg_sha1_transform	112	static
../Core/Src/mongoose.c:4350:6:mg_sha1_init	16	static
../Core/Src/mongoose.c:4359:6:mg_sha1_update	32	static
../Core/Src/mongoose.c:4379:6:mg_sha1_final	32	static
../Core/Src/mongoose.c:4415:16:gettimestamp	56	static
../Core/Src/mongoose.c:4421:9:mg_sntp_parse	144	static
../Core/Src/mongoose.c:4446:13:sntp_cb	40	static
../Core/Src/mongoose.c:4464:6:mg_sntp_request	96	static
../Core/Src/mongoose.c:4479:23:mg_sntp_connect	32	static
../Core/Src/mongoose.c:5244:6:mg_http_serve_ssi	24	static
../Core/Src/mongoose.c:5256:15:mg_str_s	24	static
../Core/Src/mongoose.c:5261:15:mg_str_n	32	static
../Core/Src/mongoose.c:5266:5:mg_lower	24	static
../Core/Src/mongoose.c:5272:5:mg_ncasecmp	40	static
../Core/Src/mongoose.c:5280:5:mg_casecmp	16	static
../Core/Src/mongoose.c:5284:5:mg_vcmp	32	static
../Core/Src/mongoose.c:5291:5:mg_vcasecmp	32	static
../Core/Src/mongoose.c:5298:15:mg_strdup	40	static
../Core/Src/mongoose.c:5312:5:mg_strcmp	40	static
../Core/Src/mongoose.c:5326:13:mg_strstr	40	static
../Core/Src/mongoose.c:5339:13:is_space	16	static
../Core/Src/mongoose.c:5343:15:mg_strstrip	24	static
../Core/Src/mongoose.c:5349:6:mg_match	40	static
../Core/Src/mongoose.c:5381:6:mg_globmatch	48	static
../Core/Src/mongoose.c:5385:15:mg_nce	32	static
../Core/Src/mongoose.c:5398:6:mg_split	80	static
../Core/Src/mongoose.c:5408:6:mg_commalist	24	static
../Core/Src/mongoose.c:5412:7:mg_hex	40	static
../Core/Src/mongoose.c:5424:22:mg_unhex_nimble	16	static
../Core/Src/mongoose.c:5430:15:mg_unhexn	24	static
../Core/Src/mongoose.c:5436:6:mg_unhex	32	static
../Core/Src/mongoose.c:5443:6:mg_path_is_sane	24	static
../Core/Src/mongoose.c:5461:6:mg_timer_init	24	static
../Core/Src/mongoose.c:5468:6:mg_timer_free	16	static
../Core/Src/mongoose.c:5474:6:mg_timer_expired	56	static
../Core/Src/mongoose.c:5482:6:mg_timer_poll	56	static
../Core/Src/mongoose.c:5503:6:mg_tls_init	24	static
../Core/Src/mongoose.c:5507:6:mg_tls_handshake	16	static
../Core/Src/mongoose.c:5510:6:mg_tls_free	16	static
../Core/Src/mongoose.c:5513:6:mg_tls_recv	24	static
../Core/Src/mongoose.c:5516:6:mg_tls_send	24	static
../Core/Src/mongoose.c:5519:8:mg_tls_pending	16	static
../Core/Src/mongoose.c:5523:6:mg_tls_ctx_free	16	static
../Core/Src/mongoose.c:5526:6:mg_tls_ctx_init	16	static
../Core/Src/mongoose.c:6057:5:mg_url_is_ssl	16	static
../Core/Src/mongoose.c:6063:19:urlparse	56	static
../Core/Src/mongoose.c:6091:15:mg_url_host	56	static
../Core/Src/mongoose.c:6100:13:mg_url_uri	48	static
../Core/Src/mongoose.c:6105:16:mg_url_port	48	static
../Core/Src/mongoose.c:6117:15:mg_url_user	64	static
../Core/Src/mongoose.c:6127:15:mg_url_pass	64	static
../Core/Src/mongoose.c:6163:7:mg_random_str	24	static
../Core/Src/mongoose.c:6176:10:mg_ntohl	24	static
../Core/Src/mongoose.c:6183:10:mg_ntohs	24	static
../Core/Src/mongoose.c:6189:10:mg_crc32	32	static
../Core/Src/mongoose.c:6204:12:isbyte	16	static
../Core/Src/mongoose.c:6208:12:parse_net	72	static
../Core/Src/mongoose.c:6222:5:mg_check_ip_acl	56	static
../Core/Src/mongoose.c:6242:10:mg_millis	24	static
../Core/Src/mongoose.c:6310:8:mg_ws_vprintf	32	static
../Core/Src/mongoose.c:6318:8:mg_ws_printf	24	static
../Core/Src/mongoose.c:6327:13:ws_handshake	176	static
../Core/Src/mongoose.c:6353:17:be32	16	static
../Core/Src/mongoose.c:6358:15:ws_process	56	static
../Core/Src/mongoose.c:6388:15:mkhdr	48	static
../Core/Src/mongoose.c:6416:13:mg_ws_mask	32	static
../Core/Src/mongoose.c:6424:8:mg_ws_send	48	static
../Core/Src/mongoose.c:6435:13:mg_ws_client_handshake	568	static
../Core/Src/mongoose.c:6458:13:mg_ws_cb	72	static
../Core/Src/mongoose.c:6529:23:mg_ws_connect	112	static
../Core/Src/mongoose.c:6559:6:mg_ws_upgrade	40	static
../Core/Src/mongoose.c:6579:8:mg_ws_wrap	48	static
../Core/Src/mongoose.c:6912:17:eth_read_phy	16	static
../Core/Src/mongoose.c:6920:13:eth_write_phy	16	static
../Core/Src/mongoose.c:6928:17:get_hclk	80	static
../Core/Src/mongoose.c:6962:12:guess_mdc_cr	40	static
../Core/Src/mongoose.c:6982:13:mg_tcpip_driver_stm32_init	32	static
../Core/Src/mongoose.c:7032:15:mg_tcpip_driver_stm32_tx	24	static,ignoring_inline_asm
../Core/Src/mongoose.c:7055:13:mg_tcpip_driver_stm32_up	32	static
../Core/Src/mongoose.c:7071:6:ETH_IRQHandler	16	static
../Core/Src/mongoose.c:7638:13:w5500_txn	32	static
../Core/Src/mongoose.c:7653:14:w5500_wn	32	static
../Core/Src/mongoose.c:7654:14:w5500_w1	24	static
../Core/Src/mongoose.c:7655:14:w5500_w2	40	static
../Core/Src/mongoose.c:7656:14:w5500_rn	32	static
../Core/Src/mongoose.c:7657:17:w5500_r1	32	static
../Core/Src/mongoose.c:7658:18:w5500_r2	32	static
../Core/Src/mongoose.c:7661:15:w5500_rx	48	static
../Core/Src/mongoose.c:7680:15:w5500_tx	48	static
../Core/Src/mongoose.c:7699:13:w5500_init	24	static
../Core/Src/mongoose.c:7713:13:w5500_up	24	static
../Core/Src/mongoose.c:7855:13:mkpay	32	static
../Core/Src/mongoose.c:7860:17:csumup	32	static
../Core/Src/mongoose.c:7866:17:csumfin	16	static
../Core/Src/mongoose.c:7871:17:ipcsum	24	static
../Core/Src/mongoose.c:7876:15:ether_output	24	static
../Core/Src/mongoose.c:7885:13:arp_ask	24	static
../Core/Src/mongoose.c:7899:13:onstatechange	16	static
../Core/Src/mongoose.c:7913:19:tx_ip	32	static
../Core/Src/mongoose.c:7933:13:tx_udp	48	static
../Core/Src/mongoose.c:7955:13:tx_dhcp	320	static
../Core/Src/mongoose.c:7972:13:tx_dhcp_request_sel	80	static
../Core/Src/mongoose.c:7989:13:tx_dhcp_request_re	48	static
../Core/Src/mongoose.c:7999:13:tx_dhcp_discover	40	static
../Core/Src/mongoose.c:8009:30:getpeer	32	static
../Core/Src/mongoose.c:8021:13:rx_arp	48	static
../Core/Src/mongoose.c:8058:13:rx_icmp	48	static
../Core/Src/mongoose.c:8074:13:rx_dhcp_client	88	static
../Core/Src/mongoose.c:8123:13:rx_dhcp_server	368	static
../Core/Src/mongoose.c:8159:13:rx_udp	24	static
../Core/Src/mongoose.c:8181:15:tx_tcp	88	static
../Core/Src/mongoose.c:8210:15:tx_tcp_pkt	72	static
../Core/Src/mongoose.c:8219:13:settmout	56	static
../Core/Src/mongoose.c:8228:30:accept_conn	40	static
../Core/Src/mongoose.c:8256:6:mg_io_send	96	static
../Core/Src/mongoose.c:8282:6:mg_io_recv	32	static
../Core/Src/mongoose.c:8292:13:read_conn	88	static
../Core/Src/mongoose.c:8366:13:rx_tcp	48	static
../Core/Src/mongoose.c:8414:13:rx_ip	56	static
../Core/Src/mongoose.c:8452:13:rx_ip6	16	static
../Core/Src/mongoose.c:8468:13:mg_tcpip_rx	88	static
../Core/Src/mongoose.c:8511:13:mg_tcpip_poll	104	static
../Core/Src/mongoose.c:8588:6:mg_tcpip_qwrite	32	static
../Core/Src/mongoose.c:8599:6:mg_tcpip_init	24	static
../Core/Src/mongoose.c:8629:6:mg_tcpip_free	16	static
../Core/Src/mongoose.c:8634:5:mg_mkpipe	24	static
../Core/Src/mongoose.c:8640:13:send_syn	64	static
../Core/Src/mongoose.c:8650:6:mg_connect_resolved	48	static
../Core/Src/mongoose.c:8687:6:mg_open_listener	16	static
../Core/Src/mongoose.c:8692:13:write_conn	24	static
../Core/Src/mongoose.c:8701:13:close_conn	80	static
../Core/Src/mongoose.c:8715:13:can_write	16	static
../Core/Src/mongoose.c:8720:6:mg_mgr_poll	56	static
../Core/Src/mongoose.c:8739:6:mg_send	64	static
