12:52:04 **** Incremental Build of configuration Debug for project SMAQProj ****
make -j4 all 
arm-none-eabi-gcc "../Core/Src/main.c" -mcpu=cortex-m7 -std=gnu11 -g3 -DDEBUG -DUSE_HAL_DRIVER -DSTM32F746xx -c -I../Core/Inc -I../Drivers/STM32F7xx_HAL_Driver/Inc -I../Drivers/STM32F7xx_HAL_Driver/Inc/Legacy -I../Drivers/CMSIS/Device/ST/STM32F7xx/Include -I../Drivers/CMSIS/Include -I../Middlewares/Third_Party/FreeRTOS/Source/include -I../Middlewares/Third_Party/FreeRTOS/Source/CMSIS_RTOS_V2 -I../Middlewares/Third_Party/FreeRTOS/Source/portable/GCC/ARM_CM7/r0p1 -O0 -ffunction-sections -fdata-sections -Wall -fstack-usage -fcyclomatic-complexity -MMD -MP -MF"Core/Src/main.d" -MT"Core/Src/main.o" --specs=nano.specs -mfpu=fpv5-sp-d16 -mfloat-abi=hard -mthumb -o "Core/Src/main.o"
arm-none-eabi-gcc -o "SMAQProj.elf" @"objects.list"   -mcpu=cortex-m7 -T"C:\EECE\Senior Proj\SMAQ_REPO\SMAQ\Software\SMAQProj\STM32F746ZGTX_FLASH.ld" --specs=nosys.specs -Wl,-Map="SMAQProj.map" -Wl,--gc-sections -static --specs=nano.specs -mfpu=fpv5-sp-d16 -mfloat-abi=hard -mthumb -Wl,--start-group -lc -lm -Wl,--end-group
Finished building target: SMAQProj.elf
 
arm-none-eabi-size  SMAQProj.elf 
arm-none-eabi-objdump -h -S SMAQProj.elf  > "SMAQProj.list"
   text	   data	    bss	    dec	    hex	filename
  83624	   1028	  33632	 118284	  1ce0c	SMAQProj.elf
Finished building: default.size.stdout
 
Finished building: SMAQProj.list
 

12:52:07 Build Finished. 0 errors, 0 warnings. (took 2s.502ms)

