10:15:16 **** Incremental Build of configuration Debug for project SMAQProj ****
make -j24 all 
arm-none-eabi-size   SMAQProj.elf 
   text	   data	    bss	    dec	    hex	filename
  84024	   1028	  33632	 118684	  1cf9c	SMAQProj.elf
Finished building: default.size.stdout
 
10:15:20 **** Incremental Build of configuration Debug for project SMAQProj ****
make -j24 all 
arm-none-eabi-size   SMAQProj.elf 
   text	   data	    bss	    dec	    hex	filename
  84024	   1028	  33632	 118684	  1cf9c	SMAQProj.elf
Finished building: default.size.stdout
 
